[2021-05-21T17:19:49.237+0100][gc,heap] Heap region size: 1M
[2021-05-21T17:19:49.332+0100][gc     ] Using G1
[2021-05-21T17:19:49.332+0100][gc,heap,coops] Heap address: 0x00000000c0000000, size: 1024 MB, Compressed Oops mode: 32-bit
[2021-05-21T17:19:49.333+0100][gc,cds       ] Mark closed archive regions in map: [0x00000000fff00000, 0x00000000fff6aff8]
[2021-05-21T17:19:49.333+0100][gc,cds       ] Mark open archive regions in map: [0x00000000ffe00000, 0x00000000ffe46ff8]
[2021-05-21T17:19:58.070+0100][gc,start     ] GC(0) Pause Young (Normal) (G1 Evacuation Pause)
[2021-05-21T17:19:58.089+0100][gc,task      ] GC(0) Using 2 workers of 2 for evacuation
[2021-05-21T17:19:58.212+0100][gc,mmu       ] GC(0) MMU target violated: 21,0ms (20,0ms/21,0ms)
[2021-05-21T17:19:58.212+0100][gc,phases    ] GC(0)   Pre Evacuate Collection Set: 0,1ms
[2021-05-21T17:19:58.212+0100][gc,phases    ] GC(0)   Evacuate Collection Set: 122,1ms
[2021-05-21T17:19:58.212+0100][gc,phases    ] GC(0)   Post Evacuate Collection Set: 0,5ms
[2021-05-21T17:19:58.212+0100][gc,phases    ] GC(0)   Other: 18,9ms
[2021-05-21T17:19:58.212+0100][gc,heap      ] GC(0) Eden regions: 51->0(44)
[2021-05-21T17:19:58.212+0100][gc,heap      ] GC(0) Survivor regions: 0->7(7)
[2021-05-21T17:19:58.212+0100][gc,heap      ] GC(0) Old regions: 2->2
[2021-05-21T17:19:58.212+0100][gc,heap      ] GC(0) Humongous regions: 0->0
[2021-05-21T17:19:58.212+0100][gc,metaspace ] GC(0) Metaspace: 15590K->15590K(1062912K)
[2021-05-21T17:19:58.212+0100][gc           ] GC(0) Pause Young (Normal) (G1 Evacuation Pause) 51M->7M(1024M) 141,651ms
[2021-05-21T17:19:58.212+0100][gc,cpu       ] GC(0) User=0,02s Sys=0,02s Real=0,13s
[2021-05-21T17:20:00.812+0100][gc,start     ] GC(1) Pause Young (Concurrent Start) (Metadata GC Threshold)
[2021-05-21T17:20:00.812+0100][gc,task      ] GC(1) Using 2 workers of 2 for evacuation
[2021-05-21T17:20:00.870+0100][gc,mmu       ] GC(1) MMU target violated: 21,0ms (20,0ms/21,0ms)
[2021-05-21T17:20:00.870+0100][gc,phases    ] GC(1)   Pre Evacuate Collection Set: 0,1ms
[2021-05-21T17:20:00.870+0100][gc,phases    ] GC(1)   Evacuate Collection Set: 56,7ms
[2021-05-21T17:20:00.870+0100][gc,phases    ] GC(1)   Post Evacuate Collection Set: 0,6ms
[2021-05-21T17:20:00.870+0100][gc,phases    ] GC(1)   Other: 0,5ms
[2021-05-21T17:20:00.870+0100][gc,heap      ] GC(1) Eden regions: 21->0(50)
[2021-05-21T17:20:00.870+0100][gc,heap      ] GC(1) Survivor regions: 7->1(7)
[2021-05-21T17:20:00.870+0100][gc,heap      ] GC(1) Old regions: 2->9
[2021-05-21T17:20:00.870+0100][gc,heap      ] GC(1) Humongous regions: 0->0
[2021-05-21T17:20:00.870+0100][gc,metaspace ] GC(1) Metaspace: 20624K->20624K(1067008K)
[2021-05-21T17:20:00.870+0100][gc           ] GC(1) Pause Young (Concurrent Start) (Metadata GC Threshold) 27M->8M(1024M) 57,739ms
[2021-05-21T17:20:00.870+0100][gc,cpu       ] GC(1) User=0,02s Sys=0,01s Real=0,06s
[2021-05-21T17:20:00.870+0100][gc           ] GC(2) Concurrent Cycle
[2021-05-21T17:20:00.870+0100][gc,marking   ] GC(2) Concurrent Clear Claimed Marks
[2021-05-21T17:20:00.870+0100][gc,marking   ] GC(2) Concurrent Clear Claimed Marks 0,046ms
[2021-05-21T17:20:00.870+0100][gc,marking   ] GC(2) Concurrent Scan Root Regions
[2021-05-21T17:20:00.883+0100][gc,marking   ] GC(2) Concurrent Scan Root Regions 12,854ms
[2021-05-21T17:20:00.883+0100][gc,marking   ] GC(2) Concurrent Mark (11,674s)
[2021-05-21T17:20:00.883+0100][gc,marking   ] GC(2) Concurrent Mark From Roots
[2021-05-21T17:20:00.883+0100][gc,task      ] GC(2) Using 1 workers of 1 for marking
[2021-05-21T17:20:01.004+0100][gc,marking   ] GC(2) Concurrent Mark From Roots 121,212ms
[2021-05-21T17:20:01.004+0100][gc,marking   ] GC(2) Concurrent Preclean
[2021-05-21T17:20:01.005+0100][gc,marking   ] GC(2) Concurrent Preclean 0,387ms
[2021-05-21T17:20:01.005+0100][gc,marking   ] GC(2) Concurrent Mark (11,674s, 11,796s) 121,671ms
[2021-05-21T17:20:01.005+0100][gc,start     ] GC(2) Pause Remark
[2021-05-21T17:20:01.010+0100][gc,stringtable] GC(2) Cleaned string and symbol table, strings: 5142 processed, 0 removed, symbols: 50695 processed, 39 removed
[2021-05-21T17:20:01.011+0100][gc            ] GC(2) Pause Remark 9M->9M(1024M) 5,347ms
[2021-05-21T17:20:01.011+0100][gc,cpu        ] GC(2) User=0,00s Sys=0,00s Real=0,00s
[2021-05-21T17:20:01.011+0100][gc,marking    ] GC(2) Concurrent Rebuild Remembered Sets
[2021-05-21T17:20:01.017+0100][gc,marking    ] GC(2) Concurrent Rebuild Remembered Sets 6,320ms
[2021-05-21T17:20:01.018+0100][gc,start      ] GC(2) Pause Cleanup
[2021-05-21T17:20:01.018+0100][gc            ] GC(2) Pause Cleanup 9M->9M(1024M) 0,233ms
[2021-05-21T17:20:01.018+0100][gc,cpu        ] GC(2) User=0,00s Sys=0,00s Real=0,00s
[2021-05-21T17:20:01.018+0100][gc,marking    ] GC(2) Concurrent Cleanup for Next Mark
[2021-05-21T17:20:01.039+0100][gc,marking    ] GC(2) Concurrent Cleanup for Next Mark 20,432ms
[2021-05-21T17:20:01.039+0100][gc            ] GC(2) Concurrent Cycle 169,200ms
[2021-05-21T17:20:04.207+0100][gc,start      ] GC(3) Pause Young (Normal) (G1 Evacuation Pause)
[2021-05-21T17:20:04.207+0100][gc,task       ] GC(3) Using 2 workers of 2 for evacuation
[2021-05-21T17:20:04.241+0100][gc,mmu        ] GC(3) MMU target violated: 21,0ms (20,0ms/21,0ms)
[2021-05-21T17:20:04.241+0100][gc,phases     ] GC(3)   Pre Evacuate Collection Set: 0,0ms
[2021-05-21T17:20:04.241+0100][gc,phases     ] GC(3)   Evacuate Collection Set: 32,8ms
[2021-05-21T17:20:04.241+0100][gc,phases     ] GC(3)   Post Evacuate Collection Set: 0,8ms
[2021-05-21T17:20:04.241+0100][gc,phases     ] GC(3)   Other: 0,3ms
[2021-05-21T17:20:04.241+0100][gc,heap       ] GC(3) Eden regions: 50->0(46)
[2021-05-21T17:20:04.241+0100][gc,heap       ] GC(3) Survivor regions: 1->5(7)
[2021-05-21T17:20:04.241+0100][gc,heap       ] GC(3) Old regions: 9->9
[2021-05-21T17:20:04.241+0100][gc,heap       ] GC(3) Humongous regions: 129->129
[2021-05-21T17:20:04.241+0100][gc,metaspace  ] GC(3) Metaspace: 29837K->29837K(1077248K)
[2021-05-21T17:20:04.241+0100][gc            ] GC(3) Pause Young (Normal) (G1 Evacuation Pause) 187M->140M(1024M) 33,969ms
[2021-05-21T17:20:04.241+0100][gc,cpu        ] GC(3) User=0,02s Sys=0,03s Real=0,04s
[2021-05-21T17:20:05.199+0100][gc,start      ] GC(4) Pause Young (Concurrent Start) (Metadata GC Threshold)
[2021-05-21T17:20:05.199+0100][gc,task       ] GC(4) Using 2 workers of 2 for evacuation
[2021-05-21T17:20:05.219+0100][gc,mmu        ] GC(4) MMU target violated: 20,5ms (20,0ms/21,0ms)
[2021-05-21T17:20:05.219+0100][gc,phases     ] GC(4)   Pre Evacuate Collection Set: 0,1ms
[2021-05-21T17:20:05.219+0100][gc,phases     ] GC(4)   Evacuate Collection Set: 19,8ms
[2021-05-21T17:20:05.219+0100][gc,phases     ] GC(4)   Post Evacuate Collection Set: 0,4ms
[2021-05-21T17:20:05.220+0100][gc,phases     ] GC(4)   Other: 0,4ms
[2021-05-21T17:20:05.220+0100][gc,heap       ] GC(4) Eden regions: 22->0(45)
[2021-05-21T17:20:05.220+0100][gc,heap       ] GC(4) Survivor regions: 5->6(7)
[2021-05-21T17:20:05.220+0100][gc,heap       ] GC(4) Old regions: 9->9
[2021-05-21T17:20:05.220+0100][gc,heap       ] GC(4) Humongous regions: 129->129
[2021-05-21T17:20:05.220+0100][gc,metaspace  ] GC(4) Metaspace: 34776K->34776K(1081344K)
[2021-05-21T17:20:05.220+0100][gc            ] GC(4) Pause Young (Concurrent Start) (Metadata GC Threshold) 162M->142M(1024M) 20,682ms
[2021-05-21T17:20:05.220+0100][gc,cpu        ] GC(4) User=0,01s Sys=0,01s Real=0,02s
[2021-05-21T17:20:05.220+0100][gc            ] GC(5) Concurrent Cycle
[2021-05-21T17:20:05.220+0100][gc,marking    ] GC(5) Concurrent Clear Claimed Marks
[2021-05-21T17:20:05.220+0100][gc,marking    ] GC(5) Concurrent Clear Claimed Marks 0,093ms
[2021-05-21T17:20:05.220+0100][gc,marking    ] GC(5) Concurrent Scan Root Regions
[2021-05-21T17:20:05.228+0100][gc,marking    ] GC(5) Concurrent Scan Root Regions 8,629ms
[2021-05-21T17:20:05.228+0100][gc,marking    ] GC(5) Concurrent Mark (16,020s)
[2021-05-21T17:20:05.228+0100][gc,marking    ] GC(5) Concurrent Mark From Roots
[2021-05-21T17:20:05.228+0100][gc,task       ] GC(5) Using 1 workers of 1 for marking
[2021-05-21T17:20:05.548+0100][gc,marking    ] GC(5) Concurrent Mark From Roots 319,619ms
[2021-05-21T17:20:05.548+0100][gc,marking    ] GC(5) Concurrent Preclean
[2021-05-21T17:20:05.548+0100][gc,marking    ] GC(5) Concurrent Preclean 0,065ms
[2021-05-21T17:20:05.548+0100][gc,marking    ] GC(5) Concurrent Mark (16,020s, 16,340s) 319,755ms
[2021-05-21T17:20:05.548+0100][gc,start      ] GC(5) Pause Remark
[2021-05-21T17:20:05.565+0100][gc,stringtable] GC(5) Cleaned string and symbol table, strings: 10272 processed, 10 removed, symbols: 82547 processed, 11 removed
[2021-05-21T17:20:05.566+0100][gc            ] GC(5) Pause Remark 145M->145M(1024M) 17,213ms
[2021-05-21T17:20:05.566+0100][gc,cpu        ] GC(5) User=0,01s Sys=0,00s Real=0,01s
[2021-05-21T17:20:05.566+0100][gc,marking    ] GC(5) Concurrent Rebuild Remembered Sets
[2021-05-21T17:20:05.578+0100][gc,marking    ] GC(5) Concurrent Rebuild Remembered Sets 11,450ms
[2021-05-21T17:20:05.578+0100][gc,start      ] GC(5) Pause Cleanup
[2021-05-21T17:20:05.578+0100][gc            ] GC(5) Pause Cleanup 145M->145M(1024M) 0,225ms
[2021-05-21T17:20:05.578+0100][gc,cpu        ] GC(5) User=0,00s Sys=0,00s Real=0,00s
[2021-05-21T17:20:05.578+0100][gc,marking    ] GC(5) Concurrent Cleanup for Next Mark
[2021-05-21T17:20:06.006+0100][gc,marking    ] GC(5) Concurrent Cleanup for Next Mark 427,283ms
[2021-05-21T17:20:06.006+0100][gc            ] GC(5) Concurrent Cycle 786,155ms
[2021-05-21T17:24:32.299+0100][gc,start      ] GC(6) Pause Young (Normal) (G1 Evacuation Pause)
[2021-05-21T17:24:32.299+0100][gc,task       ] GC(6) Using 2 workers of 2 for evacuation
[2021-05-21T17:24:32.320+0100][gc,mmu        ] GC(6) MMU target violated: 20,9ms (20,0ms/21,0ms)
[2021-05-21T17:24:32.320+0100][gc,phases     ] GC(6)   Pre Evacuate Collection Set: 0,0ms
[2021-05-21T17:24:32.320+0100][gc,phases     ] GC(6)   Evacuate Collection Set: 20,2ms
[2021-05-21T17:24:32.320+0100][gc,phases     ] GC(6)   Post Evacuate Collection Set: 0,6ms
[2021-05-21T17:24:32.321+0100][gc,phases     ] GC(6)   Other: 0,3ms
[2021-05-21T17:24:32.321+0100][gc,heap       ] GC(6) Eden regions: 45->0(48)
[2021-05-21T17:24:32.321+0100][gc,heap       ] GC(6) Survivor regions: 6->3(7)
[2021-05-21T17:24:32.321+0100][gc,heap       ] GC(6) Old regions: 9->13
[2021-05-21T17:24:32.321+0100][gc,heap       ] GC(6) Humongous regions: 129->129
[2021-05-21T17:24:32.321+0100][gc,metaspace  ] GC(6) Metaspace: 39423K->39423K(1085440K)
[2021-05-21T17:24:32.321+0100][gc            ] GC(6) Pause Young (Normal) (G1 Evacuation Pause) 187M->142M(1024M) 21,217ms
[2021-05-21T17:24:32.321+0100][gc,cpu        ] GC(6) User=0,01s Sys=0,00s Real=0,01s
