[2021-05-22T18:50:25.016+0100][gc,heap] Heap region size: 1M
[2021-05-22T18:50:25.029+0100][gc     ] Using G1
[2021-05-22T18:50:25.029+0100][gc,heap,coops] Heap address: 0x00000000c0000000, size: 1024 MB, Compressed Oops mode: 32-bit
[2021-05-22T18:50:25.029+0100][gc,cds       ] Mark closed archive regions in map: [0x00000000fff00000, 0x00000000fff6aff8]
[2021-05-22T18:50:25.029+0100][gc,cds       ] Mark open archive regions in map: [0x00000000ffe00000, 0x00000000ffe46ff8]
[2021-05-22T18:50:27.722+0100][gc,start     ] GC(0) Pause Young (Normal) (G1 Evacuation Pause)
[2021-05-22T18:50:27.723+0100][gc,task      ] GC(0) Using 2 workers of 2 for evacuation
[2021-05-22T18:50:27.780+0100][gc,mmu       ] GC(0) MMU target violated: 21,0ms (20,0ms/21,0ms)
[2021-05-22T18:50:27.780+0100][gc,phases    ] GC(0)   Pre Evacuate Collection Set: 0,0ms
[2021-05-22T18:50:27.780+0100][gc,phases    ] GC(0)   Evacuate Collection Set: 55,5ms
[2021-05-22T18:50:27.780+0100][gc,phases    ] GC(0)   Post Evacuate Collection Set: 1,3ms
[2021-05-22T18:50:27.780+0100][gc,phases    ] GC(0)   Other: 1,1ms
[2021-05-22T18:50:27.780+0100][gc,heap      ] GC(0) Eden regions: 51->0(44)
[2021-05-22T18:50:27.780+0100][gc,heap      ] GC(0) Survivor regions: 0->7(7)
[2021-05-22T18:50:27.780+0100][gc,heap      ] GC(0) Old regions: 2->2
[2021-05-22T18:50:27.780+0100][gc,heap      ] GC(0) Humongous regions: 0->0
[2021-05-22T18:50:27.780+0100][gc,metaspace ] GC(0) Metaspace: 15551K->15551K(1062912K)
[2021-05-22T18:50:27.780+0100][gc           ] GC(0) Pause Young (Normal) (G1 Evacuation Pause) 51M->7M(1024M) 58,102ms
[2021-05-22T18:50:27.781+0100][gc,cpu       ] GC(0) User=0,02s Sys=0,09s Real=0,06s
[2021-05-22T18:50:28.469+0100][gc,start     ] GC(1) Pause Young (Concurrent Start) (Metadata GC Threshold)
[2021-05-22T18:50:28.469+0100][gc,task      ] GC(1) Using 2 workers of 2 for evacuation
[2021-05-22T18:50:28.535+0100][gc,mmu       ] GC(1) MMU target violated: 21,0ms (20,0ms/21,0ms)
[2021-05-22T18:50:28.535+0100][gc,phases    ] GC(1)   Pre Evacuate Collection Set: 0,1ms
[2021-05-22T18:50:28.535+0100][gc,phases    ] GC(1)   Evacuate Collection Set: 64,8ms
[2021-05-22T18:50:28.535+0100][gc,phases    ] GC(1)   Post Evacuate Collection Set: 0,4ms
[2021-05-22T18:50:28.535+0100][gc,phases    ] GC(1)   Other: 1,0ms
[2021-05-22T18:50:28.535+0100][gc,heap      ] GC(1) Eden regions: 21->0(50)
[2021-05-22T18:50:28.535+0100][gc,heap      ] GC(1) Survivor regions: 7->1(7)
[2021-05-22T18:50:28.535+0100][gc,heap      ] GC(1) Old regions: 2->9
[2021-05-22T18:50:28.535+0100][gc,heap      ] GC(1) Humongous regions: 0->0
[2021-05-22T18:50:28.535+0100][gc,metaspace ] GC(1) Metaspace: 20629K->20629K(1067008K)
[2021-05-22T18:50:28.535+0100][gc           ] GC(1) Pause Young (Concurrent Start) (Metadata GC Threshold) 27M->7M(1024M) 66,621ms
[2021-05-22T18:50:28.535+0100][gc,cpu       ] GC(1) User=0,02s Sys=0,10s Real=0,07s
[2021-05-22T18:50:28.537+0100][gc           ] GC(2) Concurrent Cycle
[2021-05-22T18:50:28.537+0100][gc,marking   ] GC(2) Concurrent Clear Claimed Marks
[2021-05-22T18:50:28.537+0100][gc,marking   ] GC(2) Concurrent Clear Claimed Marks 0,048ms
[2021-05-22T18:50:28.537+0100][gc,marking   ] GC(2) Concurrent Scan Root Regions
[2021-05-22T18:50:28.541+0100][gc,marking   ] GC(2) Concurrent Scan Root Regions 3,954ms
[2021-05-22T18:50:28.541+0100][gc,marking   ] GC(2) Concurrent Mark (3,532s)
[2021-05-22T18:50:28.541+0100][gc,marking   ] GC(2) Concurrent Mark From Roots
[2021-05-22T18:50:28.541+0100][gc,task      ] GC(2) Using 1 workers of 1 for marking
[2021-05-22T18:50:28.557+0100][gc,marking   ] GC(2) Concurrent Mark From Roots 15,870ms
[2021-05-22T18:50:28.557+0100][gc,marking   ] GC(2) Concurrent Preclean
[2021-05-22T18:50:28.557+0100][gc,marking   ] GC(2) Concurrent Preclean 0,107ms
[2021-05-22T18:50:28.557+0100][gc,marking   ] GC(2) Concurrent Mark (3,532s, 3,548s) 16,032ms
[2021-05-22T18:50:28.557+0100][gc,start     ] GC(2) Pause Remark
[2021-05-22T18:50:28.560+0100][gc,stringtable] GC(2) Cleaned string and symbol table, strings: 5122 processed, 0 removed, symbols: 50657 processed, 40 removed
[2021-05-22T18:50:28.560+0100][gc            ] GC(2) Pause Remark 8M->8M(1024M) 3,442ms
[2021-05-22T18:50:28.560+0100][gc,cpu        ] GC(2) User=0,00s Sys=0,01s Real=0,01s
[2021-05-22T18:50:28.560+0100][gc,marking    ] GC(2) Concurrent Rebuild Remembered Sets
[2021-05-22T18:50:28.569+0100][gc,marking    ] GC(2) Concurrent Rebuild Remembered Sets 8,530ms
[2021-05-22T18:50:28.573+0100][gc,start      ] GC(2) Pause Cleanup
[2021-05-22T18:50:28.574+0100][gc            ] GC(2) Pause Cleanup 8M->8M(1024M) 0,914ms
[2021-05-22T18:50:28.574+0100][gc,cpu        ] GC(2) User=0,00s Sys=0,00s Real=0,00s
[2021-05-22T18:50:28.574+0100][gc,marking    ] GC(2) Concurrent Cleanup for Next Mark
[2021-05-22T18:50:28.859+0100][gc,marking    ] GC(2) Concurrent Cleanup for Next Mark 285,242ms
[2021-05-22T18:50:28.859+0100][gc            ] GC(2) Concurrent Cycle 322,242ms
[2021-05-22T18:50:31.216+0100][gc,start      ] GC(3) Pause Young (Normal) (G1 Evacuation Pause)
[2021-05-22T18:50:31.216+0100][gc,task       ] GC(3) Using 2 workers of 2 for evacuation
[2021-05-22T18:50:31.230+0100][gc,phases     ] GC(3)   Pre Evacuate Collection Set: 0,1ms
[2021-05-22T18:50:31.230+0100][gc,phases     ] GC(3)   Evacuate Collection Set: 13,0ms
[2021-05-22T18:50:31.230+0100][gc,phases     ] GC(3)   Post Evacuate Collection Set: 0,4ms
[2021-05-22T18:50:31.230+0100][gc,phases     ] GC(3)   Other: 0,6ms
[2021-05-22T18:50:31.230+0100][gc,heap       ] GC(3) Eden regions: 50->0(46)
[2021-05-22T18:50:31.230+0100][gc,heap       ] GC(3) Survivor regions: 1->5(7)
[2021-05-22T18:50:31.230+0100][gc,heap       ] GC(3) Old regions: 9->9
[2021-05-22T18:50:31.230+0100][gc,heap       ] GC(3) Humongous regions: 129->129
[2021-05-22T18:50:31.230+0100][gc,metaspace  ] GC(3) Metaspace: 30242K->30242K(1077248K)
[2021-05-22T18:50:31.230+0100][gc            ] GC(3) Pause Young (Normal) (G1 Evacuation Pause) 186M->140M(1024M) 14,159ms
[2021-05-22T18:50:31.230+0100][gc,cpu        ] GC(3) User=0,01s Sys=0,01s Real=0,01s
[2021-05-22T18:50:58.672+0100][gc,start      ] GC(4) Pause Young (Concurrent Start) (Metadata GC Threshold)
[2021-05-22T18:50:58.672+0100][gc,task       ] GC(4) Using 2 workers of 2 for evacuation
[2021-05-22T18:50:58.740+0100][gc,mmu        ] GC(4) MMU target violated: 21,0ms (20,0ms/21,0ms)
[2021-05-22T18:50:58.740+0100][gc,phases     ] GC(4)   Pre Evacuate Collection Set: 0,1ms
[2021-05-22T18:50:58.740+0100][gc,phases     ] GC(4)   Evacuate Collection Set: 67,0ms
[2021-05-22T18:50:58.740+0100][gc,phases     ] GC(4)   Post Evacuate Collection Set: 0,4ms
[2021-05-22T18:50:58.740+0100][gc,phases     ] GC(4)   Other: 0,4ms
[2021-05-22T18:50:58.740+0100][gc,heap       ] GC(4) Eden regions: 21->0(49)
[2021-05-22T18:50:58.740+0100][gc,heap       ] GC(4) Survivor regions: 5->2(7)
[2021-05-22T18:50:58.740+0100][gc,heap       ] GC(4) Old regions: 9->13
[2021-05-22T18:50:58.740+0100][gc,heap       ] GC(4) Humongous regions: 129->129
[2021-05-22T18:50:58.740+0100][gc,metaspace  ] GC(4) Metaspace: 34578K->34578K(1081344K)
[2021-05-22T18:50:58.740+0100][gc            ] GC(4) Pause Young (Concurrent Start) (Metadata GC Threshold) 160M->142M(1024M) 67,927ms
[2021-05-22T18:50:58.740+0100][gc,cpu        ] GC(4) User=0,01s Sys=0,01s Real=0,04s
[2021-05-22T18:50:58.742+0100][gc            ] GC(5) Concurrent Cycle
[2021-05-22T18:50:58.742+0100][gc,marking    ] GC(5) Concurrent Clear Claimed Marks
[2021-05-22T18:50:58.742+0100][gc,marking    ] GC(5) Concurrent Clear Claimed Marks 0,093ms
[2021-05-22T18:50:58.742+0100][gc,marking    ] GC(5) Concurrent Scan Root Regions
[2021-05-22T18:50:58.746+0100][gc,marking    ] GC(5) Concurrent Scan Root Regions 4,143ms
[2021-05-22T18:50:58.746+0100][gc,marking    ] GC(5) Concurrent Mark (33,737s)
[2021-05-22T18:50:58.746+0100][gc,marking    ] GC(5) Concurrent Mark From Roots
[2021-05-22T18:50:58.746+0100][gc,task       ] GC(5) Using 1 workers of 1 for marking
[2021-05-22T18:50:58.873+0100][gc,marking    ] GC(5) Concurrent Mark From Roots 127,006ms
[2021-05-22T18:50:58.873+0100][gc,marking    ] GC(5) Concurrent Preclean
[2021-05-22T18:50:58.873+0100][gc,marking    ] GC(5) Concurrent Preclean 0,130ms
[2021-05-22T18:50:58.874+0100][gc,marking    ] GC(5) Concurrent Mark (33,737s, 33,865s) 127,271ms
[2021-05-22T18:50:58.875+0100][gc,start      ] GC(5) Pause Remark
[2021-05-22T18:50:58.881+0100][gc,stringtable] GC(5) Cleaned string and symbol table, strings: 10182 processed, 10 removed, symbols: 81067 processed, 8 removed
[2021-05-22T18:50:58.882+0100][gc            ] GC(5) Pause Remark 144M->144M(1024M) 6,900ms
[2021-05-22T18:50:58.882+0100][gc,cpu        ] GC(5) User=0,00s Sys=0,01s Real=0,00s
[2021-05-22T18:50:58.882+0100][gc,marking    ] GC(5) Concurrent Rebuild Remembered Sets
[2021-05-22T18:50:58.892+0100][gc,marking    ] GC(5) Concurrent Rebuild Remembered Sets 9,867ms
[2021-05-22T18:50:58.893+0100][gc,start      ] GC(5) Pause Cleanup
[2021-05-22T18:50:58.893+0100][gc            ] GC(5) Pause Cleanup 144M->144M(1024M) 0,612ms
[2021-05-22T18:50:58.893+0100][gc,cpu        ] GC(5) User=0,00s Sys=0,00s Real=0,00s
[2021-05-22T18:50:58.894+0100][gc,marking    ] GC(5) Concurrent Cleanup for Next Mark
[2021-05-22T18:50:58.934+0100][gc,marking    ] GC(5) Concurrent Cleanup for Next Mark 39,888ms
[2021-05-22T18:50:58.934+0100][gc            ] GC(5) Concurrent Cycle 192,397ms
[2021-05-22T19:11:06.864+0100][gc,start      ] GC(6) Pause Young (Normal) (G1 Evacuation Pause)
[2021-05-22T19:11:06.864+0100][gc,task       ] GC(6) Using 2 workers of 2 for evacuation
[2021-05-22T19:11:06.874+0100][gc,phases     ] GC(6)   Pre Evacuate Collection Set: 0,0ms
[2021-05-22T19:11:06.874+0100][gc,phases     ] GC(6)   Evacuate Collection Set: 9,4ms
[2021-05-22T19:11:06.874+0100][gc,phases     ] GC(6)   Post Evacuate Collection Set: 0,5ms
[2021-05-22T19:11:06.874+0100][gc,phases     ] GC(6)   Other: 0,5ms
[2021-05-22T19:11:06.874+0100][gc,heap       ] GC(6) Eden regions: 49->0(48)
[2021-05-22T19:11:06.874+0100][gc,heap       ] GC(6) Survivor regions: 2->3(7)
[2021-05-22T19:11:06.874+0100][gc,heap       ] GC(6) Old regions: 13->13
[2021-05-22T19:11:06.874+0100][gc,heap       ] GC(6) Humongous regions: 129->129
[2021-05-22T19:11:06.874+0100][gc,metaspace  ] GC(6) Metaspace: 38660K->38660K(1085440K)
[2021-05-22T19:11:06.874+0100][gc            ] GC(6) Pause Young (Normal) (G1 Evacuation Pause) 191M->142M(1024M) 10,507ms
[2021-05-22T19:11:06.874+0100][gc,cpu        ] GC(6) User=0,01s Sys=0,01s Real=0,00s
[2021-05-22T19:13:46.246+0100][gc,start      ] GC(7) Pause Young (Normal) (G1 Evacuation Pause)
[2021-05-22T19:13:46.246+0100][gc,task       ] GC(7) Using 2 workers of 2 for evacuation
[2021-05-22T19:13:46.256+0100][gc,phases     ] GC(7)   Pre Evacuate Collection Set: 0,0ms
[2021-05-22T19:13:46.256+0100][gc,phases     ] GC(7)   Evacuate Collection Set: 8,6ms
[2021-05-22T19:13:46.256+0100][gc,phases     ] GC(7)   Post Evacuate Collection Set: 1,4ms
[2021-05-22T19:13:46.256+0100][gc,phases     ] GC(7)   Other: 0,2ms
[2021-05-22T19:13:46.256+0100][gc,heap       ] GC(7) Eden regions: 48->0(46)
[2021-05-22T19:13:46.256+0100][gc,heap       ] GC(7) Survivor regions: 3->5(7)
[2021-05-22T19:13:46.256+0100][gc,heap       ] GC(7) Old regions: 13->13
[2021-05-22T19:13:46.256+0100][gc,heap       ] GC(7) Humongous regions: 129->129
[2021-05-22T19:13:46.256+0100][gc,metaspace  ] GC(7) Metaspace: 41525K->41525K(1087488K)
[2021-05-22T19:13:46.256+0100][gc            ] GC(7) Pause Young (Normal) (G1 Evacuation Pause) 190M->144M(1024M) 10,272ms
[2021-05-22T19:13:46.256+0100][gc,cpu        ] GC(7) User=0,01s Sys=0,00s Real=0,01s
[2021-05-22T19:43:53.288+0100][gc,start      ] GC(8) Pause Young (Normal) (G1 Evacuation Pause)
[2021-05-22T19:43:53.288+0100][gc,task       ] GC(8) Using 2 workers of 2 for evacuation
[2021-05-22T19:43:53.312+0100][gc,mmu        ] GC(8) MMU target violated: 21,0ms (20,0ms/21,0ms)
[2021-05-22T19:43:53.315+0100][gc,phases     ] GC(8)   Pre Evacuate Collection Set: 0,0ms
[2021-05-22T19:43:53.315+0100][gc,phases     ] GC(8)   Evacuate Collection Set: 22,2ms
[2021-05-22T19:43:53.315+0100][gc,phases     ] GC(8)   Post Evacuate Collection Set: 2,0ms
[2021-05-22T19:43:53.315+0100][gc,phases     ] GC(8)   Other: 2,8ms
[2021-05-22T19:43:53.315+0100][gc,heap       ] GC(8) Eden regions: 46->0(47)
[2021-05-22T19:43:53.315+0100][gc,heap       ] GC(8) Survivor regions: 5->4(7)
[2021-05-22T19:43:53.315+0100][gc,heap       ] GC(8) Old regions: 13->14
[2021-05-22T19:43:53.315+0100][gc,heap       ] GC(8) Humongous regions: 129->129
[2021-05-22T19:43:53.315+0100][gc,metaspace  ] GC(8) Metaspace: 41737K->41737K(1087488K)
[2021-05-22T19:43:53.315+0100][gc            ] GC(8) Pause Young (Normal) (G1 Evacuation Pause) 190M->145M(1024M) 27,071ms
[2021-05-22T19:43:53.315+0100][gc,cpu        ] GC(8) User=0,01s Sys=0,01s Real=0,03s
[2021-05-22T21:43:37.551+0100][gc,start      ] GC(9) Pause Young (Normal) (G1 Evacuation Pause)
[2021-05-22T21:43:37.551+0100][gc,task       ] GC(9) Using 2 workers of 2 for evacuation
[2021-05-22T21:43:37.571+0100][gc,phases     ] GC(9)   Pre Evacuate Collection Set: 0,2ms
[2021-05-22T21:43:37.571+0100][gc,phases     ] GC(9)   Evacuate Collection Set: 17,1ms
[2021-05-22T21:43:37.571+0100][gc,phases     ] GC(9)   Post Evacuate Collection Set: 2,1ms
[2021-05-22T21:43:37.571+0100][gc,phases     ] GC(9)   Other: 0,8ms
[2021-05-22T21:43:37.571+0100][gc,heap       ] GC(9) Eden regions: 47->0(47)
[2021-05-22T21:43:37.571+0100][gc,heap       ] GC(9) Survivor regions: 4->4(7)
[2021-05-22T21:43:37.571+0100][gc,heap       ] GC(9) Old regions: 14->14
[2021-05-22T21:43:37.571+0100][gc,heap       ] GC(9) Humongous regions: 129->129
[2021-05-22T21:43:37.571+0100][gc,metaspace  ] GC(9) Metaspace: 41860K->41860K(1087488K)
[2021-05-22T21:43:37.571+0100][gc            ] GC(9) Pause Young (Normal) (G1 Evacuation Pause) 192M->144M(1024M) 20,242ms
[2021-05-22T21:43:37.571+0100][gc,cpu        ] GC(9) User=0,02s Sys=0,00s Real=0,02s
[2021-05-22T22:18:18.414+0100][gc,start      ] GC(10) Pause Young (Normal) (G1 Evacuation Pause)
[2021-05-22T22:18:18.414+0100][gc,task       ] GC(10) Using 2 workers of 2 for evacuation
[2021-05-22T22:18:18.423+0100][gc,phases     ] GC(10)   Pre Evacuate Collection Set: 0,0ms
[2021-05-22T22:18:18.423+0100][gc,phases     ] GC(10)   Evacuate Collection Set: 7,7ms
[2021-05-22T22:18:18.423+0100][gc,phases     ] GC(10)   Post Evacuate Collection Set: 1,2ms
[2021-05-22T22:18:18.423+0100][gc,phases     ] GC(10)   Other: 0,4ms
[2021-05-22T22:18:18.423+0100][gc,heap       ] GC(10) Eden regions: 47->0(47)
[2021-05-22T22:18:18.423+0100][gc,heap       ] GC(10) Survivor regions: 4->4(7)
[2021-05-22T22:18:18.423+0100][gc,heap       ] GC(10) Old regions: 14->14
[2021-05-22T22:18:18.423+0100][gc,heap       ] GC(10) Humongous regions: 129->129
[2021-05-22T22:18:18.423+0100][gc,metaspace  ] GC(10) Metaspace: 41929K->41929K(1087488K)
[2021-05-22T22:18:18.423+0100][gc            ] GC(10) Pause Young (Normal) (G1 Evacuation Pause) 191M->145M(1024M) 9,376ms
[2021-05-22T22:18:18.423+0100][gc,cpu        ] GC(10) User=0,02s Sys=0,00s Real=0,00s
[2021-05-22T22:42:16.458+0100][gc,start      ] GC(11) Pause Young (Normal) (G1 Evacuation Pause)
[2021-05-22T22:42:16.458+0100][gc,task       ] GC(11) Using 2 workers of 2 for evacuation
[2021-05-22T22:42:16.469+0100][gc,phases     ] GC(11)   Pre Evacuate Collection Set: 0,0ms
[2021-05-22T22:42:16.469+0100][gc,phases     ] GC(11)   Evacuate Collection Set: 9,7ms
[2021-05-22T22:42:16.469+0100][gc,phases     ] GC(11)   Post Evacuate Collection Set: 0,8ms
[2021-05-22T22:42:16.469+0100][gc,phases     ] GC(11)   Other: 0,3ms
[2021-05-22T22:42:16.469+0100][gc,heap       ] GC(11) Eden regions: 47->0(47)
[2021-05-22T22:42:16.469+0100][gc,heap       ] GC(11) Survivor regions: 4->4(7)
[2021-05-22T22:42:16.469+0100][gc,heap       ] GC(11) Old regions: 14->14
[2021-05-22T22:42:16.469+0100][gc,heap       ] GC(11) Humongous regions: 129->129
[2021-05-22T22:42:16.469+0100][gc,metaspace  ] GC(11) Metaspace: 42204K->42204K(1087488K)
[2021-05-22T22:42:16.469+0100][gc            ] GC(11) Pause Young (Normal) (G1 Evacuation Pause) 192M->145M(1024M) 10,841ms
[2021-05-22T22:42:16.469+0100][gc,cpu        ] GC(11) User=0,01s Sys=0,00s Real=0,01s
[2021-05-22T22:43:07.135+0100][gc,start      ] GC(12) Pause Young (Normal) (G1 Evacuation Pause)
[2021-05-22T22:43:07.135+0100][gc,task       ] GC(12) Using 2 workers of 2 for evacuation
[2021-05-22T22:43:07.146+0100][gc,phases     ] GC(12)   Pre Evacuate Collection Set: 0,0ms
[2021-05-22T22:43:07.146+0100][gc,phases     ] GC(12)   Evacuate Collection Set: 8,7ms
[2021-05-22T22:43:07.146+0100][gc,phases     ] GC(12)   Post Evacuate Collection Set: 2,5ms
[2021-05-22T22:43:07.146+0100][gc,phases     ] GC(12)   Other: 0,3ms
[2021-05-22T22:43:07.146+0100][gc,heap       ] GC(12) Eden regions: 47->0(47)
[2021-05-22T22:43:07.146+0100][gc,heap       ] GC(12) Survivor regions: 4->4(7)
[2021-05-22T22:43:07.146+0100][gc,heap       ] GC(12) Old regions: 14->15
[2021-05-22T22:43:07.146+0100][gc,heap       ] GC(12) Humongous regions: 129->129
[2021-05-22T22:43:07.146+0100][gc,metaspace  ] GC(12) Metaspace: 42353K->42353K(1087488K)
[2021-05-22T22:43:07.146+0100][gc            ] GC(12) Pause Young (Normal) (G1 Evacuation Pause) 192M->146M(1024M) 11,551ms
[2021-05-22T22:43:07.146+0100][gc,cpu        ] GC(12) User=0,02s Sys=0,00s Real=0,01s
[2021-05-22T22:43:58.784+0100][gc,start      ] GC(13) Pause Young (Normal) (G1 Evacuation Pause)
[2021-05-22T22:43:58.784+0100][gc,task       ] GC(13) Using 2 workers of 2 for evacuation
[2021-05-22T22:43:58.802+0100][gc,phases     ] GC(13)   Pre Evacuate Collection Set: 0,1ms
[2021-05-22T22:43:58.802+0100][gc,phases     ] GC(13)   Evacuate Collection Set: 13,6ms
[2021-05-22T22:43:58.802+0100][gc,phases     ] GC(13)   Post Evacuate Collection Set: 4,5ms
[2021-05-22T22:43:58.802+0100][gc,phases     ] GC(13)   Other: 0,3ms
[2021-05-22T22:43:58.802+0100][gc,heap       ] GC(13) Eden regions: 47->0(46)
[2021-05-22T22:43:58.802+0100][gc,heap       ] GC(13) Survivor regions: 4->5(7)
[2021-05-22T22:43:58.802+0100][gc,heap       ] GC(13) Old regions: 15->15
[2021-05-22T22:43:58.802+0100][gc,heap       ] GC(13) Humongous regions: 129->129
[2021-05-22T22:43:58.802+0100][gc,metaspace  ] GC(13) Metaspace: 42534K->42534K(1087488K)
[2021-05-22T22:43:58.802+0100][gc            ] GC(13) Pause Young (Normal) (G1 Evacuation Pause) 193M->146M(1024M) 18,481ms
[2021-05-22T22:43:58.802+0100][gc,cpu        ] GC(13) User=0,02s Sys=0,01s Real=0,02s
[2021-05-22T22:44:50.249+0100][gc,start      ] GC(14) Pause Young (Normal) (G1 Evacuation Pause)
[2021-05-22T22:44:50.249+0100][gc,task       ] GC(14) Using 2 workers of 2 for evacuation
[2021-05-22T22:44:50.274+0100][gc,mmu        ] GC(14) MMU target violated: 21,0ms (20,0ms/21,0ms)
[2021-05-22T22:44:50.274+0100][gc,phases     ] GC(14)   Pre Evacuate Collection Set: 0,0ms
[2021-05-22T22:44:50.274+0100][gc,phases     ] GC(14)   Evacuate Collection Set: 21,9ms
[2021-05-22T22:44:50.274+0100][gc,phases     ] GC(14)   Post Evacuate Collection Set: 2,2ms
[2021-05-22T22:44:50.274+0100][gc,phases     ] GC(14)   Other: 0,8ms
[2021-05-22T22:44:50.274+0100][gc,heap       ] GC(14) Eden regions: 46->0(47)
[2021-05-22T22:44:50.274+0100][gc,heap       ] GC(14) Survivor regions: 5->4(7)
[2021-05-22T22:44:50.274+0100][gc,heap       ] GC(14) Old regions: 15->17
[2021-05-22T22:44:50.274+0100][gc,heap       ] GC(14) Humongous regions: 129->129
[2021-05-22T22:44:50.274+0100][gc,metaspace  ] GC(14) Metaspace: 42576K->42576K(1087488K)
[2021-05-22T22:44:50.274+0100][gc            ] GC(14) Pause Young (Normal) (G1 Evacuation Pause) 192M->147M(1024M) 24,928ms
[2021-05-22T22:44:50.274+0100][gc,cpu        ] GC(14) User=0,03s Sys=0,00s Real=0,03s
[2021-05-22T22:45:41.105+0100][gc,start      ] GC(15) Pause Young (Normal) (G1 Evacuation Pause)
[2021-05-22T22:45:41.106+0100][gc,task       ] GC(15) Using 2 workers of 2 for evacuation
[2021-05-22T22:45:41.125+0100][gc,phases     ] GC(15)   Pre Evacuate Collection Set: 0,0ms
[2021-05-22T22:45:41.125+0100][gc,phases     ] GC(15)   Evacuate Collection Set: 11,0ms
[2021-05-22T22:45:41.125+0100][gc,phases     ] GC(15)   Post Evacuate Collection Set: 7,9ms
[2021-05-22T22:45:41.125+0100][gc,phases     ] GC(15)   Other: 0,5ms
[2021-05-22T22:45:41.125+0100][gc,heap       ] GC(15) Eden regions: 47->0(47)
[2021-05-22T22:45:41.125+0100][gc,heap       ] GC(15) Survivor regions: 4->4(7)
[2021-05-22T22:45:41.125+0100][gc,heap       ] GC(15) Old regions: 17->17
[2021-05-22T22:45:41.125+0100][gc,heap       ] GC(15) Humongous regions: 129->129
[2021-05-22T22:45:41.125+0100][gc,metaspace  ] GC(15) Metaspace: 42607K->42607K(1087488K)
[2021-05-22T22:45:41.125+0100][gc            ] GC(15) Pause Young (Normal) (G1 Evacuation Pause) 194M->147M(1024M) 19,568ms
[2021-05-22T22:45:41.125+0100][gc,cpu        ] GC(15) User=0,02s Sys=0,00s Real=0,02s
[2021-05-22T22:46:35.587+0100][gc,start      ] GC(16) Pause Young (Normal) (G1 Evacuation Pause)
[2021-05-22T22:46:35.587+0100][gc,task       ] GC(16) Using 2 workers of 2 for evacuation
[2021-05-22T22:46:35.598+0100][gc,phases     ] GC(16)   Pre Evacuate Collection Set: 0,0ms
[2021-05-22T22:46:35.598+0100][gc,phases     ] GC(16)   Evacuate Collection Set: 8,8ms
[2021-05-22T22:46:35.598+0100][gc,phases     ] GC(16)   Post Evacuate Collection Set: 2,1ms
[2021-05-22T22:46:35.598+0100][gc,phases     ] GC(16)   Other: 0,4ms
[2021-05-22T22:46:35.598+0100][gc,heap       ] GC(16) Eden regions: 47->0(47)
[2021-05-22T22:46:35.599+0100][gc,heap       ] GC(16) Survivor regions: 4->4(7)
[2021-05-22T22:46:35.599+0100][gc,heap       ] GC(16) Old regions: 17->17
[2021-05-22T22:46:35.599+0100][gc,heap       ] GC(16) Humongous regions: 129->129
[2021-05-22T22:46:35.599+0100][gc,metaspace  ] GC(16) Metaspace: 42610K->42610K(1087488K)
[2021-05-22T22:46:35.599+0100][gc            ] GC(16) Pause Young (Normal) (G1 Evacuation Pause) 194M->147M(1024M) 11,711ms
[2021-05-22T22:46:35.599+0100][gc,cpu        ] GC(16) User=0,00s Sys=0,02s Real=0,01s
[2021-05-22T22:48:08.657+0100][gc,start      ] GC(17) Pause Young (Normal) (G1 Evacuation Pause)
[2021-05-22T22:48:08.657+0100][gc,task       ] GC(17) Using 2 workers of 2 for evacuation
[2021-05-22T22:48:08.666+0100][gc,phases     ] GC(17)   Pre Evacuate Collection Set: 0,0ms
[2021-05-22T22:48:08.666+0100][gc,phases     ] GC(17)   Evacuate Collection Set: 8,4ms
[2021-05-22T22:48:08.666+0100][gc,phases     ] GC(17)   Post Evacuate Collection Set: 0,9ms
[2021-05-22T22:48:08.666+0100][gc,phases     ] GC(17)   Other: 0,4ms
[2021-05-22T22:48:08.666+0100][gc,heap       ] GC(17) Eden regions: 47->0(48)
[2021-05-22T22:48:08.666+0100][gc,heap       ] GC(17) Survivor regions: 4->4(7)
[2021-05-22T22:48:08.666+0100][gc,heap       ] GC(17) Old regions: 17->17
[2021-05-22T22:48:08.666+0100][gc,heap       ] GC(17) Humongous regions: 129->129
[2021-05-22T22:48:08.666+0100][gc,metaspace  ] GC(17) Metaspace: 42613K->42613K(1087488K)
[2021-05-22T22:48:08.666+0100][gc            ] GC(17) Pause Young (Normal) (G1 Evacuation Pause) 194M->147M(1024M) 9,839ms
[2021-05-22T22:48:08.666+0100][gc,cpu        ] GC(17) User=0,02s Sys=0,00s Real=0,01s
[2021-05-22T22:50:37.185+0100][gc,start      ] GC(18) Pause Young (Normal) (G1 Evacuation Pause)
[2021-05-22T22:50:37.185+0100][gc,task       ] GC(18) Using 2 workers of 2 for evacuation
[2021-05-22T22:50:37.204+0100][gc,phases     ] GC(18)   Pre Evacuate Collection Set: 0,0ms
[2021-05-22T22:50:37.204+0100][gc,phases     ] GC(18)   Evacuate Collection Set: 17,8ms
[2021-05-22T22:50:37.204+0100][gc,phases     ] GC(18)   Post Evacuate Collection Set: 0,4ms
[2021-05-22T22:50:37.204+0100][gc,phases     ] GC(18)   Other: 0,6ms
[2021-05-22T22:50:37.204+0100][gc,heap       ] GC(18) Eden regions: 48->0(50)
[2021-05-22T22:50:37.204+0100][gc,heap       ] GC(18) Survivor regions: 4->5(7)
[2021-05-22T22:50:37.204+0100][gc,heap       ] GC(18) Old regions: 17->17
[2021-05-22T22:50:37.204+0100][gc,heap       ] GC(18) Humongous regions: 129->129
[2021-05-22T22:50:37.204+0100][gc,metaspace  ] GC(18) Metaspace: 42613K->42613K(1087488K)
[2021-05-22T22:50:37.204+0100][gc            ] GC(18) Pause Young (Normal) (G1 Evacuation Pause) 195M->148M(1024M) 18,907ms
[2021-05-22T22:50:37.204+0100][gc,cpu        ] GC(18) User=0,02s Sys=0,00s Real=0,02s
[2021-05-22T22:53:13.876+0100][gc,start      ] GC(19) Pause Young (Normal) (G1 Evacuation Pause)
[2021-05-22T22:53:13.876+0100][gc,task       ] GC(19) Using 2 workers of 2 for evacuation
[2021-05-22T22:53:13.884+0100][gc,phases     ] GC(19)   Pre Evacuate Collection Set: 0,0ms
[2021-05-22T22:53:13.884+0100][gc,phases     ] GC(19)   Evacuate Collection Set: 6,8ms
[2021-05-22T22:53:13.884+0100][gc,phases     ] GC(19)   Post Evacuate Collection Set: 0,7ms
[2021-05-22T22:53:13.884+0100][gc,phases     ] GC(19)   Other: 0,2ms
[2021-05-22T22:53:13.884+0100][gc,heap       ] GC(19) Eden regions: 50->0(53)
[2021-05-22T22:53:13.884+0100][gc,heap       ] GC(19) Survivor regions: 5->4(7)
[2021-05-22T22:53:13.884+0100][gc,heap       ] GC(19) Old regions: 17->18
[2021-05-22T22:53:13.884+0100][gc,heap       ] GC(19) Humongous regions: 129->129
[2021-05-22T22:53:13.884+0100][gc,metaspace  ] GC(19) Metaspace: 42613K->42613K(1087488K)
[2021-05-22T22:53:13.884+0100][gc            ] GC(19) Pause Young (Normal) (G1 Evacuation Pause) 198M->148M(1024M) 8,370ms
[2021-05-22T22:53:13.884+0100][gc,cpu        ] GC(19) User=0,01s Sys=0,02s Real=0,00s
[2021-05-22T22:55:59.806+0100][gc,start      ] GC(20) Pause Young (Normal) (G1 Evacuation Pause)
[2021-05-22T22:55:59.806+0100][gc,task       ] GC(20) Using 2 workers of 2 for evacuation
[2021-05-22T22:55:59.822+0100][gc,phases     ] GC(20)   Pre Evacuate Collection Set: 0,0ms
[2021-05-22T22:55:59.823+0100][gc,phases     ] GC(20)   Evacuate Collection Set: 15,1ms
[2021-05-22T22:55:59.823+0100][gc,phases     ] GC(20)   Post Evacuate Collection Set: 0,7ms
[2021-05-22T22:55:59.823+0100][gc,phases     ] GC(20)   Other: 0,3ms
[2021-05-22T22:55:59.823+0100][gc,heap       ] GC(20) Eden regions: 53->0(53)
[2021-05-22T22:55:59.823+0100][gc,heap       ] GC(20) Survivor regions: 4->6(8)
[2021-05-22T22:55:59.823+0100][gc,heap       ] GC(20) Old regions: 18->18
[2021-05-22T22:55:59.823+0100][gc,heap       ] GC(20) Humongous regions: 129->129
[2021-05-22T22:55:59.823+0100][gc,metaspace  ] GC(20) Metaspace: 42621K->42621K(1087488K)
[2021-05-22T22:55:59.823+0100][gc            ] GC(20) Pause Young (Normal) (G1 Evacuation Pause) 201M->150M(1024M) 17,291ms
[2021-05-22T22:55:59.823+0100][gc,cpu        ] GC(20) User=0,02s Sys=0,01s Real=0,01s
[2021-05-22T22:58:45.446+0100][gc,start      ] GC(21) Pause Young (Normal) (G1 Evacuation Pause)
[2021-05-22T22:58:45.446+0100][gc,task       ] GC(21) Using 2 workers of 2 for evacuation
[2021-05-22T22:58:45.462+0100][gc,phases     ] GC(21)   Pre Evacuate Collection Set: 0,0ms
[2021-05-22T22:58:45.462+0100][gc,phases     ] GC(21)   Evacuate Collection Set: 13,7ms
[2021-05-22T22:58:45.462+0100][gc,phases     ] GC(21)   Post Evacuate Collection Set: 1,8ms
[2021-05-22T22:58:45.462+0100][gc,phases     ] GC(21)   Other: 0,2ms
[2021-05-22T22:58:45.462+0100][gc,heap       ] GC(21) Eden regions: 53->0(54)
[2021-05-22T22:58:45.462+0100][gc,heap       ] GC(21) Survivor regions: 6->7(8)
[2021-05-22T22:58:45.462+0100][gc,heap       ] GC(21) Old regions: 18->19
[2021-05-22T22:58:45.462+0100][gc,heap       ] GC(21) Humongous regions: 129->129
[2021-05-22T22:58:45.462+0100][gc,metaspace  ] GC(21) Metaspace: 42621K->42621K(1087488K)
[2021-05-22T22:58:45.462+0100][gc            ] GC(21) Pause Young (Normal) (G1 Evacuation Pause) 203M->152M(1024M) 15,822ms
[2021-05-22T22:58:45.462+0100][gc,cpu        ] GC(21) User=0,02s Sys=0,01s Real=0,01s
[2021-05-22T23:01:35.318+0100][gc,start      ] GC(22) Pause Young (Normal) (G1 Evacuation Pause)
[2021-05-22T23:01:35.318+0100][gc,task       ] GC(22) Using 2 workers of 2 for evacuation
[2021-05-22T23:01:35.335+0100][gc,phases     ] GC(22)   Pre Evacuate Collection Set: 0,0ms
[2021-05-22T23:01:35.335+0100][gc,phases     ] GC(22)   Evacuate Collection Set: 15,0ms
[2021-05-22T23:01:35.335+0100][gc,phases     ] GC(22)   Post Evacuate Collection Set: 2,1ms
[2021-05-22T23:01:35.335+0100][gc,phases     ] GC(22)   Other: 0,2ms
[2021-05-22T23:01:35.335+0100][gc,heap       ] GC(22) Eden regions: 54->0(67)
[2021-05-22T23:01:35.335+0100][gc,heap       ] GC(22) Survivor regions: 7->4(8)
[2021-05-22T23:01:35.335+0100][gc,heap       ] GC(22) Old regions: 19->22
[2021-05-22T23:01:35.335+0100][gc,heap       ] GC(22) Humongous regions: 129->129
[2021-05-22T23:01:35.335+0100][gc,metaspace  ] GC(22) Metaspace: 42627K->42627K(1087488K)
[2021-05-22T23:01:35.335+0100][gc            ] GC(22) Pause Young (Normal) (G1 Evacuation Pause) 206M->153M(1024M) 17,560ms
[2021-05-22T23:01:35.335+0100][gc,cpu        ] GC(22) User=0,01s Sys=0,02s Real=0,02s
[2021-05-22T23:05:06.410+0100][gc,start      ] GC(23) Pause Young (Normal) (G1 Evacuation Pause)
[2021-05-22T23:05:06.410+0100][gc,task       ] GC(23) Using 2 workers of 2 for evacuation
[2021-05-22T23:05:06.428+0100][gc,phases     ] GC(23)   Pre Evacuate Collection Set: 0,0ms
[2021-05-22T23:05:06.428+0100][gc,phases     ] GC(23)   Evacuate Collection Set: 16,4ms
[2021-05-22T23:05:06.428+0100][gc,phases     ] GC(23)   Post Evacuate Collection Set: 0,7ms
[2021-05-22T23:05:06.428+0100][gc,phases     ] GC(23)   Other: 0,6ms
[2021-05-22T23:05:06.428+0100][gc,heap       ] GC(23) Eden regions: 67->0(67)
[2021-05-22T23:05:06.428+0100][gc,heap       ] GC(23) Survivor regions: 4->7(9)
[2021-05-22T23:05:06.428+0100][gc,heap       ] GC(23) Old regions: 22->22
[2021-05-22T23:05:06.428+0100][gc,heap       ] GC(23) Humongous regions: 129->129
[2021-05-22T23:05:06.428+0100][gc,metaspace  ] GC(23) Metaspace: 42627K->42627K(1087488K)
[2021-05-22T23:05:06.428+0100][gc            ] GC(23) Pause Young (Normal) (G1 Evacuation Pause) 220M->155M(1024M) 17,613ms
[2021-05-22T23:05:06.428+0100][gc,cpu        ] GC(23) User=0,02s Sys=0,01s Real=0,02s
[2021-05-22T23:08:34.806+0100][gc,start      ] GC(24) Pause Young (Normal) (G1 Evacuation Pause)
[2021-05-22T23:08:34.807+0100][gc,task       ] GC(24) Using 2 workers of 2 for evacuation
[2021-05-22T23:08:34.824+0100][gc,phases     ] GC(24)   Pre Evacuate Collection Set: 0,0ms
[2021-05-22T23:08:34.824+0100][gc,phases     ] GC(24)   Evacuate Collection Set: 14,9ms
[2021-05-22T23:08:34.824+0100][gc,phases     ] GC(24)   Post Evacuate Collection Set: 1,0ms
[2021-05-22T23:08:34.824+0100][gc,phases     ] GC(24)   Other: 1,8ms
[2021-05-22T23:08:34.824+0100][gc,heap       ] GC(24) Eden regions: 66->0(67)
[2021-05-22T23:08:34.824+0100][gc,heap       ] GC(24) Survivor regions: 7->8(10)
[2021-05-22T23:08:34.824+0100][gc,heap       ] GC(24) Old regions: 22->24
[2021-05-22T23:08:34.824+0100][gc,heap       ] GC(24) Humongous regions: 129->129
[2021-05-22T23:08:34.824+0100][gc,metaspace  ] GC(24) Metaspace: 42633K->42633K(1087488K)
[2021-05-22T23:08:34.824+0100][gc            ] GC(24) Pause Young (Normal) (G1 Evacuation Pause) 221M->158M(1024M) 17,811ms
[2021-05-22T23:08:34.824+0100][gc,cpu        ] GC(24) User=0,03s Sys=0,00s Real=0,01s
[2021-05-22T23:12:07.654+0100][gc,start      ] GC(25) Pause Young (Normal) (G1 Evacuation Pause)
[2021-05-22T23:12:07.654+0100][gc,task       ] GC(25) Using 2 workers of 2 for evacuation
[2021-05-22T23:12:07.707+0100][gc,mmu        ] GC(25) MMU target violated: 21,0ms (20,0ms/21,0ms)
[2021-05-22T23:12:07.707+0100][gc,phases     ] GC(25)   Pre Evacuate Collection Set: 0,0ms
[2021-05-22T23:12:07.707+0100][gc,phases     ] GC(25)   Evacuate Collection Set: 52,6ms
[2021-05-22T23:12:07.707+0100][gc,phases     ] GC(25)   Post Evacuate Collection Set: 0,4ms
[2021-05-22T23:12:07.707+0100][gc,phases     ] GC(25)   Other: 0,2ms
[2021-05-22T23:12:07.708+0100][gc,heap       ] GC(25) Eden regions: 67->0(46)
[2021-05-22T23:12:07.708+0100][gc,heap       ] GC(25) Survivor regions: 8->5(10)
[2021-05-22T23:12:07.708+0100][gc,heap       ] GC(25) Old regions: 24->27
[2021-05-22T23:12:07.708+0100][gc,heap       ] GC(25) Humongous regions: 129->129
[2021-05-22T23:12:07.708+0100][gc,metaspace  ] GC(25) Metaspace: 42633K->42633K(1087488K)
[2021-05-22T23:12:07.708+0100][gc            ] GC(25) Pause Young (Normal) (G1 Evacuation Pause) 225M->159M(1024M) 53,356ms
[2021-05-22T23:12:07.708+0100][gc,cpu        ] GC(25) User=0,02s Sys=0,02s Real=0,05s
[2021-05-22T23:14:34.381+0100][gc,start      ] GC(26) Pause Young (Normal) (G1 Evacuation Pause)
[2021-05-22T23:14:34.381+0100][gc,task       ] GC(26) Using 2 workers of 2 for evacuation
[2021-05-22T23:14:34.394+0100][gc,phases     ] GC(26)   Pre Evacuate Collection Set: 0,0ms
[2021-05-22T23:14:34.394+0100][gc,phases     ] GC(26)   Evacuate Collection Set: 12,0ms
[2021-05-22T23:14:34.394+0100][gc,phases     ] GC(26)   Post Evacuate Collection Set: 0,7ms
[2021-05-22T23:14:34.394+0100][gc,phases     ] GC(26)   Other: 0,2ms
[2021-05-22T23:14:34.394+0100][gc,heap       ] GC(26) Eden regions: 46->0(46)
[2021-05-22T23:14:34.394+0100][gc,heap       ] GC(26) Survivor regions: 5->5(7)
[2021-05-22T23:14:34.394+0100][gc,heap       ] GC(26) Old regions: 27->29
[2021-05-22T23:14:34.394+0100][gc,heap       ] GC(26) Humongous regions: 129->129
[2021-05-22T23:14:34.394+0100][gc,metaspace  ] GC(26) Metaspace: 42633K->42633K(1087488K)
[2021-05-22T23:14:34.394+0100][gc            ] GC(26) Pause Young (Normal) (G1 Evacuation Pause) 205M->161M(1024M) 13,071ms
[2021-05-22T23:14:34.394+0100][gc,cpu        ] GC(26) User=0,01s Sys=0,01s Real=0,02s
[2021-05-22T23:16:58.675+0100][gc,start      ] GC(27) Pause Young (Normal) (G1 Evacuation Pause)
[2021-05-22T23:16:58.675+0100][gc,task       ] GC(27) Using 2 workers of 2 for evacuation
[2021-05-22T23:16:58.706+0100][gc,mmu        ] GC(27) MMU target violated: 21,0ms (20,0ms/21,0ms)
[2021-05-22T23:16:58.706+0100][gc,phases     ] GC(27)   Pre Evacuate Collection Set: 0,0ms
[2021-05-22T23:16:58.706+0100][gc,phases     ] GC(27)   Evacuate Collection Set: 30,3ms
[2021-05-22T23:16:58.706+0100][gc,phases     ] GC(27)   Post Evacuate Collection Set: 0,3ms
[2021-05-22T23:16:58.706+0100][gc,phases     ] GC(27)   Other: 0,4ms
[2021-05-22T23:16:58.706+0100][gc,heap       ] GC(27) Eden regions: 46->0(46)
[2021-05-22T23:16:58.706+0100][gc,heap       ] GC(27) Survivor regions: 5->5(7)
[2021-05-22T23:16:58.706+0100][gc,heap       ] GC(27) Old regions: 29->32
[2021-05-22T23:16:58.706+0100][gc,heap       ] GC(27) Humongous regions: 129->129
[2021-05-22T23:16:58.706+0100][gc,metaspace  ] GC(27) Metaspace: 42633K->42633K(1087488K)
[2021-05-22T23:16:58.706+0100][gc            ] GC(27) Pause Young (Normal) (G1 Evacuation Pause) 207M->164M(1024M) 31,118ms
[2021-05-22T23:16:58.706+0100][gc,cpu        ] GC(27) User=0,03s Sys=0,00s Real=0,02s
[2021-05-22T23:19:24.118+0100][gc,start      ] GC(28) Pause Young (Normal) (G1 Evacuation Pause)
[2021-05-22T23:19:24.118+0100][gc,task       ] GC(28) Using 2 workers of 2 for evacuation
[2021-05-22T23:19:24.134+0100][gc,phases     ] GC(28)   Pre Evacuate Collection Set: 0,0ms
[2021-05-22T23:19:24.134+0100][gc,phases     ] GC(28)   Evacuate Collection Set: 14,6ms
[2021-05-22T23:19:24.134+0100][gc,phases     ] GC(28)   Post Evacuate Collection Set: 1,3ms
[2021-05-22T23:19:24.134+0100][gc,phases     ] GC(28)   Other: 0,2ms
[2021-05-22T23:19:24.134+0100][gc,heap       ] GC(28) Eden regions: 46->0(47)
[2021-05-22T23:19:24.134+0100][gc,heap       ] GC(28) Survivor regions: 5->4(7)
[2021-05-22T23:19:24.134+0100][gc,heap       ] GC(28) Old regions: 32->34
[2021-05-22T23:19:24.134+0100][gc,heap       ] GC(28) Humongous regions: 129->129
[2021-05-22T23:19:24.134+0100][gc,metaspace  ] GC(28) Metaspace: 42633K->42633K(1087488K)
[2021-05-22T23:19:24.134+0100][gc            ] GC(28) Pause Young (Normal) (G1 Evacuation Pause) 210M->164M(1024M) 16,261ms
[2021-05-22T23:19:24.135+0100][gc,cpu        ] GC(28) User=0,02s Sys=0,00s Real=0,02s
[2021-05-22T23:21:52.767+0100][gc,start      ] GC(29) Pause Young (Normal) (G1 Evacuation Pause)
[2021-05-22T23:21:52.767+0100][gc,task       ] GC(29) Using 2 workers of 2 for evacuation
[2021-05-22T23:21:52.783+0100][gc,phases     ] GC(29)   Pre Evacuate Collection Set: 0,0ms
[2021-05-22T23:21:52.783+0100][gc,phases     ] GC(29)   Evacuate Collection Set: 13,3ms
[2021-05-22T23:21:52.783+0100][gc,phases     ] GC(29)   Post Evacuate Collection Set: 1,8ms
[2021-05-22T23:21:52.783+0100][gc,phases     ] GC(29)   Other: 0,4ms
[2021-05-22T23:21:52.783+0100][gc,heap       ] GC(29) Eden regions: 47->0(47)
[2021-05-22T23:21:52.783+0100][gc,heap       ] GC(29) Survivor regions: 4->6(7)
[2021-05-22T23:21:52.783+0100][gc,heap       ] GC(29) Old regions: 34->34
[2021-05-22T23:21:52.783+0100][gc,heap       ] GC(29) Humongous regions: 129->129
[2021-05-22T23:21:52.783+0100][gc,metaspace  ] GC(29) Metaspace: 42635K->42635K(1087488K)
[2021-05-22T23:21:52.783+0100][gc            ] GC(29) Pause Young (Normal) (G1 Evacuation Pause) 211M->166M(1024M) 15,930ms
[2021-05-22T23:21:52.783+0100][gc,cpu        ] GC(29) User=0,01s Sys=0,01s Real=0,01s
[2021-05-22T23:24:16.986+0100][gc,start      ] GC(30) Pause Young (Normal) (G1 Evacuation Pause)
[2021-05-22T23:24:16.986+0100][gc,task       ] GC(30) Using 2 workers of 2 for evacuation
[2021-05-22T23:24:17.006+0100][gc,phases     ] GC(30)   Pre Evacuate Collection Set: 0,0ms
[2021-05-22T23:24:17.006+0100][gc,phases     ] GC(30)   Evacuate Collection Set: 17,6ms
[2021-05-22T23:24:17.006+0100][gc,phases     ] GC(30)   Post Evacuate Collection Set: 1,5ms
[2021-05-22T23:24:17.006+0100][gc,phases     ] GC(30)   Other: 0,6ms
[2021-05-22T23:24:17.006+0100][gc,heap       ] GC(30) Eden regions: 45->0(47)
[2021-05-22T23:24:17.006+0100][gc,heap       ] GC(30) Survivor regions: 6->5(7)
[2021-05-22T23:24:17.006+0100][gc,heap       ] GC(30) Old regions: 34->37
[2021-05-22T23:24:17.006+0100][gc,heap       ] GC(30) Humongous regions: 129->129
[2021-05-22T23:24:17.006+0100][gc,metaspace  ] GC(30) Metaspace: 42635K->42635K(1087488K)
[2021-05-22T23:24:17.006+0100][gc            ] GC(30) Pause Young (Normal) (G1 Evacuation Pause) 211M->168M(1024M) 19,821ms
[2021-05-22T23:24:17.006+0100][gc,cpu        ] GC(30) User=0,04s Sys=0,00s Real=0,02s
[2021-05-22T23:26:41.485+0100][gc,start      ] GC(31) Pause Young (Normal) (G1 Evacuation Pause)
[2021-05-22T23:26:41.485+0100][gc,task       ] GC(31) Using 2 workers of 2 for evacuation
[2021-05-22T23:26:41.498+0100][gc,phases     ] GC(31)   Pre Evacuate Collection Set: 0,0ms
[2021-05-22T23:26:41.498+0100][gc,phases     ] GC(31)   Evacuate Collection Set: 9,5ms
[2021-05-22T23:26:41.498+0100][gc,phases     ] GC(31)   Post Evacuate Collection Set: 2,7ms
[2021-05-22T23:26:41.498+0100][gc,phases     ] GC(31)   Other: 0,6ms
[2021-05-22T23:26:41.498+0100][gc,heap       ] GC(31) Eden regions: 46->0(58)
[2021-05-22T23:26:41.498+0100][gc,heap       ] GC(31) Survivor regions: 5->3(7)
[2021-05-22T23:26:41.498+0100][gc,heap       ] GC(31) Old regions: 37->39
[2021-05-22T23:26:41.498+0100][gc,heap       ] GC(31) Humongous regions: 129->129
[2021-05-22T23:26:41.498+0100][gc,metaspace  ] GC(31) Metaspace: 42635K->42635K(1087488K)
[2021-05-22T23:26:41.498+0100][gc            ] GC(31) Pause Young (Normal) (G1 Evacuation Pause) 214M->168M(1024M) 12,874ms
[2021-05-22T23:26:41.498+0100][gc,cpu        ] GC(31) User=0,01s Sys=0,01s Real=0,02s
[2021-05-22T23:29:44.460+0100][gc,start      ] GC(32) Pause Young (Normal) (G1 Evacuation Pause)
[2021-05-22T23:29:44.460+0100][gc,task       ] GC(32) Using 2 workers of 2 for evacuation
[2021-05-22T23:29:44.474+0100][gc,phases     ] GC(32)   Pre Evacuate Collection Set: 0,0ms
[2021-05-22T23:29:44.474+0100][gc,phases     ] GC(32)   Evacuate Collection Set: 12,3ms
[2021-05-22T23:29:44.474+0100][gc,phases     ] GC(32)   Post Evacuate Collection Set: 1,4ms
[2021-05-22T23:29:44.474+0100][gc,phases     ] GC(32)   Other: 0,2ms
[2021-05-22T23:29:44.474+0100][gc,heap       ] GC(32) Eden regions: 58->0(57)
[2021-05-22T23:29:44.474+0100][gc,heap       ] GC(32) Survivor regions: 3->6(8)
[2021-05-22T23:29:44.474+0100][gc,heap       ] GC(32) Old regions: 39->39
[2021-05-22T23:29:44.474+0100][gc,heap       ] GC(32) Humongous regions: 129->129
[2021-05-22T23:29:44.474+0100][gc,metaspace  ] GC(32) Metaspace: 42645K->42645K(1087488K)
[2021-05-22T23:29:44.474+0100][gc            ] GC(32) Pause Young (Normal) (G1 Evacuation Pause) 226M->171M(1024M) 14,045ms
[2021-05-22T23:29:44.474+0100][gc,cpu        ] GC(32) User=0,01s Sys=0,02s Real=0,02s
[2021-05-22T23:32:38.207+0100][gc,start      ] GC(33) Pause Young (Normal) (G1 Evacuation Pause)
[2021-05-22T23:32:38.207+0100][gc,task       ] GC(33) Using 2 workers of 2 for evacuation
[2021-05-22T23:32:38.225+0100][gc,phases     ] GC(33)   Pre Evacuate Collection Set: 0,0ms
[2021-05-22T23:32:38.225+0100][gc,phases     ] GC(33)   Evacuate Collection Set: 16,2ms
[2021-05-22T23:32:38.225+0100][gc,phases     ] GC(33)   Post Evacuate Collection Set: 1,0ms
[2021-05-22T23:32:38.225+0100][gc,phases     ] GC(33)   Other: 0,4ms
[2021-05-22T23:32:38.225+0100][gc,heap       ] GC(33) Eden regions: 55->0(57)
[2021-05-22T23:32:38.225+0100][gc,heap       ] GC(33) Survivor regions: 6->7(8)
[2021-05-22T23:32:38.225+0100][gc,heap       ] GC(33) Old regions: 39->40
[2021-05-22T23:32:38.225+0100][gc,heap       ] GC(33) Humongous regions: 129->129
[2021-05-22T23:32:38.225+0100][gc,metaspace  ] GC(33) Metaspace: 42645K->42645K(1087488K)
[2021-05-22T23:32:38.225+0100][gc            ] GC(33) Pause Young (Normal) (G1 Evacuation Pause) 226M->174M(1024M) 17,879ms
[2021-05-22T23:32:38.225+0100][gc,cpu        ] GC(33) User=0,02s Sys=0,01s Real=0,01s
[2021-05-22T23:35:38.082+0100][gc,start      ] GC(34) Pause Young (Normal) (G1 Evacuation Pause)
[2021-05-22T23:35:38.082+0100][gc,task       ] GC(34) Using 2 workers of 2 for evacuation
[2021-05-22T23:35:38.115+0100][gc,mmu        ] GC(34) MMU target violated: 21,0ms (20,0ms/21,0ms)
[2021-05-22T23:35:38.115+0100][gc,phases     ] GC(34)   Pre Evacuate Collection Set: 0,0ms
[2021-05-22T23:35:38.115+0100][gc,phases     ] GC(34)   Evacuate Collection Set: 32,2ms
[2021-05-22T23:35:38.115+0100][gc,phases     ] GC(34)   Post Evacuate Collection Set: 0,3ms
[2021-05-22T23:35:38.115+0100][gc,phases     ] GC(34)   Other: 0,2ms
[2021-05-22T23:35:38.115+0100][gc,heap       ] GC(34) Eden regions: 57->0(50)
[2021-05-22T23:35:38.115+0100][gc,heap       ] GC(34) Survivor regions: 7->4(8)
[2021-05-22T23:35:38.115+0100][gc,heap       ] GC(34) Old regions: 40->43
[2021-05-22T23:35:38.115+0100][gc,heap       ] GC(34) Humongous regions: 129->129
[2021-05-22T23:35:38.115+0100][gc,metaspace  ] GC(34) Metaspace: 42646K->42646K(1087488K)
[2021-05-22T23:35:38.115+0100][gc            ] GC(34) Pause Young (Normal) (G1 Evacuation Pause) 231M->174M(1024M) 32,811ms
[2021-05-22T23:35:38.115+0100][gc,cpu        ] GC(34) User=0,02s Sys=0,01s Real=0,01s
[2021-05-22T23:38:14.879+0100][gc,start      ] GC(35) Pause Young (Normal) (G1 Evacuation Pause)
[2021-05-22T23:38:14.879+0100][gc,task       ] GC(35) Using 2 workers of 2 for evacuation
[2021-05-22T23:38:14.895+0100][gc,phases     ] GC(35)   Pre Evacuate Collection Set: 0,0ms
[2021-05-22T23:38:14.895+0100][gc,phases     ] GC(35)   Evacuate Collection Set: 15,2ms
[2021-05-22T23:38:14.895+0100][gc,phases     ] GC(35)   Post Evacuate Collection Set: 0,3ms
[2021-05-22T23:38:14.895+0100][gc,phases     ] GC(35)   Other: 0,2ms
[2021-05-22T23:38:14.895+0100][gc,heap       ] GC(35) Eden regions: 50->0(51)
[2021-05-22T23:38:14.895+0100][gc,heap       ] GC(35) Survivor regions: 4->5(7)
[2021-05-22T23:38:14.895+0100][gc,heap       ] GC(35) Old regions: 43->45
[2021-05-22T23:38:14.895+0100][gc,heap       ] GC(35) Humongous regions: 129->129
[2021-05-22T23:38:14.895+0100][gc,metaspace  ] GC(35) Metaspace: 42646K->42646K(1087488K)
[2021-05-22T23:38:14.895+0100][gc            ] GC(35) Pause Young (Normal) (G1 Evacuation Pause) 224M->176M(1024M) 15,825ms
[2021-05-22T23:38:14.895+0100][gc,cpu        ] GC(35) User=0,02s Sys=0,00s Real=0,02s
[2021-05-22T23:40:52.689+0100][gc,start      ] GC(36) Pause Young (Normal) (G1 Evacuation Pause)
[2021-05-22T23:40:52.689+0100][gc,task       ] GC(36) Using 2 workers of 2 for evacuation
[2021-05-22T23:40:52.711+0100][gc,mmu        ] GC(36) MMU target violated: 21,0ms (20,0ms/21,0ms)
[2021-05-22T23:40:52.711+0100][gc,phases     ] GC(36)   Pre Evacuate Collection Set: 0,0ms
[2021-05-22T23:40:52.711+0100][gc,phases     ] GC(36)   Evacuate Collection Set: 21,4ms
[2021-05-22T23:40:52.711+0100][gc,phases     ] GC(36)   Post Evacuate Collection Set: 0,3ms
[2021-05-22T23:40:52.711+0100][gc,phases     ] GC(36)   Other: 0,6ms
[2021-05-22T23:40:52.711+0100][gc,heap       ] GC(36) Eden regions: 50->0(51)
[2021-05-22T23:40:52.711+0100][gc,heap       ] GC(36) Survivor regions: 5->5(7)
[2021-05-22T23:40:52.711+0100][gc,heap       ] GC(36) Old regions: 45->47
[2021-05-22T23:40:52.711+0100][gc,heap       ] GC(36) Humongous regions: 129->129
[2021-05-22T23:40:52.711+0100][gc,metaspace  ] GC(36) Metaspace: 42646K->42646K(1087488K)
[2021-05-22T23:40:52.711+0100][gc            ] GC(36) Pause Young (Normal) (G1 Evacuation Pause) 226M->178M(1024M) 22,389ms
[2021-05-22T23:40:52.711+0100][gc,cpu        ] GC(36) User=0,01s Sys=0,01s Real=0,02s
[2021-05-22T23:43:18.532+0100][gc,start      ] GC(37) Pause Young (Normal) (G1 Evacuation Pause)
[2021-05-22T23:43:18.532+0100][gc,task       ] GC(37) Using 2 workers of 2 for evacuation
[2021-05-22T23:43:18.550+0100][gc,phases     ] GC(37)   Pre Evacuate Collection Set: 0,0ms
[2021-05-22T23:43:18.550+0100][gc,phases     ] GC(37)   Evacuate Collection Set: 16,5ms
[2021-05-22T23:43:18.550+0100][gc,phases     ] GC(37)   Post Evacuate Collection Set: 0,3ms
[2021-05-22T23:43:18.550+0100][gc,phases     ] GC(37)   Other: 0,5ms
[2021-05-22T23:43:18.550+0100][gc,heap       ] GC(37) Eden regions: 50->0(50)
[2021-05-22T23:43:18.550+0100][gc,heap       ] GC(37) Survivor regions: 5->7(7)
[2021-05-22T23:43:18.550+0100][gc,heap       ] GC(37) Old regions: 47->49
[2021-05-22T23:43:18.550+0100][gc,heap       ] GC(37) Humongous regions: 129->129
[2021-05-22T23:43:18.550+0100][gc,metaspace  ] GC(37) Metaspace: 42649K->42649K(1087488K)
[2021-05-22T23:43:18.550+0100][gc            ] GC(37) Pause Young (Normal) (G1 Evacuation Pause) 228M->182M(1024M) 17,360ms
[2021-05-22T23:43:18.550+0100][gc,cpu        ] GC(37) User=0,02s Sys=0,02s Real=0,02s
[2021-05-22T23:45:43.266+0100][gc,start      ] GC(38) Pause Young (Normal) (G1 Evacuation Pause)
[2021-05-22T23:45:43.266+0100][gc,task       ] GC(38) Using 2 workers of 2 for evacuation
[2021-05-22T23:45:43.286+0100][gc,phases     ] GC(38)   Pre Evacuate Collection Set: 0,0ms
[2021-05-22T23:45:43.286+0100][gc,phases     ] GC(38)   Evacuate Collection Set: 16,7ms
[2021-05-22T23:45:43.286+0100][gc,phases     ] GC(38)   Post Evacuate Collection Set: 2,9ms
[2021-05-22T23:45:43.286+0100][gc,phases     ] GC(38)   Other: 0,4ms
[2021-05-22T23:45:43.286+0100][gc,heap       ] GC(38) Eden regions: 46->0(58)
[2021-05-22T23:45:43.286+0100][gc,heap       ] GC(38) Survivor regions: 7->2(7)
[2021-05-22T23:45:43.286+0100][gc,heap       ] GC(38) Old regions: 49->54
[2021-05-22T23:45:43.286+0100][gc,heap       ] GC(38) Humongous regions: 129->129
[2021-05-22T23:45:43.286+0100][gc,metaspace  ] GC(38) Metaspace: 42665K->42665K(1087488K)
[2021-05-22T23:45:43.286+0100][gc            ] GC(38) Pause Young (Normal) (G1 Evacuation Pause) 228M->182M(1024M) 20,079ms
[2021-05-22T23:45:43.286+0100][gc,cpu        ] GC(38) User=0,01s Sys=0,01s Real=0,02s
[2021-05-22T23:48:43.839+0100][gc,start      ] GC(39) Pause Young (Normal) (G1 Evacuation Pause)
[2021-05-22T23:48:43.839+0100][gc,task       ] GC(39) Using 2 workers of 2 for evacuation
[2021-05-22T23:48:43.850+0100][gc,phases     ] GC(39)   Pre Evacuate Collection Set: 0,0ms
[2021-05-22T23:48:43.850+0100][gc,phases     ] GC(39)   Evacuate Collection Set: 10,4ms
[2021-05-22T23:48:43.850+0100][gc,phases     ] GC(39)   Post Evacuate Collection Set: 0,8ms
[2021-05-22T23:48:43.850+0100][gc,phases     ] GC(39)   Other: 0,2ms
[2021-05-22T23:48:43.850+0100][gc,heap       ] GC(39) Eden regions: 58->0(58)
[2021-05-22T23:48:43.850+0100][gc,heap       ] GC(39) Survivor regions: 2->5(8)
[2021-05-22T23:48:43.850+0100][gc,heap       ] GC(39) Old regions: 54->54
[2021-05-22T23:48:43.850+0100][gc,heap       ] GC(39) Humongous regions: 129->129
[2021-05-22T23:48:43.850+0100][gc,metaspace  ] GC(39) Metaspace: 42665K->42665K(1087488K)
[2021-05-22T23:48:43.850+0100][gc            ] GC(39) Pause Young (Normal) (G1 Evacuation Pause) 240M->185M(1024M) 11,540ms
[2021-05-22T23:48:43.850+0100][gc,cpu        ] GC(39) User=0,02s Sys=0,00s Real=0,01s
[2021-05-22T23:51:45.842+0100][gc,start      ] GC(40) Pause Young (Normal) (G1 Evacuation Pause)
[2021-05-22T23:51:45.842+0100][gc,task       ] GC(40) Using 2 workers of 2 for evacuation
[2021-05-22T23:51:45.854+0100][gc,phases     ] GC(40)   Pre Evacuate Collection Set: 0,0ms
[2021-05-22T23:51:45.854+0100][gc,phases     ] GC(40)   Evacuate Collection Set: 9,0ms
[2021-05-22T23:51:45.854+0100][gc,phases     ] GC(40)   Post Evacuate Collection Set: 2,6ms
[2021-05-22T23:51:45.854+0100][gc,phases     ] GC(40)   Other: 0,4ms
[2021-05-22T23:51:45.854+0100][gc,heap       ] GC(40) Eden regions: 58->0(62)
[2021-05-22T23:51:45.854+0100][gc,heap       ] GC(40) Survivor regions: 5->5(8)
[2021-05-22T23:51:45.854+0100][gc,heap       ] GC(40) Old regions: 54->54
[2021-05-22T23:51:45.854+0100][gc,heap       ] GC(40) Humongous regions: 129->129
[2021-05-22T23:51:45.854+0100][gc,metaspace  ] GC(40) Metaspace: 42665K->42665K(1087488K)
[2021-05-22T23:51:45.854+0100][gc            ] GC(40) Pause Young (Normal) (G1 Evacuation Pause) 243M->186M(1024M) 12,090ms
[2021-05-22T23:51:45.854+0100][gc,cpu        ] GC(40) User=0,02s Sys=0,00s Real=0,02s
[2021-05-22T23:54:58.781+0100][gc,start      ] GC(41) Pause Young (Normal) (G1 Evacuation Pause)
[2021-05-22T23:54:58.781+0100][gc,task       ] GC(41) Using 2 workers of 2 for evacuation
[2021-05-22T23:54:58.801+0100][gc,phases     ] GC(41)   Pre Evacuate Collection Set: 0,0ms
[2021-05-22T23:54:58.801+0100][gc,phases     ] GC(41)   Evacuate Collection Set: 16,9ms
[2021-05-22T23:54:58.801+0100][gc,phases     ] GC(41)   Post Evacuate Collection Set: 2,2ms
[2021-05-22T23:54:58.801+0100][gc,phases     ] GC(41)   Other: 0,7ms
[2021-05-22T23:54:58.801+0100][gc,heap       ] GC(41) Eden regions: 60->0(60)
[2021-05-22T23:54:58.801+0100][gc,heap       ] GC(41) Survivor regions: 5->7(9)
[2021-05-22T23:54:58.801+0100][gc,heap       ] GC(41) Old regions: 54->54
[2021-05-22T23:54:58.801+0100][gc,heap       ] GC(41) Humongous regions: 129->129
[2021-05-22T23:54:58.801+0100][gc,metaspace  ] GC(41) Metaspace: 42665K->42665K(1087488K)
[2021-05-22T23:54:58.801+0100][gc            ] GC(41) Pause Young (Normal) (G1 Evacuation Pause) 246M->188M(1024M) 20,046ms
[2021-05-22T23:54:58.801+0100][gc,cpu        ] GC(41) User=0,02s Sys=0,01s Real=0,02s
[2021-05-22T23:58:06.593+0100][gc,start      ] GC(42) Pause Young (Normal) (G1 Evacuation Pause)
[2021-05-22T23:58:06.593+0100][gc,task       ] GC(42) Using 2 workers of 2 for evacuation
[2021-05-22T23:58:06.617+0100][gc,mmu        ] GC(42) MMU target violated: 21,0ms (20,0ms/21,0ms)
[2021-05-22T23:58:06.617+0100][gc,phases     ] GC(42)   Pre Evacuate Collection Set: 0,0ms
[2021-05-22T23:58:06.617+0100][gc,phases     ] GC(42)   Evacuate Collection Set: 20,3ms
[2021-05-22T23:58:06.617+0100][gc,phases     ] GC(42)   Post Evacuate Collection Set: 3,8ms
[2021-05-22T23:58:06.617+0100][gc,phases     ] GC(42)   Other: 0,3ms
[2021-05-22T23:58:06.617+0100][gc,heap       ] GC(42) Eden regions: 58->0(55)
[2021-05-22T23:58:06.617+0100][gc,heap       ] GC(42) Survivor regions: 7->7(9)
[2021-05-22T23:58:06.617+0100][gc,heap       ] GC(42) Old regions: 54->57
[2021-05-22T23:58:06.617+0100][gc,heap       ] GC(42) Humongous regions: 129->129
[2021-05-22T23:58:06.617+0100][gc,metaspace  ] GC(42) Metaspace: 42670K->42670K(1087488K)
[2021-05-22T23:58:06.617+0100][gc            ] GC(42) Pause Young (Normal) (G1 Evacuation Pause) 246M->191M(1024M) 24,461ms
[2021-05-22T23:58:06.617+0100][gc,cpu        ] GC(42) User=0,03s Sys=0,02s Real=0,03s
[2021-05-23T00:01:04.551+0100][gc,start      ] GC(43) Pause Young (Normal) (G1 Evacuation Pause)
[2021-05-23T00:01:04.551+0100][gc,task       ] GC(43) Using 2 workers of 2 for evacuation
[2021-05-23T00:01:04.597+0100][gc,mmu        ] GC(43) MMU target violated: 21,0ms (20,0ms/21,0ms)
[2021-05-23T00:01:04.597+0100][gc,phases     ] GC(43)   Pre Evacuate Collection Set: 0,0ms
[2021-05-23T00:01:04.597+0100][gc,phases     ] GC(43)   Evacuate Collection Set: 44,9ms
[2021-05-23T00:01:04.597+0100][gc,phases     ] GC(43)   Post Evacuate Collection Set: 0,4ms
[2021-05-23T00:01:04.597+0100][gc,phases     ] GC(43)   Other: 0,7ms
[2021-05-23T00:01:04.597+0100][gc,heap       ] GC(43) Eden regions: 55->0(47)
[2021-05-23T00:01:04.597+0100][gc,heap       ] GC(43) Survivor regions: 7->4(8)
[2021-05-23T00:01:04.597+0100][gc,heap       ] GC(43) Old regions: 57->60
[2021-05-23T00:01:04.597+0100][gc,heap       ] GC(43) Humongous regions: 129->129
[2021-05-23T00:01:04.597+0100][gc,metaspace  ] GC(43) Metaspace: 42671K->42671K(1087488K)
[2021-05-23T00:01:04.597+0100][gc            ] GC(43) Pause Young (Normal) (G1 Evacuation Pause) 246M->191M(1024M) 46,174ms
[2021-05-23T00:01:04.597+0100][gc,cpu        ] GC(43) User=0,02s Sys=0,01s Real=0,03s
[2021-05-23T00:03:36.691+0100][gc,start      ] GC(44) Pause Young (Normal) (G1 Evacuation Pause)
[2021-05-23T00:03:36.691+0100][gc,task       ] GC(44) Using 2 workers of 2 for evacuation
[2021-05-23T00:03:36.745+0100][gc,mmu        ] GC(44) MMU target violated: 21,0ms (20,0ms/21,0ms)
[2021-05-23T00:03:36.745+0100][gc,phases     ] GC(44)   Pre Evacuate Collection Set: 0,0ms
[2021-05-23T00:03:36.745+0100][gc,phases     ] GC(44)   Evacuate Collection Set: 53,9ms
[2021-05-23T00:03:36.745+0100][gc,phases     ] GC(44)   Post Evacuate Collection Set: 0,5ms
[2021-05-23T00:03:36.745+0100][gc,phases     ] GC(44)   Other: 0,4ms
[2021-05-23T00:03:36.745+0100][gc,heap       ] GC(44) Eden regions: 47->0(46)
[2021-05-23T00:03:36.745+0100][gc,heap       ] GC(44) Survivor regions: 4->5(7)
[2021-05-23T00:03:36.745+0100][gc,heap       ] GC(44) Old regions: 60->62
[2021-05-23T00:03:36.745+0100][gc,heap       ] GC(44) Humongous regions: 129->129
[2021-05-23T00:03:36.745+0100][gc,metaspace  ] GC(44) Metaspace: 42671K->42671K(1087488K)
[2021-05-23T00:03:36.746+0100][gc            ] GC(44) Pause Young (Normal) (G1 Evacuation Pause) 238M->194M(1024M) 54,815ms
[2021-05-23T00:03:36.746+0100][gc,cpu        ] GC(44) User=0,04s Sys=0,03s Real=0,05s
[2021-05-23T00:06:04.810+0100][gc,start      ] GC(45) Pause Young (Normal) (G1 Evacuation Pause)
[2021-05-23T00:06:04.810+0100][gc,task       ] GC(45) Using 2 workers of 2 for evacuation
[2021-05-23T00:06:04.836+0100][gc,mmu        ] GC(45) MMU target violated: 21,0ms (20,0ms/21,0ms)
[2021-05-23T00:06:04.838+0100][gc,phases     ] GC(45)   Pre Evacuate Collection Set: 0,0ms
[2021-05-23T00:06:04.838+0100][gc,phases     ] GC(45)   Evacuate Collection Set: 24,3ms
[2021-05-23T00:06:04.838+0100][gc,phases     ] GC(45)   Post Evacuate Collection Set: 0,7ms
[2021-05-23T00:06:04.838+0100][gc,phases     ] GC(45)   Other: 2,8ms
[2021-05-23T00:06:04.838+0100][gc,heap       ] GC(45) Eden regions: 46->0(47)
[2021-05-23T00:06:04.838+0100][gc,heap       ] GC(45) Survivor regions: 5->4(7)
[2021-05-23T00:06:04.838+0100][gc,heap       ] GC(45) Old regions: 62->64
[2021-05-23T00:06:04.838+0100][gc,heap       ] GC(45) Humongous regions: 129->129
[2021-05-23T00:06:04.838+0100][gc,metaspace  ] GC(45) Metaspace: 42671K->42671K(1087488K)
[2021-05-23T00:06:04.838+0100][gc            ] GC(45) Pause Young (Normal) (G1 Evacuation Pause) 240M->195M(1024M) 27,938ms
[2021-05-23T00:06:04.838+0100][gc,cpu        ] GC(45) User=0,01s Sys=0,01s Real=0,03s
[2021-05-23T00:08:37.555+0100][gc,start      ] GC(46) Pause Young (Normal) (G1 Evacuation Pause)
[2021-05-23T00:08:37.555+0100][gc,task       ] GC(46) Using 2 workers of 2 for evacuation
[2021-05-23T00:08:37.583+0100][gc,mmu        ] GC(46) MMU target violated: 21,0ms (20,0ms/21,0ms)
[2021-05-23T00:08:37.583+0100][gc,phases     ] GC(46)   Pre Evacuate Collection Set: 0,0ms
[2021-05-23T00:08:37.583+0100][gc,phases     ] GC(46)   Evacuate Collection Set: 27,2ms
[2021-05-23T00:08:37.583+0100][gc,phases     ] GC(46)   Post Evacuate Collection Set: 0,3ms
[2021-05-23T00:08:37.583+0100][gc,phases     ] GC(46)   Other: 1,1ms
[2021-05-23T00:08:37.583+0100][gc,heap       ] GC(46) Eden regions: 47->0(47)
[2021-05-23T00:08:37.583+0100][gc,heap       ] GC(46) Survivor regions: 4->4(7)
[2021-05-23T00:08:37.583+0100][gc,heap       ] GC(46) Old regions: 64->67
[2021-05-23T00:08:37.583+0100][gc,heap       ] GC(46) Humongous regions: 129->129
[2021-05-23T00:08:37.583+0100][gc,metaspace  ] GC(46) Metaspace: 42671K->42671K(1087488K)
[2021-05-23T00:08:37.583+0100][gc            ] GC(46) Pause Young (Normal) (G1 Evacuation Pause) 242M->197M(1024M) 28,601ms
[2021-05-23T00:08:37.583+0100][gc,cpu        ] GC(46) User=0,00s Sys=0,02s Real=0,01s
[2021-05-23T00:11:09.090+0100][gc,start      ] GC(47) Pause Young (Normal) (G1 Evacuation Pause)
[2021-05-23T00:11:09.090+0100][gc,task       ] GC(47) Using 2 workers of 2 for evacuation
[2021-05-23T00:11:09.102+0100][gc,phases     ] GC(47)   Pre Evacuate Collection Set: 0,0ms
[2021-05-23T00:11:09.102+0100][gc,phases     ] GC(47)   Evacuate Collection Set: 11,5ms
[2021-05-23T00:11:09.102+0100][gc,phases     ] GC(47)   Post Evacuate Collection Set: 0,4ms
[2021-05-23T00:11:09.102+0100][gc,phases     ] GC(47)   Other: 0,5ms
[2021-05-23T00:11:09.102+0100][gc,heap       ] GC(47) Eden regions: 47->0(47)
[2021-05-23T00:11:09.102+0100][gc,heap       ] GC(47) Survivor regions: 4->4(7)
[2021-05-23T00:11:09.102+0100][gc,heap       ] GC(47) Old regions: 67->68
[2021-05-23T00:11:09.102+0100][gc,heap       ] GC(47) Humongous regions: 129->129
[2021-05-23T00:11:09.102+0100][gc,metaspace  ] GC(47) Metaspace: 42674K->42674K(1087488K)
[2021-05-23T00:11:09.102+0100][gc            ] GC(47) Pause Young (Normal) (G1 Evacuation Pause) 244M->199M(1024M) 12,512ms
[2021-05-23T00:11:09.102+0100][gc,cpu        ] GC(47) User=0,01s Sys=0,02s Real=0,01s
[2021-05-23T00:13:39.355+0100][gc,start      ] GC(48) Pause Young (Normal) (G1 Evacuation Pause)
[2021-05-23T00:13:39.355+0100][gc,task       ] GC(48) Using 2 workers of 2 for evacuation
[2021-05-23T00:13:39.397+0100][gc,mmu        ] GC(48) MMU target violated: 21,0ms (20,0ms/21,0ms)
[2021-05-23T00:13:39.397+0100][gc,phases     ] GC(48)   Pre Evacuate Collection Set: 0,0ms
[2021-05-23T00:13:39.397+0100][gc,phases     ] GC(48)   Evacuate Collection Set: 40,3ms
[2021-05-23T00:13:39.397+0100][gc,phases     ] GC(48)   Post Evacuate Collection Set: 0,8ms
[2021-05-23T00:13:39.397+0100][gc,phases     ] GC(48)   Other: 0,3ms
[2021-05-23T00:13:39.397+0100][gc,heap       ] GC(48) Eden regions: 47->0(45)
[2021-05-23T00:13:39.397+0100][gc,heap       ] GC(48) Survivor regions: 4->6(7)
[2021-05-23T00:13:39.397+0100][gc,heap       ] GC(48) Old regions: 68->68
[2021-05-23T00:13:39.397+0100][gc,heap       ] GC(48) Humongous regions: 129->129
[2021-05-23T00:13:39.397+0100][gc,metaspace  ] GC(48) Metaspace: 42674K->42674K(1087488K)
[2021-05-23T00:13:39.397+0100][gc            ] GC(48) Pause Young (Normal) (G1 Evacuation Pause) 246M->201M(1024M) 41,562ms
[2021-05-23T00:13:39.397+0100][gc,cpu        ] GC(48) User=0,04s Sys=0,00s Real=0,04s
[2021-05-23T00:14:59.906+0100][gc,start      ] GC(49) Pause Young (Normal) (G1 Evacuation Pause)
[2021-05-23T00:14:59.906+0100][gc,task       ] GC(49) Using 2 workers of 2 for evacuation
[2021-05-23T00:14:59.940+0100][gc,mmu        ] GC(49) MMU target violated: 21,0ms (20,0ms/21,0ms)
[2021-05-23T00:14:59.941+0100][gc,phases     ] GC(49)   Pre Evacuate Collection Set: 0,0ms
[2021-05-23T00:14:59.941+0100][gc,phases     ] GC(49)   Evacuate Collection Set: 29,8ms
[2021-05-23T00:14:59.941+0100][gc,phases     ] GC(49)   Post Evacuate Collection Set: 4,7ms
[2021-05-23T00:14:59.941+0100][gc,phases     ] GC(49)   Other: 1,0ms
[2021-05-23T00:14:59.941+0100][gc,heap       ] GC(49) Eden regions: 45->0(46)
[2021-05-23T00:14:59.941+0100][gc,heap       ] GC(49) Survivor regions: 6->5(7)
[2021-05-23T00:14:59.941+0100][gc,heap       ] GC(49) Old regions: 68->71
[2021-05-23T00:14:59.941+0100][gc,heap       ] GC(49) Humongous regions: 129->129
[2021-05-23T00:14:59.941+0100][gc,metaspace  ] GC(49) Metaspace: 42674K->42674K(1087488K)
[2021-05-23T00:14:59.941+0100][gc            ] GC(49) Pause Young (Normal) (G1 Evacuation Pause) 246M->202M(1024M) 35,155ms
[2021-05-23T00:14:59.941+0100][gc,cpu        ] GC(49) User=0,00s Sys=0,04s Real=0,03s
[2021-05-23T00:15:54.803+0100][gc,start      ] GC(50) Pause Young (Normal) (G1 Evacuation Pause)
[2021-05-23T00:15:54.803+0100][gc,task       ] GC(50) Using 2 workers of 2 for evacuation
[2021-05-23T00:15:54.816+0100][gc,phases     ] GC(50)   Pre Evacuate Collection Set: 0,0ms
[2021-05-23T00:15:54.818+0100][gc,phases     ] GC(50)   Evacuate Collection Set: 10,7ms
[2021-05-23T00:15:54.818+0100][gc,phases     ] GC(50)   Post Evacuate Collection Set: 1,5ms
[2021-05-23T00:15:54.818+0100][gc,phases     ] GC(50)   Other: 0,8ms
[2021-05-23T00:15:54.818+0100][gc,heap       ] GC(50) Eden regions: 46->0(47)
[2021-05-23T00:15:54.818+0100][gc,heap       ] GC(50) Survivor regions: 5->4(7)
[2021-05-23T00:15:54.818+0100][gc,heap       ] GC(50) Old regions: 71->73
[2021-05-23T00:15:54.818+0100][gc,heap       ] GC(50) Humongous regions: 129->129
[2021-05-23T00:15:54.818+0100][gc,metaspace  ] GC(50) Metaspace: 42674K->42674K(1087488K)
[2021-05-23T00:15:54.818+0100][gc            ] GC(50) Pause Young (Normal) (G1 Evacuation Pause) 248M->203M(1024M) 14,416ms
[2021-05-23T00:15:54.818+0100][gc,cpu        ] GC(50) User=0,01s Sys=0,01s Real=0,02s
[2021-05-23T00:16:47.220+0100][gc,start      ] GC(51) Pause Young (Normal) (G1 Evacuation Pause)
[2021-05-23T00:16:47.220+0100][gc,task       ] GC(51) Using 2 workers of 2 for evacuation
[2021-05-23T00:16:47.311+0100][gc,mmu        ] GC(51) MMU target violated: 21,0ms (20,0ms/21,0ms)
[2021-05-23T00:16:47.311+0100][gc,phases     ] GC(51)   Pre Evacuate Collection Set: 0,1ms
[2021-05-23T00:16:47.311+0100][gc,phases     ] GC(51)   Evacuate Collection Set: 85,7ms
[2021-05-23T00:16:47.311+0100][gc,phases     ] GC(51)   Post Evacuate Collection Set: 4,9ms
[2021-05-23T00:16:47.311+0100][gc,phases     ] GC(51)   Other: 0,9ms
[2021-05-23T00:16:47.311+0100][gc,heap       ] GC(51) Eden regions: 47->0(46)
[2021-05-23T00:16:47.311+0100][gc,heap       ] GC(51) Survivor regions: 4->5(7)
[2021-05-23T00:16:47.311+0100][gc,heap       ] GC(51) Old regions: 73->73
[2021-05-23T00:16:47.311+0100][gc,heap       ] GC(51) Humongous regions: 129->129
[2021-05-23T00:16:47.311+0100][gc,metaspace  ] GC(51) Metaspace: 42674K->42674K(1087488K)
[2021-05-23T00:16:47.311+0100][gc            ] GC(51) Pause Young (Normal) (G1 Evacuation Pause) 250M->204M(1024M) 91,643ms
[2021-05-23T00:16:47.311+0100][gc,cpu        ] GC(51) User=0,04s Sys=0,02s Real=0,09s
[2021-05-23T00:17:39.790+0100][gc,start      ] GC(52) Pause Young (Normal) (G1 Evacuation Pause)
[2021-05-23T00:17:39.790+0100][gc,task       ] GC(52) Using 2 workers of 2 for evacuation
[2021-05-23T00:17:39.820+0100][gc,mmu        ] GC(52) MMU target violated: 21,0ms (20,0ms/21,0ms)
[2021-05-23T00:17:39.822+0100][gc,phases     ] GC(52)   Pre Evacuate Collection Set: 0,0ms
[2021-05-23T00:17:39.822+0100][gc,phases     ] GC(52)   Evacuate Collection Set: 28,1ms
[2021-05-23T00:17:39.822+0100][gc,phases     ] GC(52)   Post Evacuate Collection Set: 2,0ms
[2021-05-23T00:17:39.822+0100][gc,phases     ] GC(52)   Other: 2,0ms
[2021-05-23T00:17:39.822+0100][gc,heap       ] GC(52) Eden regions: 46->0(47)
[2021-05-23T00:17:39.822+0100][gc,heap       ] GC(52) Survivor regions: 5->4(7)
[2021-05-23T00:17:39.822+0100][gc,heap       ] GC(52) Old regions: 73->74
[2021-05-23T00:17:39.822+0100][gc,heap       ] GC(52) Humongous regions: 129->129
[2021-05-23T00:17:39.822+0100][gc,metaspace  ] GC(52) Metaspace: 42674K->42674K(1087488K)
[2021-05-23T00:17:39.822+0100][gc            ] GC(52) Pause Young (Normal) (G1 Evacuation Pause) 250M->205M(1024M) 32,294ms
[2021-05-23T00:17:39.822+0100][gc,cpu        ] GC(52) User=0,02s Sys=0,02s Real=0,03s
[2021-05-23T00:18:34.634+0100][gc,start      ] GC(53) Pause Young (Normal) (G1 Evacuation Pause)
[2021-05-23T00:18:34.634+0100][gc,task       ] GC(53) Using 2 workers of 2 for evacuation
[2021-05-23T00:18:34.653+0100][gc,phases     ] GC(53)   Pre Evacuate Collection Set: 0,0ms
[2021-05-23T00:18:34.653+0100][gc,phases     ] GC(53)   Evacuate Collection Set: 16,0ms
[2021-05-23T00:18:34.653+0100][gc,phases     ] GC(53)   Post Evacuate Collection Set: 2,7ms
[2021-05-23T00:18:34.653+0100][gc,phases     ] GC(53)   Other: 0,2ms
[2021-05-23T00:18:34.653+0100][gc,heap       ] GC(53) Eden regions: 47->0(46)
[2021-05-23T00:18:34.653+0100][gc,heap       ] GC(53) Survivor regions: 4->5(7)
[2021-05-23T00:18:34.653+0100][gc,heap       ] GC(53) Old regions: 74->74
[2021-05-23T00:18:34.653+0100][gc,heap       ] GC(53) Humongous regions: 129->129
[2021-05-23T00:18:34.653+0100][gc,metaspace  ] GC(53) Metaspace: 42674K->42674K(1087488K)
[2021-05-23T00:18:34.653+0100][gc            ] GC(53) Pause Young (Normal) (G1 Evacuation Pause) 252M->206M(1024M) 19,014ms
[2021-05-23T00:18:34.653+0100][gc,cpu        ] GC(53) User=0,02s Sys=0,01s Real=0,01s
[2021-05-23T00:27:45.190+0100][gc,start      ] GC(54) Pause Young (Normal) (G1 Evacuation Pause)
[2021-05-23T00:27:45.190+0100][gc,task       ] GC(54) Using 2 workers of 2 for evacuation
[2021-05-23T00:27:45.217+0100][gc,mmu        ] GC(54) MMU target violated: 21,0ms (20,0ms/21,0ms)
[2021-05-23T00:27:45.217+0100][gc,phases     ] GC(54)   Pre Evacuate Collection Set: 0,0ms
[2021-05-23T00:27:45.217+0100][gc,phases     ] GC(54)   Evacuate Collection Set: 26,2ms
[2021-05-23T00:27:45.217+0100][gc,phases     ] GC(54)   Post Evacuate Collection Set: 0,5ms
[2021-05-23T00:27:45.217+0100][gc,phases     ] GC(54)   Other: 0,5ms
[2021-05-23T00:27:45.217+0100][gc,heap       ] GC(54) Eden regions: 46->0(47)
[2021-05-23T00:27:45.217+0100][gc,heap       ] GC(54) Survivor regions: 5->4(7)
[2021-05-23T00:27:45.217+0100][gc,heap       ] GC(54) Old regions: 74->77
[2021-05-23T00:27:45.217+0100][gc,heap       ] GC(54) Humongous regions: 129->129
[2021-05-23T00:27:45.217+0100][gc,metaspace  ] GC(54) Metaspace: 42675K->42675K(1087488K)
[2021-05-23T00:27:45.217+0100][gc            ] GC(54) Pause Young (Normal) (G1 Evacuation Pause) 252M->207M(1024M) 27,259ms
[2021-05-23T00:27:45.217+0100][gc,cpu        ] GC(54) User=0,03s Sys=0,00s Real=0,03s
[2021-05-23T01:01:39.802+0100][gc,start      ] GC(55) Pause Young (Normal) (G1 Evacuation Pause)
[2021-05-23T01:01:39.802+0100][gc,task       ] GC(55) Using 2 workers of 2 for evacuation
[2021-05-23T01:01:39.814+0100][gc,phases     ] GC(55)   Pre Evacuate Collection Set: 0,0ms
[2021-05-23T01:01:39.814+0100][gc,phases     ] GC(55)   Evacuate Collection Set: 11,1ms
[2021-05-23T01:01:39.814+0100][gc,phases     ] GC(55)   Post Evacuate Collection Set: 1,3ms
[2021-05-23T01:01:39.815+0100][gc,phases     ] GC(55)   Other: 0,2ms
[2021-05-23T01:01:39.815+0100][gc,heap       ] GC(55) Eden regions: 47->0(47)
[2021-05-23T01:01:39.815+0100][gc,heap       ] GC(55) Survivor regions: 4->4(7)
[2021-05-23T01:01:39.815+0100][gc,heap       ] GC(55) Old regions: 77->77
[2021-05-23T01:01:39.815+0100][gc,heap       ] GC(55) Humongous regions: 129->129
[2021-05-23T01:01:39.815+0100][gc,metaspace  ] GC(55) Metaspace: 42691K->42691K(1087488K)
[2021-05-23T01:01:39.815+0100][gc            ] GC(55) Pause Young (Normal) (G1 Evacuation Pause) 254M->207M(1024M) 12,745ms
[2021-05-23T01:01:39.815+0100][gc,cpu        ] GC(55) User=0,02s Sys=0,00s Real=0,02s
[2021-05-23T01:30:20.275+0100][gc,start      ] GC(56) Pause Young (Normal) (G1 Evacuation Pause)
[2021-05-23T01:30:20.275+0100][gc,task       ] GC(56) Using 2 workers of 2 for evacuation
[2021-05-23T01:30:20.292+0100][gc,phases     ] GC(56)   Pre Evacuate Collection Set: 0,0ms
[2021-05-23T01:30:20.292+0100][gc,phases     ] GC(56)   Evacuate Collection Set: 16,0ms
[2021-05-23T01:30:20.292+0100][gc,phases     ] GC(56)   Post Evacuate Collection Set: 0,3ms
[2021-05-23T01:30:20.292+0100][gc,phases     ] GC(56)   Other: 0,7ms
[2021-05-23T01:30:20.292+0100][gc,heap       ] GC(56) Eden regions: 47->0(48)
[2021-05-23T01:30:20.292+0100][gc,heap       ] GC(56) Survivor regions: 4->3(7)
[2021-05-23T01:30:20.292+0100][gc,heap       ] GC(56) Old regions: 77->78
[2021-05-23T01:30:20.292+0100][gc,heap       ] GC(56) Humongous regions: 129->129
[2021-05-23T01:30:20.292+0100][gc,metaspace  ] GC(56) Metaspace: 43342K->43342K(1089536K)
[2021-05-23T01:30:20.292+0100][gc            ] GC(56) Pause Young (Normal) (G1 Evacuation Pause) 254M->207M(1024M) 17,190ms
[2021-05-23T01:30:20.292+0100][gc,cpu        ] GC(56) User=0,01s Sys=0,01s Real=0,00s
[2021-05-23T01:30:20.308+0100][gc,heap,exit  ] Heap
[2021-05-23T01:30:20.308+0100][gc,heap,exit  ]  garbage-first heap   total 1048576K, used 212699K [0x00000000c0000000, 0x0000000100000000)
[2021-05-23T01:30:20.308+0100][gc,heap,exit  ]   region size 1024K, 4 young (4096K), 3 survivors (3072K)
[2021-05-23T01:30:20.308+0100][gc,heap,exit  ]  Metaspace       used 43371K, capacity 45717K, committed 45952K, reserved 1089536K
[2021-05-23T01:30:20.308+0100][gc,heap,exit  ]   class space    used 5181K, capacity 6232K, committed 6272K, reserved 1048576K
