[2021-05-24T09:27:29.080+0100][gc,heap] Heap region size: 1M
[2021-05-24T09:27:29.097+0100][gc     ] Using G1
[2021-05-24T09:27:29.097+0100][gc,heap,coops] Heap address: 0x00000000c0000000, size: 1024 MB, Compressed Oops mode: 32-bit
[2021-05-24T09:27:29.097+0100][gc,cds       ] Mark closed archive regions in map: [0x00000000fff00000, 0x00000000fff6aff8]
[2021-05-24T09:27:29.097+0100][gc,cds       ] Mark open archive regions in map: [0x00000000ffe00000, 0x00000000ffe46ff8]
[2021-05-24T09:27:31.653+0100][gc,start     ] GC(0) Pause Young (Normal) (G1 Evacuation Pause)
[2021-05-24T09:27:31.654+0100][gc,task      ] GC(0) Using 2 workers of 2 for evacuation
[2021-05-24T09:27:31.672+0100][gc,phases    ] GC(0)   Pre Evacuate Collection Set: 0,0ms
[2021-05-24T09:27:31.672+0100][gc,phases    ] GC(0)   Evacuate Collection Set: 16,9ms
[2021-05-24T09:27:31.672+0100][gc,phases    ] GC(0)   Post Evacuate Collection Set: 1,0ms
[2021-05-24T09:27:31.672+0100][gc,phases    ] GC(0)   Other: 1,0ms
[2021-05-24T09:27:31.672+0100][gc,heap      ] GC(0) Eden regions: 51->0(44)
[2021-05-24T09:27:31.672+0100][gc,heap      ] GC(0) Survivor regions: 0->7(7)
[2021-05-24T09:27:31.672+0100][gc,heap      ] GC(0) Old regions: 2->2
[2021-05-24T09:27:31.672+0100][gc,heap      ] GC(0) Humongous regions: 0->0
[2021-05-24T09:27:31.672+0100][gc,metaspace ] GC(0) Metaspace: 15610K->15610K(1062912K)
[2021-05-24T09:27:31.672+0100][gc           ] GC(0) Pause Young (Normal) (G1 Evacuation Pause) 51M->7M(1024M) 19,014ms
[2021-05-24T09:27:31.672+0100][gc,cpu       ] GC(0) User=0,02s Sys=0,01s Real=0,02s
[2021-05-24T09:27:32.367+0100][gc,start     ] GC(1) Pause Young (Concurrent Start) (Metadata GC Threshold)
[2021-05-24T09:27:32.367+0100][gc,task      ] GC(1) Using 2 workers of 2 for evacuation
[2021-05-24T09:27:32.388+0100][gc,mmu       ] GC(1) MMU target violated: 20,7ms (20,0ms/21,0ms)
[2021-05-24T09:27:32.388+0100][gc,phases    ] GC(1)   Pre Evacuate Collection Set: 0,1ms
[2021-05-24T09:27:32.388+0100][gc,phases    ] GC(1)   Evacuate Collection Set: 20,0ms
[2021-05-24T09:27:32.388+0100][gc,phases    ] GC(1)   Post Evacuate Collection Set: 0,4ms
[2021-05-24T09:27:32.388+0100][gc,phases    ] GC(1)   Other: 0,3ms
[2021-05-24T09:27:32.388+0100][gc,heap      ] GC(1) Eden regions: 21->0(50)
[2021-05-24T09:27:32.388+0100][gc,heap      ] GC(1) Survivor regions: 7->1(7)
[2021-05-24T09:27:32.388+0100][gc,heap      ] GC(1) Old regions: 2->9
[2021-05-24T09:27:32.388+0100][gc,heap      ] GC(1) Humongous regions: 0->0
[2021-05-24T09:27:32.388+0100][gc,metaspace ] GC(1) Metaspace: 20643K->20643K(1067008K)
[2021-05-24T09:27:32.388+0100][gc           ] GC(1) Pause Young (Concurrent Start) (Metadata GC Threshold) 27M->7M(1024M) 20,904ms
[2021-05-24T09:27:32.388+0100][gc,cpu       ] GC(1) User=0,02s Sys=0,03s Real=0,02s
[2021-05-24T09:27:32.388+0100][gc           ] GC(2) Concurrent Cycle
[2021-05-24T09:27:32.388+0100][gc,marking   ] GC(2) Concurrent Clear Claimed Marks
[2021-05-24T09:27:32.388+0100][gc,marking   ] GC(2) Concurrent Clear Claimed Marks 0,044ms
[2021-05-24T09:27:32.388+0100][gc,marking   ] GC(2) Concurrent Scan Root Regions
[2021-05-24T09:27:32.390+0100][gc,marking   ] GC(2) Concurrent Scan Root Regions 1,950ms
[2021-05-24T09:27:32.390+0100][gc,marking   ] GC(2) Concurrent Mark (3,322s)
[2021-05-24T09:27:32.390+0100][gc,marking   ] GC(2) Concurrent Mark From Roots
[2021-05-24T09:27:32.390+0100][gc,task      ] GC(2) Using 1 workers of 1 for marking
[2021-05-24T09:27:32.405+0100][gc,marking   ] GC(2) Concurrent Mark From Roots 14,451ms
[2021-05-24T09:27:32.405+0100][gc,marking   ] GC(2) Concurrent Preclean
[2021-05-24T09:27:32.405+0100][gc,marking   ] GC(2) Concurrent Preclean 0,208ms
[2021-05-24T09:27:32.405+0100][gc,marking   ] GC(2) Concurrent Mark (3,322s, 3,337s) 14,745ms
[2021-05-24T09:27:32.405+0100][gc,start     ] GC(2) Pause Remark
[2021-05-24T09:27:32.408+0100][gc,stringtable] GC(2) Cleaned string and symbol table, strings: 5125 processed, 0 removed, symbols: 50667 processed, 39 removed
[2021-05-24T09:27:32.409+0100][gc            ] GC(2) Pause Remark 8M->8M(1024M) 3,630ms
[2021-05-24T09:27:32.409+0100][gc,cpu        ] GC(2) User=0,00s Sys=0,00s Real=0,01s
[2021-05-24T09:27:32.409+0100][gc,marking    ] GC(2) Concurrent Rebuild Remembered Sets
[2021-05-24T09:27:32.418+0100][gc,marking    ] GC(2) Concurrent Rebuild Remembered Sets 8,215ms
[2021-05-24T09:27:32.418+0100][gc,start      ] GC(2) Pause Cleanup
[2021-05-24T09:27:32.419+0100][gc            ] GC(2) Pause Cleanup 8M->8M(1024M) 0,433ms
[2021-05-24T09:27:32.419+0100][gc,cpu        ] GC(2) User=0,00s Sys=0,00s Real=0,00s
[2021-05-24T09:27:32.419+0100][gc,marking    ] GC(2) Concurrent Cleanup for Next Mark
[2021-05-24T09:27:32.440+0100][gc,marking    ] GC(2) Concurrent Cleanup for Next Mark 21,380ms
[2021-05-24T09:27:32.440+0100][gc            ] GC(2) Concurrent Cycle 52,028ms
[2021-05-24T09:27:34.013+0100][gc,start      ] GC(3) Pause Young (Normal) (G1 Evacuation Pause)
[2021-05-24T09:27:34.013+0100][gc,task       ] GC(3) Using 2 workers of 2 for evacuation
[2021-05-24T09:27:34.035+0100][gc,mmu        ] GC(3) MMU target violated: 21,0ms (20,0ms/21,0ms)
[2021-05-24T09:27:34.035+0100][gc,phases     ] GC(3)   Pre Evacuate Collection Set: 0,0ms
[2021-05-24T09:27:34.035+0100][gc,phases     ] GC(3)   Evacuate Collection Set: 21,2ms
[2021-05-24T09:27:34.035+0100][gc,phases     ] GC(3)   Post Evacuate Collection Set: 0,4ms
[2021-05-24T09:27:34.035+0100][gc,phases     ] GC(3)   Other: 0,2ms
[2021-05-24T09:27:34.035+0100][gc,heap       ] GC(3) Eden regions: 50->0(46)
[2021-05-24T09:27:34.035+0100][gc,heap       ] GC(3) Survivor regions: 1->5(7)
[2021-05-24T09:27:34.035+0100][gc,heap       ] GC(3) Old regions: 9->9
[2021-05-24T09:27:34.035+0100][gc,heap       ] GC(3) Humongous regions: 129->129
[2021-05-24T09:27:34.035+0100][gc,metaspace  ] GC(3) Metaspace: 30291K->30291K(1077248K)
[2021-05-24T09:27:34.035+0100][gc            ] GC(3) Pause Young (Normal) (G1 Evacuation Pause) 186M->140M(1024M) 21,841ms
[2021-05-24T09:27:34.035+0100][gc,cpu        ] GC(3) User=0,02s Sys=0,01s Real=0,01s
[2021-05-24T09:27:34.973+0100][gc,start      ] GC(4) Pause Young (Concurrent Start) (Metadata GC Threshold)
[2021-05-24T09:27:34.973+0100][gc,task       ] GC(4) Using 2 workers of 2 for evacuation
[2021-05-24T09:27:34.998+0100][gc,mmu        ] GC(4) MMU target violated: 21,0ms (20,0ms/21,0ms)
[2021-05-24T09:27:34.998+0100][gc,phases     ] GC(4)   Pre Evacuate Collection Set: 0,1ms
[2021-05-24T09:27:34.998+0100][gc,phases     ] GC(4)   Evacuate Collection Set: 23,0ms
[2021-05-24T09:27:34.998+0100][gc,phases     ] GC(4)   Post Evacuate Collection Set: 0,8ms
[2021-05-24T09:27:34.998+0100][gc,phases     ] GC(4)   Other: 0,6ms
[2021-05-24T09:27:34.998+0100][gc,heap       ] GC(4) Eden regions: 22->0(49)
[2021-05-24T09:27:34.998+0100][gc,heap       ] GC(4) Survivor regions: 5->2(7)
[2021-05-24T09:27:34.998+0100][gc,heap       ] GC(4) Old regions: 9->13
[2021-05-24T09:27:34.998+0100][gc,heap       ] GC(4) Humongous regions: 129->129
[2021-05-24T09:27:34.998+0100][gc,metaspace  ] GC(4) Metaspace: 34694K->34694K(1081344K)
[2021-05-24T09:27:34.998+0100][gc            ] GC(4) Pause Young (Concurrent Start) (Metadata GC Threshold) 161M->141M(1024M) 24,594ms
[2021-05-24T09:27:34.998+0100][gc,cpu        ] GC(4) User=0,02s Sys=0,01s Real=0,02s
[2021-05-24T09:27:34.998+0100][gc            ] GC(5) Concurrent Cycle
[2021-05-24T09:27:34.998+0100][gc,marking    ] GC(5) Concurrent Clear Claimed Marks
[2021-05-24T09:27:34.998+0100][gc,marking    ] GC(5) Concurrent Clear Claimed Marks 0,151ms
[2021-05-24T09:27:34.998+0100][gc,marking    ] GC(5) Concurrent Scan Root Regions
[2021-05-24T09:27:35.001+0100][gc,marking    ] GC(5) Concurrent Scan Root Regions 2,558ms
[2021-05-24T09:27:35.001+0100][gc,marking    ] GC(5) Concurrent Mark (5,933s)
[2021-05-24T09:27:35.001+0100][gc,marking    ] GC(5) Concurrent Mark From Roots
[2021-05-24T09:27:35.001+0100][gc,task       ] GC(5) Using 1 workers of 1 for marking
[2021-05-24T09:27:35.039+0100][gc,marking    ] GC(5) Concurrent Mark From Roots 38,245ms
[2021-05-24T09:27:35.039+0100][gc,marking    ] GC(5) Concurrent Preclean
[2021-05-24T09:27:35.039+0100][gc,marking    ] GC(5) Concurrent Preclean 0,081ms
[2021-05-24T09:27:35.039+0100][gc,marking    ] GC(5) Concurrent Mark (5,933s, 5,971s) 38,443ms
[2021-05-24T09:27:35.045+0100][gc,start      ] GC(5) Pause Remark
[2021-05-24T09:27:35.053+0100][gc,stringtable] GC(5) Cleaned string and symbol table, strings: 10261 processed, 11 removed, symbols: 80796 processed, 8 removed
[2021-05-24T09:27:35.055+0100][gc            ] GC(5) Pause Remark 143M->143M(1024M) 9,978ms
[2021-05-24T09:27:35.055+0100][gc,cpu        ] GC(5) User=0,01s Sys=0,00s Real=0,01s
[2021-05-24T09:27:35.055+0100][gc,marking    ] GC(5) Concurrent Rebuild Remembered Sets
[2021-05-24T09:27:35.077+0100][gc,marking    ] GC(5) Concurrent Rebuild Remembered Sets 22,269ms
[2021-05-24T09:27:35.077+0100][gc,start      ] GC(5) Pause Cleanup
[2021-05-24T09:27:35.079+0100][gc            ] GC(5) Pause Cleanup 144M->144M(1024M) 1,266ms
[2021-05-24T09:27:35.079+0100][gc,cpu        ] GC(5) User=0,00s Sys=0,00s Real=0,00s
[2021-05-24T09:27:35.080+0100][gc,marking    ] GC(5) Concurrent Cleanup for Next Mark
[2021-05-24T09:27:35.094+0100][gc,marking    ] GC(5) Concurrent Cleanup for Next Mark 14,272ms
[2021-05-24T09:27:35.095+0100][gc            ] GC(5) Concurrent Cycle 96,349ms
[2021-05-24T09:33:46.479+0100][gc,start      ] GC(6) Pause Young (Concurrent Start) (G1 Evacuation Pause)
[2021-05-24T09:33:46.482+0100][gc,task       ] GC(6) Using 2 workers of 2 for evacuation
[2021-05-24T09:33:46.502+0100][gc,phases     ] GC(6)   Pre Evacuate Collection Set: 0,2ms
[2021-05-24T09:33:46.502+0100][gc,phases     ] GC(6)   Evacuate Collection Set: 18,8ms
[2021-05-24T09:33:46.502+0100][gc,phases     ] GC(6)   Post Evacuate Collection Set: 0,7ms
[2021-05-24T09:33:46.502+0100][gc,phases     ] GC(6)   Other: 3,5ms
[2021-05-24T09:33:46.502+0100][gc,heap       ] GC(6) Eden regions: 49->0(47)
[2021-05-24T09:33:46.502+0100][gc,heap       ] GC(6) Survivor regions: 2->4(7)
[2021-05-24T09:33:46.502+0100][gc,heap       ] GC(6) Old regions: 13->13
[2021-05-24T09:33:46.502+0100][gc,heap       ] GC(6) Humongous regions: 129->129
[2021-05-24T09:33:46.502+0100][gc,metaspace  ] GC(6) Metaspace: 40193K->40193K(1085440K)
[2021-05-24T09:33:46.502+0100][gc            ] GC(6) Pause Young (Concurrent Start) (G1 Evacuation Pause) 190M->144M(1024M) 23,018ms
[2021-05-24T09:33:46.502+0100][gc,cpu        ] GC(6) User=0,02s Sys=0,00s Real=0,02s
[2021-05-24T09:33:46.503+0100][gc            ] GC(7) Concurrent Cycle
[2021-05-24T09:33:46.503+0100][gc,marking    ] GC(7) Concurrent Clear Claimed Marks
[2021-05-24T09:33:46.503+0100][gc,marking    ] GC(7) Concurrent Clear Claimed Marks 0,214ms
[2021-05-24T09:33:46.503+0100][gc,marking    ] GC(7) Concurrent Scan Root Regions
[2021-05-24T09:33:46.510+0100][gc,marking    ] GC(7) Concurrent Scan Root Regions 6,427ms
[2021-05-24T09:33:46.510+0100][gc,marking    ] GC(7) Concurrent Mark (377,442s)
[2021-05-24T09:33:46.510+0100][gc,marking    ] GC(7) Concurrent Mark From Roots
[2021-05-24T09:33:46.510+0100][gc,task       ] GC(7) Using 1 workers of 1 for marking
[2021-05-24T09:33:46.638+0100][gc,marking    ] GC(7) Concurrent Mark From Roots 127,673ms
[2021-05-24T09:33:46.638+0100][gc,marking    ] GC(7) Concurrent Preclean
[2021-05-24T09:33:46.638+0100][gc,marking    ] GC(7) Concurrent Preclean 0,081ms
[2021-05-24T09:33:46.638+0100][gc,marking    ] GC(7) Concurrent Mark (377,442s, 377,569s) 127,820ms
[2021-05-24T09:33:46.646+0100][gc,start      ] GC(7) Pause Remark
[2021-05-24T09:33:46.667+0100][gc,stringtable] GC(7) Cleaned string and symbol table, strings: 11667 processed, 3 removed, symbols: 86403 processed, 3 removed
[2021-05-24T09:33:46.667+0100][gc,mmu        ] GC(7) MMU target violated: 21,0ms (20,0ms/21,0ms)
[2021-05-24T09:33:46.668+0100][gc            ] GC(7) Pause Remark 145M->145M(1024M) 21,151ms
[2021-05-24T09:33:46.668+0100][gc,cpu        ] GC(7) User=0,00s Sys=0,00s Real=0,02s
[2021-05-24T09:33:46.669+0100][gc,marking    ] GC(7) Concurrent Rebuild Remembered Sets
[2021-05-24T09:33:46.695+0100][gc,marking    ] GC(7) Concurrent Rebuild Remembered Sets 26,581ms
[2021-05-24T09:33:46.696+0100][gc,start      ] GC(7) Pause Cleanup
[2021-05-24T09:33:46.696+0100][gc            ] GC(7) Pause Cleanup 145M->145M(1024M) 0,284ms
[2021-05-24T09:33:46.696+0100][gc,cpu        ] GC(7) User=0,00s Sys=0,00s Real=0,00s
[2021-05-24T09:33:46.696+0100][gc,marking    ] GC(7) Concurrent Cleanup for Next Mark
[2021-05-24T09:33:46.704+0100][gc,marking    ] GC(7) Concurrent Cleanup for Next Mark 7,907ms
[2021-05-24T09:33:46.704+0100][gc            ] GC(7) Concurrent Cycle 201,132ms
[2021-05-24T09:41:15.675+0100][gc,start      ] GC(8) Pause Young (Normal) (G1 Evacuation Pause)
[2021-05-24T09:41:15.679+0100][gc,task       ] GC(8) Using 2 workers of 2 for evacuation
[2021-05-24T09:41:15.695+0100][gc,phases     ] GC(8)   Pre Evacuate Collection Set: 0,0ms
[2021-05-24T09:41:15.695+0100][gc,phases     ] GC(8)   Evacuate Collection Set: 11,9ms
[2021-05-24T09:41:15.695+0100][gc,phases     ] GC(8)   Post Evacuate Collection Set: 3,9ms
[2021-05-24T09:41:15.697+0100][gc,phases     ] GC(8)   Other: 8,9ms
[2021-05-24T09:41:15.697+0100][gc,heap       ] GC(8) Eden regions: 47->0(47)
[2021-05-24T09:41:15.697+0100][gc,heap       ] GC(8) Survivor regions: 4->4(7)
[2021-05-24T09:41:15.697+0100][gc,heap       ] GC(8) Old regions: 13->14
[2021-05-24T09:41:15.697+0100][gc,heap       ] GC(8) Humongous regions: 129->129
[2021-05-24T09:41:15.697+0100][gc,metaspace  ] GC(8) Metaspace: 41653K->41653K(1087488K)
[2021-05-24T09:41:15.699+0100][gc            ] GC(8) Pause Young (Normal) (G1 Evacuation Pause) 191M->145M(1024M) 21,654ms
[2021-05-24T09:41:15.699+0100][gc,cpu        ] GC(8) User=0,01s Sys=0,01s Real=0,02s
[2021-05-24T09:44:31.237+0100][gc,heap,exit  ] Heap
[2021-05-24T09:44:31.239+0100][gc,heap,exit  ]  garbage-first heap   total 1048576K, used 167323K [0x00000000c0000000, 0x0000000100000000)
[2021-05-24T09:44:31.239+0100][gc,heap,exit  ]   region size 1024K, 24 young (24576K), 4 survivors (4096K)
[2021-05-24T09:44:31.240+0100][gc,heap,exit  ]  Metaspace       used 42214K, capacity 44376K, committed 44464K, reserved 1087488K
[2021-05-24T09:44:31.240+0100][gc,heap,exit  ]   class space    used 5201K, capacity 6249K, committed 6320K, reserved 1048576K
