[2021-05-24T09:47:31.579+0100][gc,heap] Heap region size: 1M
[2021-05-24T09:47:31.630+0100][gc     ] Using G1
[2021-05-24T09:47:31.630+0100][gc,heap,coops] Heap address: 0x00000000c0000000, size: 1024 MB, Compressed Oops mode: 32-bit
[2021-05-24T09:47:31.634+0100][gc,cds       ] Mark closed archive regions in map: [0x00000000fff00000, 0x00000000fff6aff8]
[2021-05-24T09:47:31.634+0100][gc,cds       ] Mark open archive regions in map: [0x00000000ffe00000, 0x00000000ffe46ff8]
[2021-05-24T09:47:36.222+0100][gc,start     ] GC(0) Pause Young (Normal) (G1 Evacuation Pause)
[2021-05-24T09:47:36.226+0100][gc,task      ] GC(0) Using 2 workers of 2 for evacuation
[2021-05-24T09:47:36.303+0100][gc,mmu       ] GC(0) MMU target violated: 21,0ms (20,0ms/21,0ms)
[2021-05-24T09:47:36.303+0100][gc,phases    ] GC(0)   Pre Evacuate Collection Set: 0,0ms
[2021-05-24T09:47:36.303+0100][gc,phases    ] GC(0)   Evacuate Collection Set: 75,5ms
[2021-05-24T09:47:36.303+0100][gc,phases    ] GC(0)   Post Evacuate Collection Set: 0,8ms
[2021-05-24T09:47:36.303+0100][gc,phases    ] GC(0)   Other: 4,8ms
[2021-05-24T09:47:36.303+0100][gc,heap      ] GC(0) Eden regions: 51->0(44)
[2021-05-24T09:47:36.303+0100][gc,heap      ] GC(0) Survivor regions: 0->7(7)
[2021-05-24T09:47:36.303+0100][gc,heap      ] GC(0) Old regions: 2->2
[2021-05-24T09:47:36.303+0100][gc,heap      ] GC(0) Humongous regions: 0->0
[2021-05-24T09:47:36.303+0100][gc,metaspace ] GC(0) Metaspace: 15453K->15453K(1062912K)
[2021-05-24T09:47:36.303+0100][gc           ] GC(0) Pause Young (Normal) (G1 Evacuation Pause) 51M->7M(1024M) 81,187ms
[2021-05-24T09:47:36.303+0100][gc,cpu       ] GC(0) User=0,00s Sys=0,13s Real=0,09s
[2021-05-24T09:47:37.299+0100][gc,start     ] GC(1) Pause Young (Concurrent Start) (Metadata GC Threshold)
[2021-05-24T09:47:37.299+0100][gc,task      ] GC(1) Using 2 workers of 2 for evacuation
[2021-05-24T09:47:37.395+0100][gc,mmu       ] GC(1) MMU target violated: 21,0ms (20,0ms/21,0ms)
[2021-05-24T09:47:37.395+0100][gc,phases    ] GC(1)   Pre Evacuate Collection Set: 0,1ms
[2021-05-24T09:47:37.395+0100][gc,phases    ] GC(1)   Evacuate Collection Set: 94,5ms
[2021-05-24T09:47:37.395+0100][gc,phases    ] GC(1)   Post Evacuate Collection Set: 0,8ms
[2021-05-24T09:47:37.396+0100][gc,phases    ] GC(1)   Other: 0,9ms
[2021-05-24T09:47:37.396+0100][gc,heap      ] GC(1) Eden regions: 22->0(50)
[2021-05-24T09:47:37.396+0100][gc,heap      ] GC(1) Survivor regions: 7->1(7)
[2021-05-24T09:47:37.396+0100][gc,heap      ] GC(1) Old regions: 2->9
[2021-05-24T09:47:37.396+0100][gc,heap      ] GC(1) Humongous regions: 0->0
[2021-05-24T09:47:37.396+0100][gc,metaspace ] GC(1) Metaspace: 20590K->20590K(1067008K)
[2021-05-24T09:47:37.396+0100][gc           ] GC(1) Pause Young (Concurrent Start) (Metadata GC Threshold) 28M->7M(1024M) 96,716ms
[2021-05-24T09:47:37.396+0100][gc,cpu       ] GC(1) User=0,04s Sys=0,12s Real=0,10s
[2021-05-24T09:47:37.396+0100][gc           ] GC(2) Concurrent Cycle
[2021-05-24T09:47:37.396+0100][gc,marking   ] GC(2) Concurrent Clear Claimed Marks
[2021-05-24T09:47:37.396+0100][gc,marking   ] GC(2) Concurrent Clear Claimed Marks 0,064ms
[2021-05-24T09:47:37.396+0100][gc,marking   ] GC(2) Concurrent Scan Root Regions
[2021-05-24T09:47:37.407+0100][gc,marking   ] GC(2) Concurrent Scan Root Regions 10,683ms
[2021-05-24T09:47:37.407+0100][gc,marking   ] GC(2) Concurrent Mark (5,838s)
[2021-05-24T09:47:37.407+0100][gc,marking   ] GC(2) Concurrent Mark From Roots
[2021-05-24T09:47:37.407+0100][gc,task      ] GC(2) Using 1 workers of 1 for marking
[2021-05-24T09:47:37.453+0100][gc,marking   ] GC(2) Concurrent Mark From Roots 45,575ms
[2021-05-24T09:47:37.453+0100][gc,marking   ] GC(2) Concurrent Preclean
[2021-05-24T09:47:37.453+0100][gc,marking   ] GC(2) Concurrent Preclean 0,236ms
[2021-05-24T09:47:37.453+0100][gc,marking   ] GC(2) Concurrent Mark (5,838s, 5,884s) 45,915ms
[2021-05-24T09:47:37.453+0100][gc,start     ] GC(2) Pause Remark
[2021-05-24T09:47:37.459+0100][gc,stringtable] GC(2) Cleaned string and symbol table, strings: 5119 processed, 0 removed, symbols: 49858 processed, 42 removed
[2021-05-24T09:47:37.461+0100][gc            ] GC(2) Pause Remark 8M->8M(1024M) 7,449ms
[2021-05-24T09:47:37.461+0100][gc,cpu        ] GC(2) User=0,00s Sys=0,01s Real=0,00s
[2021-05-24T09:47:37.461+0100][gc,marking    ] GC(2) Concurrent Rebuild Remembered Sets
[2021-05-24T09:47:37.477+0100][gc,marking    ] GC(2) Concurrent Rebuild Remembered Sets 16,546ms
[2021-05-24T09:47:37.478+0100][gc,start      ] GC(2) Pause Cleanup
[2021-05-24T09:47:37.479+0100][gc            ] GC(2) Pause Cleanup 8M->8M(1024M) 1,415ms
[2021-05-24T09:47:37.480+0100][gc,cpu        ] GC(2) User=0,00s Sys=0,00s Real=0,00s
[2021-05-24T09:47:37.480+0100][gc,marking    ] GC(2) Concurrent Cleanup for Next Mark
[2021-05-24T09:47:37.758+0100][gc,marking    ] GC(2) Concurrent Cleanup for Next Mark 277,798ms
[2021-05-24T09:47:37.758+0100][gc            ] GC(2) Concurrent Cycle 361,829ms
[2021-05-24T09:47:41.075+0100][gc,start      ] GC(3) Pause Young (Normal) (G1 Evacuation Pause)
[2021-05-24T09:47:41.075+0100][gc,task       ] GC(3) Using 2 workers of 2 for evacuation
[2021-05-24T09:47:41.088+0100][gc,phases     ] GC(3)   Pre Evacuate Collection Set: 0,0ms
[2021-05-24T09:47:41.088+0100][gc,phases     ] GC(3)   Evacuate Collection Set: 11,5ms
[2021-05-24T09:47:41.088+0100][gc,phases     ] GC(3)   Post Evacuate Collection Set: 1,3ms
[2021-05-24T09:47:41.088+0100][gc,phases     ] GC(3)   Other: 0,2ms
[2021-05-24T09:47:41.088+0100][gc,heap       ] GC(3) Eden regions: 50->0(46)
[2021-05-24T09:47:41.088+0100][gc,heap       ] GC(3) Survivor regions: 1->5(7)
[2021-05-24T09:47:41.088+0100][gc,heap       ] GC(3) Old regions: 9->9
[2021-05-24T09:47:41.088+0100][gc,heap       ] GC(3) Humongous regions: 129->129
[2021-05-24T09:47:41.088+0100][gc,metaspace  ] GC(3) Metaspace: 30025K->30025K(1077248K)
[2021-05-24T09:47:41.088+0100][gc            ] GC(3) Pause Young (Normal) (G1 Evacuation Pause) 186M->140M(1024M) 13,337ms
[2021-05-24T09:47:41.088+0100][gc,cpu        ] GC(3) User=0,01s Sys=0,01s Real=0,01s
[2021-05-24T09:47:42.215+0100][gc,start      ] GC(4) Pause Young (Concurrent Start) (Metadata GC Threshold)
[2021-05-24T09:47:42.215+0100][gc,task       ] GC(4) Using 2 workers of 2 for evacuation
[2021-05-24T09:47:42.275+0100][gc,mmu        ] GC(4) MMU target violated: 21,0ms (20,0ms/21,0ms)
[2021-05-24T09:47:42.275+0100][gc,phases     ] GC(4)   Pre Evacuate Collection Set: 0,1ms
[2021-05-24T09:47:42.275+0100][gc,phases     ] GC(4)   Evacuate Collection Set: 58,9ms
[2021-05-24T09:47:42.275+0100][gc,phases     ] GC(4)   Post Evacuate Collection Set: 0,5ms
[2021-05-24T09:47:42.275+0100][gc,phases     ] GC(4)   Other: 0,7ms
[2021-05-24T09:47:42.275+0100][gc,heap       ] GC(4) Eden regions: 23->0(49)
[2021-05-24T09:47:42.275+0100][gc,heap       ] GC(4) Survivor regions: 5->2(7)
[2021-05-24T09:47:42.275+0100][gc,heap       ] GC(4) Old regions: 9->13
[2021-05-24T09:47:42.275+0100][gc,heap       ] GC(4) Humongous regions: 129->129
[2021-05-24T09:47:42.275+0100][gc,metaspace  ] GC(4) Metaspace: 34832K->34832K(1081344K)
[2021-05-24T09:47:42.275+0100][gc            ] GC(4) Pause Young (Concurrent Start) (Metadata GC Threshold) 163M->141M(1024M) 60,293ms
[2021-05-24T09:47:42.275+0100][gc,cpu        ] GC(4) User=0,03s Sys=0,08s Real=0,06s
[2021-05-24T09:47:42.275+0100][gc            ] GC(5) Concurrent Cycle
[2021-05-24T09:47:42.275+0100][gc,marking    ] GC(5) Concurrent Clear Claimed Marks
[2021-05-24T09:47:42.276+0100][gc,marking    ] GC(5) Concurrent Clear Claimed Marks 0,255ms
[2021-05-24T09:47:42.276+0100][gc,marking    ] GC(5) Concurrent Scan Root Regions
[2021-05-24T09:47:42.281+0100][gc,marking    ] GC(5) Concurrent Scan Root Regions 5,147ms
[2021-05-24T09:47:42.281+0100][gc,marking    ] GC(5) Concurrent Mark (10,712s)
[2021-05-24T09:47:42.281+0100][gc,marking    ] GC(5) Concurrent Mark From Roots
[2021-05-24T09:47:42.281+0100][gc,task       ] GC(5) Using 1 workers of 1 for marking
[2021-05-24T09:47:42.352+0100][gc,marking    ] GC(5) Concurrent Mark From Roots 70,543ms
[2021-05-24T09:47:42.352+0100][gc,marking    ] GC(5) Concurrent Preclean
[2021-05-24T09:47:42.352+0100][gc,marking    ] GC(5) Concurrent Preclean 0,159ms
[2021-05-24T09:47:42.352+0100][gc,marking    ] GC(5) Concurrent Mark (10,712s, 10,783s) 70,858ms
[2021-05-24T09:47:42.354+0100][gc,start      ] GC(5) Pause Remark
[2021-05-24T09:47:42.359+0100][gc,stringtable] GC(5) Cleaned string and symbol table, strings: 10273 processed, 11 removed, symbols: 80809 processed, 8 removed
[2021-05-24T09:47:42.360+0100][gc            ] GC(5) Pause Remark 144M->144M(1024M) 5,353ms
[2021-05-24T09:47:42.360+0100][gc,cpu        ] GC(5) User=0,00s Sys=0,01s Real=0,00s
[2021-05-24T09:47:42.360+0100][gc,marking    ] GC(5) Concurrent Rebuild Remembered Sets
[2021-05-24T09:47:42.400+0100][gc,marking    ] GC(5) Concurrent Rebuild Remembered Sets 39,656ms
[2021-05-24T09:47:42.401+0100][gc,start      ] GC(5) Pause Cleanup
[2021-05-24T09:47:42.401+0100][gc            ] GC(5) Pause Cleanup 146M->146M(1024M) 0,536ms
[2021-05-24T09:47:42.401+0100][gc,cpu        ] GC(5) User=0,00s Sys=0,00s Real=0,00s
[2021-05-24T09:47:42.402+0100][gc,marking    ] GC(5) Concurrent Cleanup for Next Mark
[2021-05-24T09:47:42.718+0100][gc,marking    ] GC(5) Concurrent Cleanup for Next Mark 315,764ms
[2021-05-24T09:47:42.718+0100][gc            ] GC(5) Concurrent Cycle 442,260ms
[2021-05-24T09:49:01.159+0100][gc,start      ] GC(6) Pause Young (Normal) (G1 Evacuation Pause)
[2021-05-24T09:49:01.160+0100][gc,task       ] GC(6) Using 2 workers of 2 for evacuation
[2021-05-24T09:49:01.185+0100][gc,mmu        ] GC(6) MMU target violated: 21,0ms (20,0ms/21,0ms)
[2021-05-24T09:49:01.185+0100][gc,phases     ] GC(6)   Pre Evacuate Collection Set: 1,6ms
[2021-05-24T09:49:01.185+0100][gc,phases     ] GC(6)   Evacuate Collection Set: 22,1ms
[2021-05-24T09:49:01.185+0100][gc,phases     ] GC(6)   Post Evacuate Collection Set: 1,1ms
[2021-05-24T09:49:01.185+0100][gc,phases     ] GC(6)   Other: 1,3ms
[2021-05-24T09:49:01.186+0100][gc,heap       ] GC(6) Eden regions: 49->0(47)
[2021-05-24T09:49:01.186+0100][gc,heap       ] GC(6) Survivor regions: 2->4(7)
[2021-05-24T09:49:01.186+0100][gc,heap       ] GC(6) Old regions: 13->13
[2021-05-24T09:49:01.186+0100][gc,heap       ] GC(6) Humongous regions: 129->129
[2021-05-24T09:49:01.186+0100][gc,metaspace  ] GC(6) Metaspace: 40339K->40339K(1085440K)
[2021-05-24T09:49:01.186+0100][gc            ] GC(6) Pause Young (Normal) (G1 Evacuation Pause) 190M->144M(1024M) 26,161ms
[2021-05-24T09:49:01.186+0100][gc,cpu        ] GC(6) User=0,02s Sys=0,02s Real=0,03s
[2021-05-24T09:51:00.321+0100][gc,start      ] GC(7) Pause Young (Normal) (G1 Evacuation Pause)
[2021-05-24T09:51:00.321+0100][gc,task       ] GC(7) Using 2 workers of 2 for evacuation
[2021-05-24T09:51:00.339+0100][gc,phases     ] GC(7)   Pre Evacuate Collection Set: 0,0ms
[2021-05-24T09:51:00.339+0100][gc,phases     ] GC(7)   Evacuate Collection Set: 17,2ms
[2021-05-24T09:51:00.339+0100][gc,phases     ] GC(7)   Post Evacuate Collection Set: 1,2ms
[2021-05-24T09:51:00.339+0100][gc,phases     ] GC(7)   Other: 0,2ms
[2021-05-24T09:51:00.339+0100][gc,heap       ] GC(7) Eden regions: 47->0(47)
[2021-05-24T09:51:00.339+0100][gc,heap       ] GC(7) Survivor regions: 4->4(7)
[2021-05-24T09:51:00.339+0100][gc,heap       ] GC(7) Old regions: 13->14
[2021-05-24T09:51:00.339+0100][gc,heap       ] GC(7) Humongous regions: 129->129
[2021-05-24T09:51:00.339+0100][gc,metaspace  ] GC(7) Metaspace: 41829K->41829K(1087488K)
[2021-05-24T09:51:00.339+0100][gc            ] GC(7) Pause Young (Normal) (G1 Evacuation Pause) 191M->145M(1024M) 18,746ms
[2021-05-24T09:51:00.339+0100][gc,cpu        ] GC(7) User=0,01s Sys=0,00s Real=0,02s
[2021-05-24T09:51:43.675+0100][gc,start      ] GC(8) Pause Young (Normal) (G1 Evacuation Pause)
[2021-05-24T09:51:43.675+0100][gc,task       ] GC(8) Using 2 workers of 2 for evacuation
[2021-05-24T09:51:43.689+0100][gc,phases     ] GC(8)   Pre Evacuate Collection Set: 0,0ms
[2021-05-24T09:51:43.689+0100][gc,phases     ] GC(8)   Evacuate Collection Set: 11,2ms
[2021-05-24T09:51:43.689+0100][gc,phases     ] GC(8)   Post Evacuate Collection Set: 2,4ms
[2021-05-24T09:51:43.689+0100][gc,phases     ] GC(8)   Other: 0,5ms
[2021-05-24T09:51:43.689+0100][gc,heap       ] GC(8) Eden regions: 47->0(48)
[2021-05-24T09:51:43.689+0100][gc,heap       ] GC(8) Survivor regions: 4->3(7)
[2021-05-24T09:51:43.689+0100][gc,heap       ] GC(8) Old regions: 14->17
[2021-05-24T09:51:43.689+0100][gc,heap       ] GC(8) Humongous regions: 129->129
[2021-05-24T09:51:43.689+0100][gc,metaspace  ] GC(8) Metaspace: 41956K->41956K(1087488K)
[2021-05-24T09:51:43.689+0100][gc            ] GC(8) Pause Young (Normal) (G1 Evacuation Pause) 192M->146M(1024M) 14,289ms
[2021-05-24T09:51:43.689+0100][gc,cpu        ] GC(8) User=0,01s Sys=0,01s Real=0,01s
[2021-05-24T09:57:26.248+0100][gc,start      ] GC(9) Pause Young (Normal) (G1 Evacuation Pause)
[2021-05-24T09:57:26.248+0100][gc,task       ] GC(9) Using 2 workers of 2 for evacuation
[2021-05-24T09:57:26.264+0100][gc,phases     ] GC(9)   Pre Evacuate Collection Set: 0,1ms
[2021-05-24T09:57:26.264+0100][gc,phases     ] GC(9)   Evacuate Collection Set: 14,8ms
[2021-05-24T09:57:26.264+0100][gc,phases     ] GC(9)   Post Evacuate Collection Set: 1,1ms
[2021-05-24T09:57:26.264+0100][gc,phases     ] GC(9)   Other: 0,3ms
[2021-05-24T09:57:26.264+0100][gc,heap       ] GC(9) Eden regions: 48->0(48)
[2021-05-24T09:57:26.264+0100][gc,heap       ] GC(9) Survivor regions: 3->3(7)
[2021-05-24T09:57:26.264+0100][gc,heap       ] GC(9) Old regions: 17->17
[2021-05-24T09:57:26.264+0100][gc,heap       ] GC(9) Humongous regions: 129->129
[2021-05-24T09:57:26.264+0100][gc,metaspace  ] GC(9) Metaspace: 42092K->42092K(1087488K)
[2021-05-24T09:57:26.264+0100][gc            ] GC(9) Pause Young (Normal) (G1 Evacuation Pause) 194M->146M(1024M) 16,373ms
[2021-05-24T09:57:26.264+0100][gc,cpu        ] GC(9) User=0,01s Sys=0,01s Real=0,01s
[2021-05-24T09:57:46.060+0100][gc,start      ] GC(10) Pause Young (Normal) (G1 Evacuation Pause)
[2021-05-24T09:57:46.060+0100][gc,task       ] GC(10) Using 2 workers of 2 for evacuation
[2021-05-24T09:57:46.089+0100][gc,mmu        ] GC(10) MMU target violated: 21,0ms (20,0ms/21,0ms)
[2021-05-24T09:57:46.089+0100][gc,phases     ] GC(10)   Pre Evacuate Collection Set: 0,0ms
[2021-05-24T09:57:46.089+0100][gc,phases     ] GC(10)   Evacuate Collection Set: 27,6ms
[2021-05-24T09:57:46.089+0100][gc,phases     ] GC(10)   Post Evacuate Collection Set: 0,9ms
[2021-05-24T09:57:46.089+0100][gc,phases     ] GC(10)   Other: 0,2ms
[2021-05-24T09:57:46.089+0100][gc,heap       ] GC(10) Eden regions: 48->0(47)
[2021-05-24T09:57:46.089+0100][gc,heap       ] GC(10) Survivor regions: 3->4(7)
[2021-05-24T09:57:46.089+0100][gc,heap       ] GC(10) Old regions: 17->17
[2021-05-24T09:57:46.089+0100][gc,heap       ] GC(10) Humongous regions: 129->129
[2021-05-24T09:57:46.089+0100][gc,metaspace  ] GC(10) Metaspace: 42272K->42272K(1087488K)
[2021-05-24T09:57:46.089+0100][gc            ] GC(10) Pause Young (Normal) (G1 Evacuation Pause) 194M->148M(1024M) 28,864ms
[2021-05-24T09:57:46.089+0100][gc,cpu        ] GC(10) User=0,01s Sys=0,01s Real=0,03s
[2021-05-24T09:58:05.796+0100][gc,start      ] GC(11) Pause Young (Normal) (G1 Evacuation Pause)
[2021-05-24T09:58:05.796+0100][gc,task       ] GC(11) Using 2 workers of 2 for evacuation
[2021-05-24T09:58:05.875+0100][gc,mmu        ] GC(11) MMU target violated: 21,0ms (20,0ms/21,0ms)
[2021-05-24T09:58:05.875+0100][gc,phases     ] GC(11)   Pre Evacuate Collection Set: 0,0ms
[2021-05-24T09:58:05.875+0100][gc,phases     ] GC(11)   Evacuate Collection Set: 77,8ms
[2021-05-24T09:58:05.875+0100][gc,phases     ] GC(11)   Post Evacuate Collection Set: 0,5ms
[2021-05-24T09:58:05.876+0100][gc,phases     ] GC(11)   Other: 0,5ms
[2021-05-24T09:58:05.876+0100][gc,heap       ] GC(11) Eden regions: 47->0(47)
[2021-05-24T09:58:05.876+0100][gc,heap       ] GC(11) Survivor regions: 4->4(7)
[2021-05-24T09:58:05.876+0100][gc,heap       ] GC(11) Old regions: 17->18
[2021-05-24T09:58:05.876+0100][gc,heap       ] GC(11) Humongous regions: 129->129
[2021-05-24T09:58:05.876+0100][gc,metaspace  ] GC(11) Metaspace: 42273K->42273K(1087488K)
[2021-05-24T09:58:05.876+0100][gc            ] GC(11) Pause Young (Normal) (G1 Evacuation Pause) 195M->148M(1024M) 79,957ms
[2021-05-24T09:58:05.876+0100][gc,cpu        ] GC(11) User=0,03s Sys=0,01s Real=0,08s
[2021-05-24T09:58:23.120+0100][gc,start      ] GC(12) Pause Young (Normal) (G1 Evacuation Pause)
[2021-05-24T09:58:23.120+0100][gc,task       ] GC(12) Using 2 workers of 2 for evacuation
[2021-05-24T09:58:23.168+0100][gc,mmu        ] GC(12) MMU target violated: 21,0ms (20,0ms/21,0ms)
[2021-05-24T09:58:23.168+0100][gc,phases     ] GC(12)   Pre Evacuate Collection Set: 0,0ms
[2021-05-24T09:58:23.168+0100][gc,phases     ] GC(12)   Evacuate Collection Set: 47,5ms
[2021-05-24T09:58:23.168+0100][gc,phases     ] GC(12)   Post Evacuate Collection Set: 0,8ms
[2021-05-24T09:58:23.169+0100][gc,phases     ] GC(12)   Other: 0,4ms
[2021-05-24T09:58:23.169+0100][gc,heap       ] GC(12) Eden regions: 47->0(46)
[2021-05-24T09:58:23.169+0100][gc,heap       ] GC(12) Survivor regions: 4->5(7)
[2021-05-24T09:58:23.169+0100][gc,heap       ] GC(12) Old regions: 18->18
[2021-05-24T09:58:23.169+0100][gc,heap       ] GC(12) Humongous regions: 129->129
[2021-05-24T09:58:23.169+0100][gc,metaspace  ] GC(12) Metaspace: 42276K->42276K(1087488K)
[2021-05-24T09:58:23.169+0100][gc            ] GC(12) Pause Young (Normal) (G1 Evacuation Pause) 195M->150M(1024M) 48,876ms
[2021-05-24T09:58:23.169+0100][gc,cpu        ] GC(12) User=0,01s Sys=0,02s Real=0,05s
[2021-05-24T09:58:42.788+0100][gc,start      ] GC(13) Pause Young (Normal) (G1 Evacuation Pause)
[2021-05-24T09:58:42.788+0100][gc,task       ] GC(13) Using 2 workers of 2 for evacuation
[2021-05-24T09:58:42.850+0100][gc,mmu        ] GC(13) MMU target violated: 21,0ms (20,0ms/21,0ms)
[2021-05-24T09:58:42.850+0100][gc,phases     ] GC(13)   Pre Evacuate Collection Set: 0,0ms
[2021-05-24T09:58:42.850+0100][gc,phases     ] GC(13)   Evacuate Collection Set: 60,8ms
[2021-05-24T09:58:42.850+0100][gc,phases     ] GC(13)   Post Evacuate Collection Set: 0,4ms
[2021-05-24T09:58:42.850+0100][gc,phases     ] GC(13)   Other: 0,3ms
[2021-05-24T09:58:42.850+0100][gc,heap       ] GC(13) Eden regions: 46->0(46)
[2021-05-24T09:58:42.850+0100][gc,heap       ] GC(13) Survivor regions: 5->5(7)
[2021-05-24T09:58:42.850+0100][gc,heap       ] GC(13) Old regions: 18->19
[2021-05-24T09:58:42.850+0100][gc,heap       ] GC(13) Humongous regions: 129->129
[2021-05-24T09:58:42.850+0100][gc,metaspace  ] GC(13) Metaspace: 42276K->42276K(1087488K)
[2021-05-24T09:58:42.850+0100][gc            ] GC(13) Pause Young (Normal) (G1 Evacuation Pause) 196M->151M(1024M) 61,652ms
[2021-05-24T09:58:42.850+0100][gc,cpu        ] GC(13) User=0,01s Sys=0,02s Real=0,06s
[2021-05-24T09:59:01.288+0100][gc,start      ] GC(14) Pause Young (Normal) (G1 Evacuation Pause)
[2021-05-24T09:59:01.288+0100][gc,task       ] GC(14) Using 2 workers of 2 for evacuation
[2021-05-24T09:59:01.445+0100][gc,mmu        ] GC(14) MMU target violated: 21,0ms (20,0ms/21,0ms)
[2021-05-24T09:59:01.445+0100][gc,phases     ] GC(14)   Pre Evacuate Collection Set: 0,0ms
[2021-05-24T09:59:01.445+0100][gc,phases     ] GC(14)   Evacuate Collection Set: 156,8ms
[2021-05-24T09:59:01.445+0100][gc,phases     ] GC(14)   Post Evacuate Collection Set: 0,3ms
[2021-05-24T09:59:01.445+0100][gc,phases     ] GC(14)   Other: 0,3ms
[2021-05-24T09:59:01.445+0100][gc,heap       ] GC(14) Eden regions: 46->0(46)
[2021-05-24T09:59:01.445+0100][gc,heap       ] GC(14) Survivor regions: 5->5(7)
[2021-05-24T09:59:01.445+0100][gc,heap       ] GC(14) Old regions: 19->21
[2021-05-24T09:59:01.445+0100][gc,heap       ] GC(14) Humongous regions: 129->129
[2021-05-24T09:59:01.445+0100][gc,metaspace  ] GC(14) Metaspace: 42286K->42286K(1087488K)
[2021-05-24T09:59:01.445+0100][gc            ] GC(14) Pause Young (Normal) (G1 Evacuation Pause) 197M->152M(1024M) 157,463ms
[2021-05-24T09:59:01.445+0100][gc,cpu        ] GC(14) User=0,02s Sys=0,01s Real=0,16s
[2021-05-24T09:59:22.111+0100][gc,start      ] GC(15) Pause Young (Normal) (G1 Evacuation Pause)
[2021-05-24T09:59:22.112+0100][gc,task       ] GC(15) Using 2 workers of 2 for evacuation
[2021-05-24T09:59:22.155+0100][gc,mmu        ] GC(15) MMU target violated: 21,0ms (20,0ms/21,0ms)
[2021-05-24T09:59:22.155+0100][gc,phases     ] GC(15)   Pre Evacuate Collection Set: 0,0ms
[2021-05-24T09:59:22.155+0100][gc,phases     ] GC(15)   Evacuate Collection Set: 42,8ms
[2021-05-24T09:59:22.155+0100][gc,phases     ] GC(15)   Post Evacuate Collection Set: 0,4ms
[2021-05-24T09:59:22.155+0100][gc,phases     ] GC(15)   Other: 0,3ms
[2021-05-24T09:59:22.155+0100][gc,heap       ] GC(15) Eden regions: 46->0(47)
[2021-05-24T09:59:22.155+0100][gc,heap       ] GC(15) Survivor regions: 5->4(7)
[2021-05-24T09:59:22.155+0100][gc,heap       ] GC(15) Old regions: 21->22
[2021-05-24T09:59:22.155+0100][gc,heap       ] GC(15) Humongous regions: 129->129
[2021-05-24T09:59:22.155+0100][gc,metaspace  ] GC(15) Metaspace: 42302K->42302K(1087488K)
[2021-05-24T09:59:22.155+0100][gc            ] GC(15) Pause Young (Normal) (G1 Evacuation Pause) 198M->153M(1024M) 43,669ms
[2021-05-24T09:59:22.155+0100][gc,cpu        ] GC(15) User=0,01s Sys=0,01s Real=0,05s
[2021-05-24T09:59:41.077+0100][gc,start      ] GC(16) Pause Young (Normal) (G1 Evacuation Pause)
[2021-05-24T09:59:41.077+0100][gc,task       ] GC(16) Using 2 workers of 2 for evacuation
[2021-05-24T09:59:41.196+0100][gc,mmu        ] GC(16) MMU target violated: 21,0ms (20,0ms/21,0ms)
[2021-05-24T09:59:41.197+0100][gc,phases     ] GC(16)   Pre Evacuate Collection Set: 0,2ms
[2021-05-24T09:59:41.197+0100][gc,phases     ] GC(16)   Evacuate Collection Set: 117,0ms
[2021-05-24T09:59:41.197+0100][gc,phases     ] GC(16)   Post Evacuate Collection Set: 1,9ms
[2021-05-24T09:59:41.197+0100][gc,phases     ] GC(16)   Other: 0,4ms
[2021-05-24T09:59:41.197+0100][gc,heap       ] GC(16) Eden regions: 47->0(47)
[2021-05-24T09:59:41.197+0100][gc,heap       ] GC(16) Survivor regions: 4->4(7)
[2021-05-24T09:59:41.197+0100][gc,heap       ] GC(16) Old regions: 22->23
[2021-05-24T09:59:41.197+0100][gc,heap       ] GC(16) Humongous regions: 129->129
[2021-05-24T09:59:41.197+0100][gc,metaspace  ] GC(16) Metaspace: 42308K->42308K(1087488K)
[2021-05-24T09:59:41.197+0100][gc            ] GC(16) Pause Young (Normal) (G1 Evacuation Pause) 200M->154M(1024M) 119,599ms
[2021-05-24T09:59:41.197+0100][gc,cpu        ] GC(16) User=0,01s Sys=0,03s Real=0,12s
[2021-05-24T10:08:01.761+0100][gc,start      ] GC(17) Pause Young (Normal) (G1 Evacuation Pause)
[2021-05-24T10:08:01.761+0100][gc,task       ] GC(17) Using 2 workers of 2 for evacuation
[2021-05-24T10:08:01.776+0100][gc,phases     ] GC(17)   Pre Evacuate Collection Set: 0,0ms
[2021-05-24T10:08:01.776+0100][gc,phases     ] GC(17)   Evacuate Collection Set: 13,7ms
[2021-05-24T10:08:01.776+0100][gc,phases     ] GC(17)   Post Evacuate Collection Set: 0,8ms
[2021-05-24T10:08:01.776+0100][gc,phases     ] GC(17)   Other: 0,4ms
[2021-05-24T10:08:01.776+0100][gc,heap       ] GC(17) Eden regions: 47->0(47)
[2021-05-24T10:08:01.776+0100][gc,heap       ] GC(17) Survivor regions: 4->4(7)
[2021-05-24T10:08:01.776+0100][gc,heap       ] GC(17) Old regions: 23->24
[2021-05-24T10:08:01.776+0100][gc,heap       ] GC(17) Humongous regions: 129->129
[2021-05-24T10:08:01.776+0100][gc,metaspace  ] GC(17) Metaspace: 42374K->42374K(1087488K)
[2021-05-24T10:08:01.776+0100][gc            ] GC(17) Pause Young (Normal) (G1 Evacuation Pause) 201M->155M(1024M) 15,045ms
[2021-05-24T10:08:01.776+0100][gc,cpu        ] GC(17) User=0,01s Sys=0,01s Real=0,02s
[2021-05-24T10:30:47.950+0100][gc,heap,exit  ] Heap
[2021-05-24T10:30:47.950+0100][gc,heap,exit  ]  garbage-first heap   total 1048576K, used 201788K [0x00000000c0000000, 0x0000000100000000)
[2021-05-24T10:30:47.950+0100][gc,heap,exit  ]   region size 1024K, 48 young (49152K), 4 survivors (4096K)
[2021-05-24T10:30:47.950+0100][gc,heap,exit  ]  Metaspace       used 43192K, capacity 45551K, committed 45724K, reserved 1089536K
[2021-05-24T10:30:47.950+0100][gc,heap,exit  ]   class space    used 5213K, capacity 6286K, committed 6396K, reserved 1048576K
