[2021-05-21T16:39:56.251+0100][gc,heap] Heap region size: 1M
[2021-05-21T16:39:56.263+0100][gc     ] Using G1
[2021-05-21T16:39:56.264+0100][gc,heap,coops] Heap address: 0x00000000c0000000, size: 1024 MB, Compressed Oops mode: 32-bit
[2021-05-21T16:39:56.264+0100][gc,cds       ] Mark closed archive regions in map: [0x00000000fff00000, 0x00000000fff6aff8]
[2021-05-21T16:39:56.264+0100][gc,cds       ] Mark open archive regions in map: [0x00000000ffe00000, 0x00000000ffe46ff8]
[2021-05-21T16:39:58.188+0100][gc,start     ] GC(0) Pause Young (Normal) (G1 Evacuation Pause)
[2021-05-21T16:39:58.189+0100][gc,task      ] GC(0) Using 2 workers of 2 for evacuation
[2021-05-21T16:39:58.207+0100][gc,phases    ] GC(0)   Pre Evacuate Collection Set: 0,0ms
[2021-05-21T16:39:58.207+0100][gc,phases    ] GC(0)   Evacuate Collection Set: 16,0ms
[2021-05-21T16:39:58.207+0100][gc,phases    ] GC(0)   Post Evacuate Collection Set: 1,4ms
[2021-05-21T16:39:58.207+0100][gc,phases    ] GC(0)   Other: 1,3ms
[2021-05-21T16:39:58.207+0100][gc,heap      ] GC(0) Eden regions: 51->0(44)
[2021-05-21T16:39:58.207+0100][gc,heap      ] GC(0) Survivor regions: 0->7(7)
[2021-05-21T16:39:58.207+0100][gc,heap      ] GC(0) Old regions: 2->2
[2021-05-21T16:39:58.207+0100][gc,heap      ] GC(0) Humongous regions: 0->0
[2021-05-21T16:39:58.207+0100][gc,metaspace ] GC(0) Metaspace: 15715K->15715K(1062912K)
[2021-05-21T16:39:58.207+0100][gc           ] GC(0) Pause Young (Normal) (G1 Evacuation Pause) 51M->7M(1024M) 18,795ms
[2021-05-21T16:39:58.207+0100][gc,cpu       ] GC(0) User=0,01s Sys=0,02s Real=0,02s
[2021-05-21T16:39:58.662+0100][gc,start     ] GC(1) Pause Young (Concurrent Start) (Metadata GC Threshold)
[2021-05-21T16:39:58.662+0100][gc,task      ] GC(1) Using 2 workers of 2 for evacuation
[2021-05-21T16:39:58.707+0100][gc,mmu       ] GC(1) MMU target violated: 21,0ms (20,0ms/21,0ms)
[2021-05-21T16:39:58.707+0100][gc,phases    ] GC(1)   Pre Evacuate Collection Set: 0,1ms
[2021-05-21T16:39:58.707+0100][gc,phases    ] GC(1)   Evacuate Collection Set: 42,4ms
[2021-05-21T16:39:58.707+0100][gc,phases    ] GC(1)   Post Evacuate Collection Set: 1,7ms
[2021-05-21T16:39:58.707+0100][gc,phases    ] GC(1)   Other: 0,5ms
[2021-05-21T16:39:58.707+0100][gc,heap      ] GC(1) Eden regions: 20->0(50)
[2021-05-21T16:39:58.707+0100][gc,heap      ] GC(1) Survivor regions: 7->1(7)
[2021-05-21T16:39:58.707+0100][gc,heap      ] GC(1) Old regions: 2->9
[2021-05-21T16:39:58.707+0100][gc,heap      ] GC(1) Humongous regions: 0->0
[2021-05-21T16:39:58.707+0100][gc,metaspace ] GC(1) Metaspace: 20603K->20603K(1067008K)
[2021-05-21T16:39:58.707+0100][gc           ] GC(1) Pause Young (Concurrent Start) (Metadata GC Threshold) 27M->7M(1024M) 44,784ms
[2021-05-21T16:39:58.707+0100][gc,cpu       ] GC(1) User=0,03s Sys=0,01s Real=0,05s
[2021-05-21T16:39:58.707+0100][gc           ] GC(2) Concurrent Cycle
[2021-05-21T16:39:58.707+0100][gc,marking   ] GC(2) Concurrent Clear Claimed Marks
[2021-05-21T16:39:58.707+0100][gc,marking   ] GC(2) Concurrent Clear Claimed Marks 0,045ms
[2021-05-21T16:39:58.707+0100][gc,marking   ] GC(2) Concurrent Scan Root Regions
[2021-05-21T16:39:58.716+0100][gc,marking   ] GC(2) Concurrent Scan Root Regions 8,762ms
[2021-05-21T16:39:58.716+0100][gc,marking   ] GC(2) Concurrent Mark (2,473s)
[2021-05-21T16:39:58.716+0100][gc,marking   ] GC(2) Concurrent Mark From Roots
[2021-05-21T16:39:58.716+0100][gc,task      ] GC(2) Using 1 workers of 1 for marking
[2021-05-21T16:39:58.780+0100][gc,marking   ] GC(2) Concurrent Mark From Roots 64,107ms
[2021-05-21T16:39:58.780+0100][gc,marking   ] GC(2) Concurrent Preclean
[2021-05-21T16:39:58.781+0100][gc,marking   ] GC(2) Concurrent Preclean 0,108ms
[2021-05-21T16:39:58.781+0100][gc,marking   ] GC(2) Concurrent Mark (2,473s, 2,537s) 64,283ms
[2021-05-21T16:39:58.782+0100][gc,start     ] GC(2) Pause Remark
[2021-05-21T16:39:58.786+0100][gc,stringtable] GC(2) Cleaned string and symbol table, strings: 5154 processed, 0 removed, symbols: 50841 processed, 40 removed
[2021-05-21T16:39:58.786+0100][gc            ] GC(2) Pause Remark 9M->9M(1024M) 4,244ms
[2021-05-21T16:39:58.786+0100][gc,cpu        ] GC(2) User=0,00s Sys=0,01s Real=0,01s
[2021-05-21T16:39:58.786+0100][gc,marking    ] GC(2) Concurrent Rebuild Remembered Sets
[2021-05-21T16:39:58.792+0100][gc,marking    ] GC(2) Concurrent Rebuild Remembered Sets 6,103ms
[2021-05-21T16:39:58.793+0100][gc,start      ] GC(2) Pause Cleanup
[2021-05-21T16:39:58.793+0100][gc            ] GC(2) Pause Cleanup 9M->9M(1024M) 0,212ms
[2021-05-21T16:39:58.793+0100][gc,cpu        ] GC(2) User=0,00s Sys=0,00s Real=0,00s
[2021-05-21T16:39:58.793+0100][gc,marking    ] GC(2) Concurrent Cleanup for Next Mark
[2021-05-21T16:39:58.801+0100][gc,marking    ] GC(2) Concurrent Cleanup for Next Mark 7,876ms
[2021-05-21T16:39:58.801+0100][gc            ] GC(2) Concurrent Cycle 93,826ms
[2021-05-21T16:40:00.377+0100][gc,start      ] GC(3) Pause Young (Concurrent Start) (G1 Evacuation Pause)
[2021-05-21T16:40:00.377+0100][gc,task       ] GC(3) Using 2 workers of 2 for evacuation
[2021-05-21T16:40:00.388+0100][gc,phases     ] GC(3)   Pre Evacuate Collection Set: 0,1ms
[2021-05-21T16:40:00.388+0100][gc,phases     ] GC(3)   Evacuate Collection Set: 9,0ms
[2021-05-21T16:40:00.388+0100][gc,phases     ] GC(3)   Post Evacuate Collection Set: 0,7ms
[2021-05-21T16:40:00.388+0100][gc,phases     ] GC(3)   Other: 1,3ms
[2021-05-21T16:40:00.388+0100][gc,heap       ] GC(3) Eden regions: 50->0(46)
[2021-05-21T16:40:00.388+0100][gc,heap       ] GC(3) Survivor regions: 1->5(7)
[2021-05-21T16:40:00.388+0100][gc,heap       ] GC(3) Old regions: 9->9
[2021-05-21T16:40:00.388+0100][gc,heap       ] GC(3) Humongous regions: 129->129
[2021-05-21T16:40:00.388+0100][gc,metaspace  ] GC(3) Metaspace: 30412K->30412K(1077248K)
[2021-05-21T16:40:00.389+0100][gc            ] GC(3) Pause Young (Concurrent Start) (G1 Evacuation Pause) 186M->140M(1024M) 11,863ms
[2021-05-21T16:40:00.389+0100][gc,cpu        ] GC(3) User=0,01s Sys=0,01s Real=0,01s
[2021-05-21T16:40:00.389+0100][gc            ] GC(4) Concurrent Cycle
[2021-05-21T16:40:00.389+0100][gc,marking    ] GC(4) Concurrent Clear Claimed Marks
[2021-05-21T16:40:00.389+0100][gc,marking    ] GC(4) Concurrent Clear Claimed Marks 0,074ms
[2021-05-21T16:40:00.389+0100][gc,marking    ] GC(4) Concurrent Scan Root Regions
[2021-05-21T16:40:00.394+0100][gc,marking    ] GC(4) Concurrent Scan Root Regions 5,022ms
[2021-05-21T16:40:00.394+0100][gc,marking    ] GC(4) Concurrent Mark (4,151s)
[2021-05-21T16:40:00.394+0100][gc,marking    ] GC(4) Concurrent Mark From Roots
[2021-05-21T16:40:00.394+0100][gc,task       ] GC(4) Using 1 workers of 1 for marking
[2021-05-21T16:40:00.419+0100][gc,marking    ] GC(4) Concurrent Mark From Roots 25,395ms
[2021-05-21T16:40:00.419+0100][gc,marking    ] GC(4) Concurrent Preclean
[2021-05-21T16:40:00.421+0100][gc,marking    ] GC(4) Concurrent Preclean 1,722ms
[2021-05-21T16:40:00.421+0100][gc,marking    ] GC(4) Concurrent Mark (4,151s, 4,178s) 27,209ms
[2021-05-21T16:40:00.422+0100][gc,start      ] GC(4) Pause Remark
[2021-05-21T16:40:00.425+0100][gc,stringtable] GC(4) Cleaned string and symbol table, strings: 9586 processed, 11 removed, symbols: 72179 processed, 13 removed
[2021-05-21T16:40:00.426+0100][gc            ] GC(4) Pause Remark 142M->142M(1024M) 4,505ms
[2021-05-21T16:40:00.426+0100][gc,cpu        ] GC(4) User=0,00s Sys=0,00s Real=0,01s
[2021-05-21T16:40:00.429+0100][gc,marking    ] GC(4) Concurrent Rebuild Remembered Sets
[2021-05-21T16:40:00.448+0100][gc,marking    ] GC(4) Concurrent Rebuild Remembered Sets 18,375ms
[2021-05-21T16:40:00.461+0100][gc,start      ] GC(4) Pause Cleanup
[2021-05-21T16:40:00.462+0100][gc            ] GC(4) Pause Cleanup 144M->144M(1024M) 0,494ms
[2021-05-21T16:40:00.462+0100][gc,cpu        ] GC(4) User=0,00s Sys=0,00s Real=0,00s
[2021-05-21T16:40:00.464+0100][gc,marking    ] GC(4) Concurrent Cleanup for Next Mark
[2021-05-21T16:40:00.492+0100][gc,marking    ] GC(4) Concurrent Cleanup for Next Mark 28,129ms
[2021-05-21T16:40:00.492+0100][gc            ] GC(4) Concurrent Cycle 103,493ms
[2021-05-21T16:55:09.088+0100][gc,start      ] GC(5) Pause Young (Normal) (G1 Evacuation Pause)
[2021-05-21T16:55:09.088+0100][gc,task       ] GC(5) Using 2 workers of 2 for evacuation
[2021-05-21T16:55:09.144+0100][gc,mmu        ] GC(5) MMU target violated: 21,0ms (20,0ms/21,0ms)
[2021-05-21T16:55:09.144+0100][gc,phases     ] GC(5)   Pre Evacuate Collection Set: 0,0ms
[2021-05-21T16:55:09.144+0100][gc,phases     ] GC(5)   Evacuate Collection Set: 51,7ms
[2021-05-21T16:55:09.144+0100][gc,phases     ] GC(5)   Post Evacuate Collection Set: 3,5ms
[2021-05-21T16:55:09.144+0100][gc,phases     ] GC(5)   Other: 0,4ms
[2021-05-21T16:55:09.144+0100][gc,heap       ] GC(5) Eden regions: 46->0(48)
[2021-05-21T16:55:09.144+0100][gc,heap       ] GC(5) Survivor regions: 5->3(7)
[2021-05-21T16:55:09.144+0100][gc,heap       ] GC(5) Old regions: 9->13
[2021-05-21T16:55:09.144+0100][gc,heap       ] GC(5) Humongous regions: 129->129
[2021-05-21T16:55:09.144+0100][gc,metaspace  ] GC(5) Metaspace: 37918K->37918K(1083392K)
[2021-05-21T16:55:09.144+0100][gc            ] GC(5) Pause Young (Normal) (G1 Evacuation Pause) 186M->143M(1024M) 55,727ms
[2021-05-21T16:55:09.144+0100][gc,cpu        ] GC(5) User=0,01s Sys=0,03s Real=0,05s
[2021-05-21T16:59:50.336+0100][gc,start      ] GC(6) Pause Young (Normal) (G1 Evacuation Pause)
[2021-05-21T16:59:50.338+0100][gc,task       ] GC(6) Using 2 workers of 2 for evacuation
[2021-05-21T16:59:50.351+0100][gc,phases     ] GC(6)   Pre Evacuate Collection Set: 0,0ms
[2021-05-21T16:59:50.352+0100][gc,phases     ] GC(6)   Evacuate Collection Set: 7,1ms
[2021-05-21T16:59:50.352+0100][gc,phases     ] GC(6)   Post Evacuate Collection Set: 4,2ms
[2021-05-21T16:59:50.352+0100][gc,phases     ] GC(6)   Other: 2,0ms
[2021-05-21T16:59:50.352+0100][gc,heap       ] GC(6) Eden regions: 48->0(46)
[2021-05-21T16:59:50.352+0100][gc,heap       ] GC(6) Survivor regions: 3->5(7)
[2021-05-21T16:59:50.352+0100][gc,heap       ] GC(6) Old regions: 13->13
[2021-05-21T16:59:50.352+0100][gc,heap       ] GC(6) Humongous regions: 129->129
[2021-05-21T16:59:50.353+0100][gc,metaspace  ] GC(6) Metaspace: 38502K->38502K(1085440K)
[2021-05-21T16:59:50.354+0100][gc            ] GC(6) Pause Young (Normal) (G1 Evacuation Pause) 191M->144M(1024M) 18,103ms
[2021-05-21T16:59:50.354+0100][gc,cpu        ] GC(6) User=0,00s Sys=0,02s Real=0,02s
[2021-05-21T17:04:53.080+0100][gc,start      ] GC(7) Pause Young (Normal) (G1 Evacuation Pause)
[2021-05-21T17:04:53.080+0100][gc,task       ] GC(7) Using 2 workers of 2 for evacuation
[2021-05-21T17:04:53.096+0100][gc,phases     ] GC(7)   Pre Evacuate Collection Set: 0,0ms
[2021-05-21T17:04:53.096+0100][gc,phases     ] GC(7)   Evacuate Collection Set: 12,0ms
[2021-05-21T17:04:53.096+0100][gc,phases     ] GC(7)   Post Evacuate Collection Set: 3,7ms
[2021-05-21T17:04:53.096+0100][gc,phases     ] GC(7)   Other: 0,5ms
[2021-05-21T17:04:53.096+0100][gc,heap       ] GC(7) Eden regions: 46->0(48)
[2021-05-21T17:04:53.096+0100][gc,heap       ] GC(7) Survivor regions: 5->3(7)
[2021-05-21T17:04:53.096+0100][gc,heap       ] GC(7) Old regions: 13->15
[2021-05-21T17:04:53.096+0100][gc,heap       ] GC(7) Humongous regions: 129->129
[2021-05-21T17:04:53.096+0100][gc,metaspace  ] GC(7) Metaspace: 38566K->38566K(1085440K)
[2021-05-21T17:04:53.096+0100][gc            ] GC(7) Pause Young (Normal) (G1 Evacuation Pause) 190M->144M(1024M) 16,309ms
[2021-05-21T17:04:53.096+0100][gc,cpu        ] GC(7) User=0,01s Sys=0,01s Real=0,02s
[2021-05-21T17:10:20.341+0100][gc,start      ] GC(8) Pause Young (Normal) (G1 Evacuation Pause)
[2021-05-21T17:10:20.341+0100][gc,task       ] GC(8) Using 2 workers of 2 for evacuation
[2021-05-21T17:10:20.353+0100][gc,phases     ] GC(8)   Pre Evacuate Collection Set: 0,0ms
[2021-05-21T17:10:20.353+0100][gc,phases     ] GC(8)   Evacuate Collection Set: 11,0ms
[2021-05-21T17:10:20.353+0100][gc,phases     ] GC(8)   Post Evacuate Collection Set: 0,7ms
[2021-05-21T17:10:20.353+0100][gc,phases     ] GC(8)   Other: 0,7ms
[2021-05-21T17:10:20.353+0100][gc,heap       ] GC(8) Eden regions: 48->0(48)
[2021-05-21T17:10:20.353+0100][gc,heap       ] GC(8) Survivor regions: 3->3(7)
[2021-05-21T17:10:20.353+0100][gc,heap       ] GC(8) Old regions: 15->15
[2021-05-21T17:10:20.353+0100][gc,heap       ] GC(8) Humongous regions: 129->129
[2021-05-21T17:10:20.353+0100][gc,metaspace  ] GC(8) Metaspace: 38622K->38622K(1085440K)
[2021-05-21T17:10:20.353+0100][gc            ] GC(8) Pause Young (Normal) (G1 Evacuation Pause) 192M->145M(1024M) 11,970ms
[2021-05-21T17:10:20.353+0100][gc,cpu        ] GC(8) User=0,00s Sys=0,02s Real=0,01s
[2021-05-21T17:15:56.896+0100][gc,start      ] GC(9) Pause Young (Normal) (G1 Evacuation Pause)
[2021-05-21T17:15:56.896+0100][gc,task       ] GC(9) Using 2 workers of 2 for evacuation
[2021-05-21T17:15:56.907+0100][gc,phases     ] GC(9)   Pre Evacuate Collection Set: 0,0ms
[2021-05-21T17:15:56.907+0100][gc,phases     ] GC(9)   Evacuate Collection Set: 9,6ms
[2021-05-21T17:15:56.907+0100][gc,phases     ] GC(9)   Post Evacuate Collection Set: 1,2ms
[2021-05-21T17:15:56.907+0100][gc,phases     ] GC(9)   Other: 0,4ms
[2021-05-21T17:15:56.907+0100][gc,heap       ] GC(9) Eden regions: 48->0(47)
[2021-05-21T17:15:56.907+0100][gc,heap       ] GC(9) Survivor regions: 3->4(7)
[2021-05-21T17:15:56.907+0100][gc,heap       ] GC(9) Old regions: 15->15
[2021-05-21T17:15:56.907+0100][gc,heap       ] GC(9) Humongous regions: 129->129
[2021-05-21T17:15:56.907+0100][gc,metaspace  ] GC(9) Metaspace: 38650K->38650K(1085440K)
[2021-05-21T17:15:56.907+0100][gc            ] GC(9) Pause Young (Normal) (G1 Evacuation Pause) 193M->145M(1024M) 11,316ms
[2021-05-21T17:15:56.907+0100][gc,cpu        ] GC(9) User=0,01s Sys=0,01s Real=0,01s
[2021-05-21T17:18:28.545+0100][gc,heap,exit  ] Heap
[2021-05-21T17:18:28.549+0100][gc,heap,exit  ]  garbage-first heap   total 1048576K, used 190944K [0x00000000c0000000, 0x0000000100000000)
[2021-05-21T17:18:28.549+0100][gc,heap,exit  ]   region size 1024K, 46 young (47104K), 4 survivors (4096K)
[2021-05-21T17:18:28.549+0100][gc,heap,exit  ]  Metaspace       used 41209K, capacity 43248K, committed 43516K, reserved 1087488K
[2021-05-21T17:18:28.549+0100][gc,heap,exit  ]   class space    used 5032K, capacity 6017K, committed 6140K, reserved 1048576K
