[2021-05-24T00:11:36.210+0100][gc,heap] Heap region size: 1M
[2021-05-24T00:11:36.225+0100][gc     ] Using G1
[2021-05-24T00:11:36.225+0100][gc,heap,coops] Heap address: 0x00000000c0000000, size: 1024 MB, Compressed Oops mode: 32-bit
[2021-05-24T00:11:36.225+0100][gc,cds       ] Mark closed archive regions in map: [0x00000000fff00000, 0x00000000fff6aff8]
[2021-05-24T00:11:36.225+0100][gc,cds       ] Mark open archive regions in map: [0x00000000ffe00000, 0x00000000ffe46ff8]
[2021-05-24T00:11:38.027+0100][gc,start     ] GC(0) Pause Young (Normal) (G1 Evacuation Pause)
[2021-05-24T00:11:38.028+0100][gc,task      ] GC(0) Using 2 workers of 2 for evacuation
[2021-05-24T00:11:38.047+0100][gc,phases    ] GC(0)   Pre Evacuate Collection Set: 0,0ms
[2021-05-24T00:11:38.047+0100][gc,phases    ] GC(0)   Evacuate Collection Set: 17,5ms
[2021-05-24T00:11:38.047+0100][gc,phases    ] GC(0)   Post Evacuate Collection Set: 1,6ms
[2021-05-24T00:11:38.047+0100][gc,phases    ] GC(0)   Other: 0,9ms
[2021-05-24T00:11:38.047+0100][gc,heap      ] GC(0) Eden regions: 51->0(44)
[2021-05-24T00:11:38.047+0100][gc,heap      ] GC(0) Survivor regions: 0->7(7)
[2021-05-24T00:11:38.047+0100][gc,heap      ] GC(0) Old regions: 2->2
[2021-05-24T00:11:38.047+0100][gc,heap      ] GC(0) Humongous regions: 0->0
[2021-05-24T00:11:38.047+0100][gc,metaspace ] GC(0) Metaspace: 15389K->15389K(1062912K)
[2021-05-24T00:11:38.047+0100][gc           ] GC(0) Pause Young (Normal) (G1 Evacuation Pause) 51M->7M(1024M) 20,271ms
[2021-05-24T00:11:38.047+0100][gc,cpu       ] GC(0) User=0,01s Sys=0,02s Real=0,02s
[2021-05-24T00:11:38.509+0100][gc,start     ] GC(1) Pause Young (Concurrent Start) (Metadata GC Threshold)
[2021-05-24T00:11:38.509+0100][gc,task      ] GC(1) Using 2 workers of 2 for evacuation
[2021-05-24T00:11:38.537+0100][gc,mmu       ] GC(1) MMU target violated: 21,0ms (20,0ms/21,0ms)
[2021-05-24T00:11:38.537+0100][gc,phases    ] GC(1)   Pre Evacuate Collection Set: 0,1ms
[2021-05-24T00:11:38.537+0100][gc,phases    ] GC(1)   Evacuate Collection Set: 26,8ms
[2021-05-24T00:11:38.537+0100][gc,phases    ] GC(1)   Post Evacuate Collection Set: 1,1ms
[2021-05-24T00:11:38.537+0100][gc,phases    ] GC(1)   Other: 0,5ms
[2021-05-24T00:11:38.537+0100][gc,heap      ] GC(1) Eden regions: 22->0(50)
[2021-05-24T00:11:38.537+0100][gc,heap      ] GC(1) Survivor regions: 7->1(7)
[2021-05-24T00:11:38.537+0100][gc,heap      ] GC(1) Old regions: 2->9
[2021-05-24T00:11:38.537+0100][gc,heap      ] GC(1) Humongous regions: 0->0
[2021-05-24T00:11:38.537+0100][gc,metaspace ] GC(1) Metaspace: 20576K->20576K(1067008K)
[2021-05-24T00:11:38.537+0100][gc           ] GC(1) Pause Young (Concurrent Start) (Metadata GC Threshold) 28M->8M(1024M) 28,503ms
[2021-05-24T00:11:38.537+0100][gc,cpu       ] GC(1) User=0,03s Sys=0,01s Real=0,03s
[2021-05-24T00:11:38.537+0100][gc           ] GC(2) Concurrent Cycle
[2021-05-24T00:11:38.537+0100][gc,marking   ] GC(2) Concurrent Clear Claimed Marks
[2021-05-24T00:11:38.538+0100][gc,marking   ] GC(2) Concurrent Clear Claimed Marks 0,050ms
[2021-05-24T00:11:38.538+0100][gc,marking   ] GC(2) Concurrent Scan Root Regions
[2021-05-24T00:11:38.541+0100][gc,marking   ] GC(2) Concurrent Scan Root Regions 3,423ms
[2021-05-24T00:11:38.541+0100][gc,marking   ] GC(2) Concurrent Mark (2,340s)
[2021-05-24T00:11:38.541+0100][gc,marking   ] GC(2) Concurrent Mark From Roots
[2021-05-24T00:11:38.541+0100][gc,task      ] GC(2) Using 1 workers of 1 for marking
[2021-05-24T00:11:38.590+0100][gc,marking   ] GC(2) Concurrent Mark From Roots 49,376ms
[2021-05-24T00:11:38.590+0100][gc,marking   ] GC(2) Concurrent Preclean
[2021-05-24T00:11:38.591+0100][gc,marking   ] GC(2) Concurrent Preclean 0,269ms
[2021-05-24T00:11:38.591+0100][gc,marking   ] GC(2) Concurrent Mark (2,340s, 2,390s) 49,713ms
[2021-05-24T00:11:38.592+0100][gc,start     ] GC(2) Pause Remark
[2021-05-24T00:11:38.595+0100][gc,stringtable] GC(2) Cleaned string and symbol table, strings: 5150 processed, 0 removed, symbols: 50823 processed, 40 removed
[2021-05-24T00:11:38.596+0100][gc            ] GC(2) Pause Remark 9M->9M(1024M) 4,295ms
[2021-05-24T00:11:38.596+0100][gc,cpu        ] GC(2) User=0,00s Sys=0,00s Real=0,00s
[2021-05-24T00:11:38.596+0100][gc,marking    ] GC(2) Concurrent Rebuild Remembered Sets
[2021-05-24T00:11:38.607+0100][gc,marking    ] GC(2) Concurrent Rebuild Remembered Sets 10,442ms
[2021-05-24T00:11:38.608+0100][gc,start      ] GC(2) Pause Cleanup
[2021-05-24T00:11:38.608+0100][gc            ] GC(2) Pause Cleanup 9M->9M(1024M) 0,424ms
[2021-05-24T00:11:38.608+0100][gc,cpu        ] GC(2) User=0,00s Sys=0,00s Real=0,00s
[2021-05-24T00:11:38.608+0100][gc,marking    ] GC(2) Concurrent Cleanup for Next Mark
[2021-05-24T00:11:38.619+0100][gc,marking    ] GC(2) Concurrent Cleanup for Next Mark 10,275ms
[2021-05-24T00:11:38.619+0100][gc            ] GC(2) Concurrent Cycle 81,174ms
[2021-05-24T00:11:40.614+0100][gc,start      ] GC(3) Pause Young (Concurrent Start) (G1 Evacuation Pause)
[2021-05-24T00:11:40.614+0100][gc,task       ] GC(3) Using 2 workers of 2 for evacuation
[2021-05-24T00:11:40.634+0100][gc,phases     ] GC(3)   Pre Evacuate Collection Set: 0,1ms
[2021-05-24T00:11:40.634+0100][gc,phases     ] GC(3)   Evacuate Collection Set: 13,0ms
[2021-05-24T00:11:40.634+0100][gc,phases     ] GC(3)   Post Evacuate Collection Set: 1,6ms
[2021-05-24T00:11:40.634+0100][gc,phases     ] GC(3)   Other: 5,8ms
[2021-05-24T00:11:40.634+0100][gc,heap       ] GC(3) Eden regions: 50->0(47)
[2021-05-24T00:11:40.634+0100][gc,heap       ] GC(3) Survivor regions: 1->4(7)
[2021-05-24T00:11:40.635+0100][gc,heap       ] GC(3) Old regions: 9->9
[2021-05-24T00:11:40.635+0100][gc,heap       ] GC(3) Humongous regions: 129->129
[2021-05-24T00:11:40.635+0100][gc,metaspace  ] GC(3) Metaspace: 29171K->29171K(1075200K)
[2021-05-24T00:11:40.635+0100][gc            ] GC(3) Pause Young (Concurrent Start) (G1 Evacuation Pause) 187M->140M(1024M) 20,958ms
[2021-05-24T00:11:40.635+0100][gc,cpu        ] GC(3) User=0,01s Sys=0,01s Real=0,05s
[2021-05-24T00:11:40.635+0100][gc            ] GC(4) Concurrent Cycle
[2021-05-24T00:11:40.635+0100][gc,marking    ] GC(4) Concurrent Clear Claimed Marks
[2021-05-24T00:11:40.635+0100][gc,marking    ] GC(4) Concurrent Clear Claimed Marks 0,110ms
[2021-05-24T00:11:40.635+0100][gc,marking    ] GC(4) Concurrent Scan Root Regions
[2021-05-24T00:11:40.644+0100][gc,marking    ] GC(4) Concurrent Scan Root Regions 8,876ms
[2021-05-24T00:11:40.644+0100][gc,marking    ] GC(4) Concurrent Mark (4,443s)
[2021-05-24T00:11:40.644+0100][gc,marking    ] GC(4) Concurrent Mark From Roots
[2021-05-24T00:11:40.644+0100][gc,task       ] GC(4) Using 1 workers of 1 for marking
[2021-05-24T00:11:40.675+0100][gc,marking    ] GC(4) Concurrent Mark From Roots 31,154ms
[2021-05-24T00:11:40.675+0100][gc,marking    ] GC(4) Concurrent Preclean
[2021-05-24T00:11:40.675+0100][gc,marking    ] GC(4) Concurrent Preclean 0,119ms
[2021-05-24T00:11:40.675+0100][gc,marking    ] GC(4) Concurrent Mark (4,443s, 4,475s) 31,600ms
[2021-05-24T00:11:40.676+0100][gc,start      ] GC(4) Pause Remark
[2021-05-24T00:11:40.681+0100][gc,stringtable] GC(4) Cleaned string and symbol table, strings: 7973 processed, 11 removed, symbols: 65043 processed, 7 removed
[2021-05-24T00:11:40.682+0100][gc            ] GC(4) Pause Remark 141M->141M(1024M) 5,377ms
[2021-05-24T00:11:40.682+0100][gc,cpu        ] GC(4) User=0,00s Sys=0,00s Real=0,00s
[2021-05-24T00:11:40.682+0100][gc,marking    ] GC(4) Concurrent Rebuild Remembered Sets
[2021-05-24T00:11:40.690+0100][gc,marking    ] GC(4) Concurrent Rebuild Remembered Sets 8,273ms
[2021-05-24T00:11:40.691+0100][gc,start      ] GC(4) Pause Cleanup
[2021-05-24T00:11:40.691+0100][gc            ] GC(4) Pause Cleanup 141M->141M(1024M) 0,259ms
[2021-05-24T00:11:40.691+0100][gc,cpu        ] GC(4) User=0,00s Sys=0,00s Real=0,00s
[2021-05-24T00:11:40.695+0100][gc,marking    ] GC(4) Concurrent Cleanup for Next Mark
[2021-05-24T00:11:40.707+0100][gc,marking    ] GC(4) Concurrent Cleanup for Next Mark 11,764ms
[2021-05-24T00:11:40.707+0100][gc            ] GC(4) Concurrent Cycle 71,775ms
[2021-05-24T00:12:01.591+0100][gc,start      ] GC(5) Pause Young (Normal) (G1 Evacuation Pause)
[2021-05-24T00:12:01.591+0100][gc,task       ] GC(5) Using 2 workers of 2 for evacuation
[2021-05-24T00:12:01.618+0100][gc,mmu        ] GC(5) MMU target violated: 21,0ms (20,0ms/21,0ms)
[2021-05-24T00:12:01.618+0100][gc,phases     ] GC(5)   Pre Evacuate Collection Set: 0,0ms
[2021-05-24T00:12:01.618+0100][gc,phases     ] GC(5)   Evacuate Collection Set: 15,9ms
[2021-05-24T00:12:01.618+0100][gc,phases     ] GC(5)   Post Evacuate Collection Set: 1,9ms
[2021-05-24T00:12:01.618+0100][gc,phases     ] GC(5)   Other: 9,1ms
[2021-05-24T00:12:01.618+0100][gc,heap       ] GC(5) Eden regions: 47->0(44)
[2021-05-24T00:12:01.618+0100][gc,heap       ] GC(5) Survivor regions: 4->7(7)
[2021-05-24T00:12:01.618+0100][gc,heap       ] GC(5) Old regions: 9->9
[2021-05-24T00:12:01.622+0100][gc,heap       ] GC(5) Humongous regions: 153->129
[2021-05-24T00:12:01.622+0100][gc,metaspace  ] GC(5) Metaspace: 38058K->38058K(1083392K)
[2021-05-24T00:12:01.622+0100][gc            ] GC(5) Pause Young (Normal) (G1 Evacuation Pause) 211M->143M(1024M) 30,862ms
[2021-05-24T00:12:01.622+0100][gc,cpu        ] GC(5) User=0,03s Sys=0,01s Real=0,02s
[2021-05-24T00:19:31.026+0100][gc,start      ] GC(6) Pause Young (Normal) (G1 Evacuation Pause)
[2021-05-24T00:19:31.029+0100][gc,task       ] GC(6) Using 2 workers of 2 for evacuation
[2021-05-24T00:19:31.051+0100][gc,mmu        ] GC(6) MMU target violated: 21,0ms (20,0ms/21,0ms)
[2021-05-24T00:19:31.051+0100][gc,phases     ] GC(6)   Pre Evacuate Collection Set: 0,1ms
[2021-05-24T00:19:31.051+0100][gc,phases     ] GC(6)   Evacuate Collection Set: 20,8ms
[2021-05-24T00:19:31.051+0100][gc,phases     ] GC(6)   Post Evacuate Collection Set: 1,0ms
[2021-05-24T00:19:31.051+0100][gc,phases     ] GC(6)   Other: 3,2ms
[2021-05-24T00:19:31.051+0100][gc,heap       ] GC(6) Eden regions: 44->0(45)
[2021-05-24T00:19:31.051+0100][gc,heap       ] GC(6) Survivor regions: 7->6(7)
[2021-05-24T00:19:31.051+0100][gc,heap       ] GC(6) Old regions: 9->13
[2021-05-24T00:19:31.051+0100][gc,heap       ] GC(6) Humongous regions: 129->129
[2021-05-24T00:19:31.051+0100][gc,metaspace  ] GC(6) Metaspace: 41213K->41213K(1087488K)
[2021-05-24T00:19:31.051+0100][gc            ] GC(6) Pause Young (Normal) (G1 Evacuation Pause) 187M->145M(1024M) 25,034ms
[2021-05-24T00:19:31.051+0100][gc,cpu        ] GC(6) User=0,04s Sys=0,01s Real=0,03s
[2021-05-24T00:34:22.524+0100][gc,start      ] GC(7) Pause Young (Normal) (G1 Evacuation Pause)
[2021-05-24T00:34:22.524+0100][gc,task       ] GC(7) Using 2 workers of 2 for evacuation
[2021-05-24T00:34:22.535+0100][gc,phases     ] GC(7)   Pre Evacuate Collection Set: 0,0ms
[2021-05-24T00:34:22.535+0100][gc,phases     ] GC(7)   Evacuate Collection Set: 9,8ms
[2021-05-24T00:34:22.535+0100][gc,phases     ] GC(7)   Post Evacuate Collection Set: 1,0ms
[2021-05-24T00:34:22.535+0100][gc,phases     ] GC(7)   Other: 0,4ms
[2021-05-24T00:34:22.535+0100][gc,heap       ] GC(7) Eden regions: 45->0(48)
[2021-05-24T00:34:22.535+0100][gc,heap       ] GC(7) Survivor regions: 6->3(7)
[2021-05-24T00:34:22.535+0100][gc,heap       ] GC(7) Old regions: 13->16
[2021-05-24T00:34:22.535+0100][gc,heap       ] GC(7) Humongous regions: 129->129
[2021-05-24T00:34:22.535+0100][gc,metaspace  ] GC(7) Metaspace: 41614K->41614K(1087488K)
[2021-05-24T00:34:22.535+0100][gc            ] GC(7) Pause Young (Normal) (G1 Evacuation Pause) 190M->145M(1024M) 11,419ms
[2021-05-24T00:34:22.535+0100][gc,cpu        ] GC(7) User=0,02s Sys=0,00s Real=0,01s
[2021-05-24T01:10:02.201+0100][gc,start      ] GC(8) Pause Young (Normal) (G1 Evacuation Pause)
[2021-05-24T01:10:02.201+0100][gc,task       ] GC(8) Using 2 workers of 2 for evacuation
[2021-05-24T01:10:02.213+0100][gc,phases     ] GC(8)   Pre Evacuate Collection Set: 0,0ms
[2021-05-24T01:10:02.213+0100][gc,phases     ] GC(8)   Evacuate Collection Set: 9,3ms
[2021-05-24T01:10:02.213+0100][gc,phases     ] GC(8)   Post Evacuate Collection Set: 2,1ms
[2021-05-24T01:10:02.213+0100][gc,phases     ] GC(8)   Other: 0,2ms
[2021-05-24T01:10:02.213+0100][gc,heap       ] GC(8) Eden regions: 48->0(48)
[2021-05-24T01:10:02.213+0100][gc,heap       ] GC(8) Survivor regions: 3->3(7)
[2021-05-24T01:10:02.213+0100][gc,heap       ] GC(8) Old regions: 16->16
[2021-05-24T01:10:02.213+0100][gc,heap       ] GC(8) Humongous regions: 129->129
[2021-05-24T01:10:02.213+0100][gc,metaspace  ] GC(8) Metaspace: 41773K->41773K(1087488K)
[2021-05-24T01:10:02.213+0100][gc            ] GC(8) Pause Young (Normal) (G1 Evacuation Pause) 193M->145M(1024M) 11,774ms
[2021-05-24T01:10:02.213+0100][gc,cpu        ] GC(8) User=0,01s Sys=0,00s Real=0,02s
[2021-05-24T01:18:06.360+0100][gc,start      ] GC(9) Pause Young (Normal) (G1 Evacuation Pause)
[2021-05-24T01:18:06.360+0100][gc,task       ] GC(9) Using 2 workers of 2 for evacuation
[2021-05-24T01:18:06.371+0100][gc,phases     ] GC(9)   Pre Evacuate Collection Set: 0,0ms
[2021-05-24T01:18:06.371+0100][gc,phases     ] GC(9)   Evacuate Collection Set: 9,1ms
[2021-05-24T01:18:06.371+0100][gc,phases     ] GC(9)   Post Evacuate Collection Set: 1,9ms
[2021-05-24T01:18:06.371+0100][gc,phases     ] GC(9)   Other: 0,6ms
[2021-05-24T01:18:06.371+0100][gc,heap       ] GC(9) Eden regions: 48->0(46)
[2021-05-24T01:18:06.372+0100][gc,heap       ] GC(9) Survivor regions: 3->5(7)
[2021-05-24T01:18:06.372+0100][gc,heap       ] GC(9) Old regions: 16->16
[2021-05-24T01:18:06.372+0100][gc,heap       ] GC(9) Humongous regions: 129->129
[2021-05-24T01:18:06.372+0100][gc,metaspace  ] GC(9) Metaspace: 42111K->42111K(1087488K)
[2021-05-24T01:18:06.372+0100][gc            ] GC(9) Pause Young (Normal) (G1 Evacuation Pause) 193M->147M(1024M) 11,779ms
[2021-05-24T01:18:06.372+0100][gc,cpu        ] GC(9) User=0,01s Sys=0,01s Real=0,02s
[2021-05-24T01:22:27.059+0100][gc,start      ] GC(10) Pause Young (Normal) (G1 Evacuation Pause)
[2021-05-24T01:22:27.059+0100][gc,task       ] GC(10) Using 2 workers of 2 for evacuation
[2021-05-24T01:22:27.069+0100][gc,phases     ] GC(10)   Pre Evacuate Collection Set: 0,0ms
[2021-05-24T01:22:27.069+0100][gc,phases     ] GC(10)   Evacuate Collection Set: 7,8ms
[2021-05-24T01:22:27.069+0100][gc,phases     ] GC(10)   Post Evacuate Collection Set: 1,6ms
[2021-05-24T01:22:27.069+0100][gc,phases     ] GC(10)   Other: 0,4ms
[2021-05-24T01:22:27.069+0100][gc,heap       ] GC(10) Eden regions: 46->0(48)
[2021-05-24T01:22:27.069+0100][gc,heap       ] GC(10) Survivor regions: 5->3(7)
[2021-05-24T01:22:27.069+0100][gc,heap       ] GC(10) Old regions: 16->17
[2021-05-24T01:22:27.069+0100][gc,heap       ] GC(10) Humongous regions: 129->129
[2021-05-24T01:22:27.069+0100][gc,metaspace  ] GC(10) Metaspace: 42317K->42317K(1087488K)
[2021-05-24T01:22:27.069+0100][gc            ] GC(10) Pause Young (Normal) (G1 Evacuation Pause) 193M->146M(1024M) 9,870ms
[2021-05-24T01:22:27.069+0100][gc,cpu        ] GC(10) User=0,01s Sys=0,00s Real=0,01s
[2021-05-24T01:29:35.629+0100][gc,start      ] GC(11) Pause Young (Normal) (G1 Evacuation Pause)
[2021-05-24T01:29:35.629+0100][gc,task       ] GC(11) Using 2 workers of 2 for evacuation
[2021-05-24T01:29:35.652+0100][gc,mmu        ] GC(11) MMU target violated: 21,0ms (20,0ms/21,0ms)
[2021-05-24T01:29:35.652+0100][gc,phases     ] GC(11)   Pre Evacuate Collection Set: 0,0ms
[2021-05-24T01:29:35.652+0100][gc,phases     ] GC(11)   Evacuate Collection Set: 21,7ms
[2021-05-24T01:29:35.652+0100][gc,phases     ] GC(11)   Post Evacuate Collection Set: 0,4ms
[2021-05-24T01:29:35.652+0100][gc,phases     ] GC(11)   Other: 0,5ms
[2021-05-24T01:29:35.652+0100][gc,heap       ] GC(11) Eden regions: 48->0(47)
[2021-05-24T01:29:35.652+0100][gc,heap       ] GC(11) Survivor regions: 3->4(7)
[2021-05-24T01:29:35.652+0100][gc,heap       ] GC(11) Old regions: 17->17
[2021-05-24T01:29:35.652+0100][gc,heap       ] GC(11) Humongous regions: 129->129
[2021-05-24T01:29:35.652+0100][gc,metaspace  ] GC(11) Metaspace: 42524K->42524K(1087488K)
[2021-05-24T01:29:35.652+0100][gc            ] GC(11) Pause Young (Normal) (G1 Evacuation Pause) 194M->147M(1024M) 22,778ms
[2021-05-24T01:29:35.652+0100][gc,cpu        ] GC(11) User=0,01s Sys=0,00s Real=0,03s
[2021-05-24T01:36:11.948+0100][gc,start      ] GC(12) Pause Young (Normal) (G1 Evacuation Pause)
[2021-05-24T01:36:11.948+0100][gc,task       ] GC(12) Using 2 workers of 2 for evacuation
[2021-05-24T01:36:11.963+0100][gc,phases     ] GC(12)   Pre Evacuate Collection Set: 0,1ms
[2021-05-24T01:36:11.963+0100][gc,phases     ] GC(12)   Evacuate Collection Set: 13,1ms
[2021-05-24T01:36:11.963+0100][gc,phases     ] GC(12)   Post Evacuate Collection Set: 1,5ms
[2021-05-24T01:36:11.963+0100][gc,phases     ] GC(12)   Other: 0,7ms
[2021-05-24T01:36:11.963+0100][gc,heap       ] GC(12) Eden regions: 47->0(47)
[2021-05-24T01:36:11.963+0100][gc,heap       ] GC(12) Survivor regions: 4->4(7)
[2021-05-24T01:36:11.963+0100][gc,heap       ] GC(12) Old regions: 17->17
[2021-05-24T01:36:11.963+0100][gc,heap       ] GC(12) Humongous regions: 129->129
[2021-05-24T01:36:11.963+0100][gc,metaspace  ] GC(12) Metaspace: 42593K->42593K(1087488K)
[2021-05-24T01:36:11.963+0100][gc            ] GC(12) Pause Young (Normal) (G1 Evacuation Pause) 194M->147M(1024M) 15,200ms
[2021-05-24T01:36:11.963+0100][gc,cpu        ] GC(12) User=0,01s Sys=0,01s Real=0,02s
[2021-05-24T01:37:16.688+0100][gc,start      ] GC(13) Pause Young (Normal) (G1 Evacuation Pause)
[2021-05-24T01:37:16.688+0100][gc,task       ] GC(13) Using 2 workers of 2 for evacuation
[2021-05-24T01:37:16.696+0100][gc,phases     ] GC(13)   Pre Evacuate Collection Set: 0,0ms
[2021-05-24T01:37:16.696+0100][gc,phases     ] GC(13)   Evacuate Collection Set: 6,8ms
[2021-05-24T01:37:16.696+0100][gc,phases     ] GC(13)   Post Evacuate Collection Set: 0,9ms
[2021-05-24T01:37:16.696+0100][gc,phases     ] GC(13)   Other: 0,5ms
[2021-05-24T01:37:16.696+0100][gc,heap       ] GC(13) Eden regions: 47->0(47)
[2021-05-24T01:37:16.696+0100][gc,heap       ] GC(13) Survivor regions: 4->4(7)
[2021-05-24T01:37:16.696+0100][gc,heap       ] GC(13) Old regions: 17->17
[2021-05-24T01:37:16.696+0100][gc,heap       ] GC(13) Humongous regions: 129->129
[2021-05-24T01:37:16.696+0100][gc,metaspace  ] GC(13) Metaspace: 42625K->42625K(1087488K)
[2021-05-24T01:37:16.696+0100][gc            ] GC(13) Pause Young (Normal) (G1 Evacuation Pause) 194M->148M(1024M) 8,247ms
[2021-05-24T01:37:16.696+0100][gc,cpu        ] GC(13) User=0,00s Sys=0,01s Real=0,01s
[2021-05-24T01:43:30.468+0100][gc,start      ] GC(14) Pause Young (Normal) (G1 Evacuation Pause)
[2021-05-24T01:43:30.468+0100][gc,task       ] GC(14) Using 2 workers of 2 for evacuation
[2021-05-24T01:43:30.475+0100][gc,phases     ] GC(14)   Pre Evacuate Collection Set: 0,0ms
[2021-05-24T01:43:30.475+0100][gc,phases     ] GC(14)   Evacuate Collection Set: 6,1ms
[2021-05-24T01:43:30.475+0100][gc,phases     ] GC(14)   Post Evacuate Collection Set: 0,9ms
[2021-05-24T01:43:30.475+0100][gc,phases     ] GC(14)   Other: 0,4ms
[2021-05-24T01:43:30.475+0100][gc,heap       ] GC(14) Eden regions: 47->0(47)
[2021-05-24T01:43:30.475+0100][gc,heap       ] GC(14) Survivor regions: 4->4(7)
[2021-05-24T01:43:30.475+0100][gc,heap       ] GC(14) Old regions: 17->17
[2021-05-24T01:43:30.475+0100][gc,heap       ] GC(14) Humongous regions: 129->129
[2021-05-24T01:43:30.475+0100][gc,metaspace  ] GC(14) Metaspace: 42634K->42634K(1087488K)
[2021-05-24T01:43:30.475+0100][gc            ] GC(14) Pause Young (Normal) (G1 Evacuation Pause) 195M->148M(1024M) 7,521ms
[2021-05-24T01:43:30.475+0100][gc,cpu        ] GC(14) User=0,01s Sys=0,01s Real=0,01s
[2021-05-24T01:59:41.105+0100][gc,start      ] GC(15) Pause Young (Normal) (G1 Evacuation Pause)
[2021-05-24T01:59:41.106+0100][gc,task       ] GC(15) Using 2 workers of 2 for evacuation
[2021-05-24T01:59:41.127+0100][gc,mmu        ] GC(15) MMU target violated: 21,0ms (20,0ms/21,0ms)
[2021-05-24T01:59:41.127+0100][gc,phases     ] GC(15)   Pre Evacuate Collection Set: 0,0ms
[2021-05-24T01:59:41.127+0100][gc,phases     ] GC(15)   Evacuate Collection Set: 18,8ms
[2021-05-24T01:59:41.127+0100][gc,phases     ] GC(15)   Post Evacuate Collection Set: 1,7ms
[2021-05-24T01:59:41.127+0100][gc,phases     ] GC(15)   Other: 1,5ms
[2021-05-24T01:59:41.127+0100][gc,heap       ] GC(15) Eden regions: 47->0(47)
[2021-05-24T01:59:41.127+0100][gc,heap       ] GC(15) Survivor regions: 4->4(7)
[2021-05-24T01:59:41.127+0100][gc,heap       ] GC(15) Old regions: 17->17
[2021-05-24T01:59:41.127+0100][gc,heap       ] GC(15) Humongous regions: 129->129
[2021-05-24T01:59:41.127+0100][gc,metaspace  ] GC(15) Metaspace: 42688K->42688K(1087488K)
[2021-05-24T01:59:41.127+0100][gc            ] GC(15) Pause Young (Normal) (G1 Evacuation Pause) 195M->148M(1024M) 22,163ms
[2021-05-24T01:59:41.127+0100][gc,cpu        ] GC(15) User=0,03s Sys=0,00s Real=0,02s
[2021-05-24T02:24:34.404+0100][gc,start      ] GC(16) Pause Young (Normal) (G1 Evacuation Pause)
[2021-05-24T02:24:34.404+0100][gc,task       ] GC(16) Using 2 workers of 2 for evacuation
[2021-05-24T02:24:34.419+0100][gc,phases     ] GC(16)   Pre Evacuate Collection Set: 0,0ms
[2021-05-24T02:24:34.420+0100][gc,phases     ] GC(16)   Evacuate Collection Set: 14,5ms
[2021-05-24T02:24:34.420+0100][gc,phases     ] GC(16)   Post Evacuate Collection Set: 0,9ms
[2021-05-24T02:24:34.420+0100][gc,phases     ] GC(16)   Other: 0,2ms
[2021-05-24T02:24:34.420+0100][gc,heap       ] GC(16) Eden regions: 47->0(47)
[2021-05-24T02:24:34.420+0100][gc,heap       ] GC(16) Survivor regions: 4->4(7)
[2021-05-24T02:24:34.420+0100][gc,heap       ] GC(16) Old regions: 17->17
[2021-05-24T02:24:34.420+0100][gc,heap       ] GC(16) Humongous regions: 129->129
[2021-05-24T02:24:34.420+0100][gc,metaspace  ] GC(16) Metaspace: 42742K->42742K(1087488K)
[2021-05-24T02:24:34.420+0100][gc            ] GC(16) Pause Young (Normal) (G1 Evacuation Pause) 195M->148M(1024M) 15,757ms
[2021-05-24T02:24:34.420+0100][gc,cpu        ] GC(16) User=0,01s Sys=0,01s Real=0,01s
[2021-05-24T02:28:49.434+0100][gc,start      ] GC(17) Pause Young (Normal) (G1 Evacuation Pause)
[2021-05-24T02:28:49.437+0100][gc,task       ] GC(17) Using 2 workers of 2 for evacuation
[2021-05-24T02:28:49.446+0100][gc,phases     ] GC(17)   Pre Evacuate Collection Set: 0,1ms
[2021-05-24T02:28:49.446+0100][gc,phases     ] GC(17)   Evacuate Collection Set: 7,5ms
[2021-05-24T02:28:49.446+0100][gc,phases     ] GC(17)   Post Evacuate Collection Set: 1,2ms
[2021-05-24T02:28:49.446+0100][gc,phases     ] GC(17)   Other: 3,0ms
[2021-05-24T02:28:49.446+0100][gc,heap       ] GC(17) Eden regions: 47->0(49)
[2021-05-24T02:28:49.446+0100][gc,heap       ] GC(17) Survivor regions: 4->4(7)
[2021-05-24T02:28:49.446+0100][gc,heap       ] GC(17) Old regions: 17->17
[2021-05-24T02:28:49.446+0100][gc,heap       ] GC(17) Humongous regions: 129->129
[2021-05-24T02:28:49.446+0100][gc,metaspace  ] GC(17) Metaspace: 42745K->42745K(1087488K)
[2021-05-24T02:28:49.449+0100][gc            ] GC(17) Pause Young (Normal) (G1 Evacuation Pause) 195M->148M(1024M) 11,849ms
[2021-05-24T02:28:49.449+0100][gc,cpu        ] GC(17) User=0,01s Sys=0,00s Real=0,01s
[2021-05-24T02:39:56.892+0100][gc,start      ] GC(18) Pause Young (Normal) (G1 Evacuation Pause)
[2021-05-24T02:39:56.892+0100][gc,task       ] GC(18) Using 2 workers of 2 for evacuation
[2021-05-24T02:39:56.904+0100][gc,phases     ] GC(18)   Pre Evacuate Collection Set: 0,0ms
[2021-05-24T02:39:56.904+0100][gc,phases     ] GC(18)   Evacuate Collection Set: 6,4ms
[2021-05-24T02:39:56.904+0100][gc,phases     ] GC(18)   Post Evacuate Collection Set: 4,2ms
[2021-05-24T02:39:56.904+0100][gc,phases     ] GC(18)   Other: 0,7ms
[2021-05-24T02:39:56.904+0100][gc,heap       ] GC(18) Eden regions: 49->0(51)
[2021-05-24T02:39:56.904+0100][gc,heap       ] GC(18) Survivor regions: 4->4(7)
[2021-05-24T02:39:56.904+0100][gc,heap       ] GC(18) Old regions: 17->17
[2021-05-24T02:39:56.904+0100][gc,heap       ] GC(18) Humongous regions: 129->129
[2021-05-24T02:39:56.904+0100][gc,metaspace  ] GC(18) Metaspace: 42747K->42747K(1087488K)
[2021-05-24T02:39:56.904+0100][gc            ] GC(18) Pause Young (Normal) (G1 Evacuation Pause) 197M->148M(1024M) 11,507ms
[2021-05-24T02:39:56.904+0100][gc,cpu        ] GC(18) User=0,00s Sys=0,01s Real=0,01s
[2021-05-24T03:17:47.202+0100][gc,start      ] GC(19) Pause Young (Normal) (G1 Evacuation Pause)
[2021-05-24T03:17:47.202+0100][gc,task       ] GC(19) Using 2 workers of 2 for evacuation
[2021-05-24T03:17:47.212+0100][gc,phases     ] GC(19)   Pre Evacuate Collection Set: 0,0ms
[2021-05-24T03:17:47.213+0100][gc,phases     ] GC(19)   Evacuate Collection Set: 8,8ms
[2021-05-24T03:17:47.213+0100][gc,phases     ] GC(19)   Post Evacuate Collection Set: 0,7ms
[2021-05-24T03:17:47.213+0100][gc,phases     ] GC(19)   Other: 0,2ms
[2021-05-24T03:17:47.213+0100][gc,heap       ] GC(19) Eden regions: 51->0(57)
[2021-05-24T03:17:47.213+0100][gc,heap       ] GC(19) Survivor regions: 4->4(7)
[2021-05-24T03:17:47.213+0100][gc,heap       ] GC(19) Old regions: 17->17
[2021-05-24T03:17:47.213+0100][gc,heap       ] GC(19) Humongous regions: 129->129
[2021-05-24T03:17:47.213+0100][gc,metaspace  ] GC(19) Metaspace: 42770K->42770K(1089536K)
[2021-05-24T03:17:47.213+0100][gc            ] GC(19) Pause Young (Normal) (G1 Evacuation Pause) 199M->148M(1024M) 11,189ms
[2021-05-24T03:17:47.213+0100][gc,cpu        ] GC(19) User=0,01s Sys=0,00s Real=0,02s
[2021-05-24T03:41:20.458+0100][gc,start      ] GC(20) Pause Young (Normal) (G1 Evacuation Pause)
[2021-05-24T03:41:20.461+0100][gc,task       ] GC(20) Using 2 workers of 2 for evacuation
[2021-05-24T03:41:20.470+0100][gc,phases     ] GC(20)   Pre Evacuate Collection Set: 0,0ms
[2021-05-24T03:41:20.470+0100][gc,phases     ] GC(20)   Evacuate Collection Set: 6,4ms
[2021-05-24T03:41:20.470+0100][gc,phases     ] GC(20)   Post Evacuate Collection Set: 2,0ms
[2021-05-24T03:41:20.470+0100][gc,phases     ] GC(20)   Other: 4,0ms
[2021-05-24T03:41:20.470+0100][gc,heap       ] GC(20) Eden regions: 57->0(463)
[2021-05-24T03:41:20.470+0100][gc,heap       ] GC(20) Survivor regions: 4->4(8)
[2021-05-24T03:41:20.470+0100][gc,heap       ] GC(20) Old regions: 17->17
[2021-05-24T03:41:20.470+0100][gc,heap       ] GC(20) Humongous regions: 129->129
[2021-05-24T03:41:20.470+0100][gc,metaspace  ] GC(20) Metaspace: 42781K->42781K(1089536K)
[2021-05-24T03:41:20.470+0100][gc            ] GC(20) Pause Young (Normal) (G1 Evacuation Pause) 205M->148M(1024M) 12,492ms
[2021-05-24T03:41:20.470+0100][gc,cpu        ] GC(20) User=0,00s Sys=0,01s Real=0,01s
[2021-05-24T03:54:55.055+0100][gc,heap,exit  ] Heap
[2021-05-24T03:54:55.055+0100][gc,heap,exit  ]  garbage-first heap   total 1048576K, used 218520K [0x00000000c0000000, 0x0000000100000000)
[2021-05-24T03:54:55.055+0100][gc,heap,exit  ]   region size 1024K, 70 young (71680K), 4 survivors (4096K)
[2021-05-24T03:54:55.055+0100][gc,heap,exit  ]  Metaspace       used 43471K, capacity 45828K, committed 45948K, reserved 1089536K
[2021-05-24T03:54:55.055+0100][gc,heap,exit  ]   class space    used 5202K, capacity 6262K, committed 6268K, reserved 1048576K
