[2021-05-23T15:58:07.227+0100][gc,heap] Heap region size: 1M
[2021-05-23T15:58:07.267+0100][gc     ] Using G1
[2021-05-23T15:58:07.267+0100][gc,heap,coops] Heap address: 0x00000000c0000000, size: 1024 MB, Compressed Oops mode: 32-bit
[2021-05-23T15:58:07.269+0100][gc,cds       ] Mark closed archive regions in map: [0x00000000fff00000, 0x00000000fff6aff8]
[2021-05-23T15:58:07.269+0100][gc,cds       ] Mark open archive regions in map: [0x00000000ffe00000, 0x00000000ffe46ff8]
[2021-05-23T15:58:10.571+0100][gc,start     ] GC(0) Pause Young (Normal) (G1 Evacuation Pause)
[2021-05-23T15:58:10.572+0100][gc,task      ] GC(0) Using 2 workers of 2 for evacuation
[2021-05-23T15:58:10.626+0100][gc,mmu       ] GC(0) MMU target violated: 21,0ms (20,0ms/21,0ms)
[2021-05-23T15:58:10.626+0100][gc,phases    ] GC(0)   Pre Evacuate Collection Set: 0,0ms
[2021-05-23T15:58:10.626+0100][gc,phases    ] GC(0)   Evacuate Collection Set: 52,7ms
[2021-05-23T15:58:10.626+0100][gc,phases    ] GC(0)   Post Evacuate Collection Set: 0,6ms
[2021-05-23T15:58:10.626+0100][gc,phases    ] GC(0)   Other: 1,2ms
[2021-05-23T15:58:10.626+0100][gc,heap      ] GC(0) Eden regions: 51->0(44)
[2021-05-23T15:58:10.626+0100][gc,heap      ] GC(0) Survivor regions: 0->7(7)
[2021-05-23T15:58:10.626+0100][gc,heap      ] GC(0) Old regions: 2->2
[2021-05-23T15:58:10.626+0100][gc,heap      ] GC(0) Humongous regions: 0->0
[2021-05-23T15:58:10.626+0100][gc,metaspace ] GC(0) Metaspace: 15357K->15357K(1062912K)
[2021-05-23T15:58:10.626+0100][gc           ] GC(0) Pause Young (Normal) (G1 Evacuation Pause) 51M->7M(1024M) 54,445ms
[2021-05-23T15:58:10.626+0100][gc,cpu       ] GC(0) User=0,01s Sys=0,10s Real=0,05s
[2021-05-23T15:58:11.504+0100][gc,start     ] GC(1) Pause Young (Concurrent Start) (Metadata GC Threshold)
[2021-05-23T15:58:11.504+0100][gc,task      ] GC(1) Using 2 workers of 2 for evacuation
[2021-05-23T15:58:11.572+0100][gc,mmu       ] GC(1) MMU target violated: 21,0ms (20,0ms/21,0ms)
[2021-05-23T15:58:11.572+0100][gc,phases    ] GC(1)   Pre Evacuate Collection Set: 0,1ms
[2021-05-23T15:58:11.572+0100][gc,phases    ] GC(1)   Evacuate Collection Set: 66,6ms
[2021-05-23T15:58:11.572+0100][gc,phases    ] GC(1)   Post Evacuate Collection Set: 0,5ms
[2021-05-23T15:58:11.572+0100][gc,phases    ] GC(1)   Other: 0,5ms
[2021-05-23T15:58:11.572+0100][gc,heap      ] GC(1) Eden regions: 22->0(50)
[2021-05-23T15:58:11.572+0100][gc,heap      ] GC(1) Survivor regions: 7->1(7)
[2021-05-23T15:58:11.572+0100][gc,heap      ] GC(1) Old regions: 2->9
[2021-05-23T15:58:11.572+0100][gc,heap      ] GC(1) Humongous regions: 0->0
[2021-05-23T15:58:11.572+0100][gc,metaspace ] GC(1) Metaspace: 20665K->20665K(1067008K)
[2021-05-23T15:58:11.572+0100][gc           ] GC(1) Pause Young (Concurrent Start) (Metadata GC Threshold) 29M->8M(1024M) 67,694ms
[2021-05-23T15:58:11.572+0100][gc,cpu       ] GC(1) User=0,04s Sys=0,09s Real=0,07s
[2021-05-23T15:58:11.572+0100][gc           ] GC(2) Concurrent Cycle
[2021-05-23T15:58:11.572+0100][gc,marking   ] GC(2) Concurrent Clear Claimed Marks
[2021-05-23T15:58:11.572+0100][gc,marking   ] GC(2) Concurrent Clear Claimed Marks 0,045ms
[2021-05-23T15:58:11.572+0100][gc,marking   ] GC(2) Concurrent Scan Root Regions
[2021-05-23T15:58:11.576+0100][gc,marking   ] GC(2) Concurrent Scan Root Regions 4,074ms
[2021-05-23T15:58:11.576+0100][gc,marking   ] GC(2) Concurrent Mark (4,357s)
[2021-05-23T15:58:11.576+0100][gc,marking   ] GC(2) Concurrent Mark From Roots
[2021-05-23T15:58:11.576+0100][gc,task      ] GC(2) Using 1 workers of 1 for marking
[2021-05-23T15:58:11.590+0100][gc,marking   ] GC(2) Concurrent Mark From Roots 13,611ms
[2021-05-23T15:58:11.590+0100][gc,marking   ] GC(2) Concurrent Preclean
[2021-05-23T15:58:11.590+0100][gc,marking   ] GC(2) Concurrent Preclean 0,100ms
[2021-05-23T15:58:11.590+0100][gc,marking   ] GC(2) Concurrent Mark (4,357s, 4,370s) 13,767ms
[2021-05-23T15:58:11.591+0100][gc,start     ] GC(2) Pause Remark
[2021-05-23T15:58:11.594+0100][gc,stringtable] GC(2) Cleaned string and symbol table, strings: 5123 processed, 0 removed, symbols: 49913 processed, 42 removed
[2021-05-23T15:58:11.595+0100][gc            ] GC(2) Pause Remark 8M->8M(1024M) 3,381ms
[2021-05-23T15:58:11.595+0100][gc,cpu        ] GC(2) User=0,01s Sys=0,00s Real=0,00s
[2021-05-23T15:58:11.595+0100][gc,marking    ] GC(2) Concurrent Rebuild Remembered Sets
[2021-05-23T15:58:11.600+0100][gc,marking    ] GC(2) Concurrent Rebuild Remembered Sets 5,637ms
[2021-05-23T15:58:11.601+0100][gc,start      ] GC(2) Pause Cleanup
[2021-05-23T15:58:11.602+0100][gc            ] GC(2) Pause Cleanup 8M->8M(1024M) 0,388ms
[2021-05-23T15:58:11.602+0100][gc,cpu        ] GC(2) User=0,00s Sys=0,00s Real=0,00s
[2021-05-23T15:58:11.602+0100][gc,marking    ] GC(2) Concurrent Cleanup for Next Mark
[2021-05-23T15:58:11.834+0100][gc,marking    ] GC(2) Concurrent Cleanup for Next Mark 232,101ms
[2021-05-23T15:58:11.834+0100][gc            ] GC(2) Concurrent Cycle 261,755ms
[2021-05-23T15:58:14.364+0100][gc,start      ] GC(3) Pause Young (Normal) (G1 Evacuation Pause)
[2021-05-23T15:58:14.364+0100][gc,task       ] GC(3) Using 2 workers of 2 for evacuation
[2021-05-23T15:58:14.376+0100][gc,phases     ] GC(3)   Pre Evacuate Collection Set: 0,0ms
[2021-05-23T15:58:14.376+0100][gc,phases     ] GC(3)   Evacuate Collection Set: 10,7ms
[2021-05-23T15:58:14.376+0100][gc,phases     ] GC(3)   Post Evacuate Collection Set: 1,5ms
[2021-05-23T15:58:14.376+0100][gc,phases     ] GC(3)   Other: 0,2ms
[2021-05-23T15:58:14.376+0100][gc,heap       ] GC(3) Eden regions: 50->0(46)
[2021-05-23T15:58:14.376+0100][gc,heap       ] GC(3) Survivor regions: 1->5(7)
[2021-05-23T15:58:14.376+0100][gc,heap       ] GC(3) Old regions: 9->9
[2021-05-23T15:58:14.376+0100][gc,heap       ] GC(3) Humongous regions: 129->129
[2021-05-23T15:58:14.376+0100][gc,metaspace  ] GC(3) Metaspace: 30159K->30159K(1077248K)
[2021-05-23T15:58:14.376+0100][gc            ] GC(3) Pause Young (Normal) (G1 Evacuation Pause) 187M->140M(1024M) 12,478ms
[2021-05-23T15:58:14.376+0100][gc,cpu        ] GC(3) User=0,02s Sys=0,00s Real=0,01s
[2021-05-23T15:58:15.294+0100][gc,start      ] GC(4) Pause Young (Concurrent Start) (Metadata GC Threshold)
[2021-05-23T15:58:15.294+0100][gc,task       ] GC(4) Using 2 workers of 2 for evacuation
[2021-05-23T15:58:15.336+0100][gc,mmu        ] GC(4) MMU target violated: 21,0ms (20,0ms/21,0ms)
[2021-05-23T15:58:15.337+0100][gc,phases     ] GC(4)   Pre Evacuate Collection Set: 0,3ms
[2021-05-23T15:58:15.337+0100][gc,phases     ] GC(4)   Evacuate Collection Set: 40,7ms
[2021-05-23T15:58:15.337+0100][gc,phases     ] GC(4)   Post Evacuate Collection Set: 0,6ms
[2021-05-23T15:58:15.337+0100][gc,phases     ] GC(4)   Other: 0,6ms
[2021-05-23T15:58:15.337+0100][gc,heap       ] GC(4) Eden regions: 22->0(49)
[2021-05-23T15:58:15.337+0100][gc,heap       ] GC(4) Survivor regions: 5->2(7)
[2021-05-23T15:58:15.337+0100][gc,heap       ] GC(4) Old regions: 9->13
[2021-05-23T15:58:15.337+0100][gc,heap       ] GC(4) Humongous regions: 129->129
[2021-05-23T15:58:15.337+0100][gc,metaspace  ] GC(4) Metaspace: 34589K->34589K(1081344K)
[2021-05-23T15:58:15.337+0100][gc            ] GC(4) Pause Young (Concurrent Start) (Metadata GC Threshold) 162M->141M(1024M) 42,296ms
[2021-05-23T15:58:15.337+0100][gc,cpu        ] GC(4) User=0,02s Sys=0,06s Real=0,04s
[2021-05-23T15:58:15.337+0100][gc            ] GC(5) Concurrent Cycle
[2021-05-23T15:58:15.337+0100][gc,marking    ] GC(5) Concurrent Clear Claimed Marks
[2021-05-23T15:58:15.337+0100][gc,marking    ] GC(5) Concurrent Clear Claimed Marks 0,091ms
[2021-05-23T15:58:15.337+0100][gc,marking    ] GC(5) Concurrent Scan Root Regions
[2021-05-23T15:58:15.339+0100][gc,marking    ] GC(5) Concurrent Scan Root Regions 2,092ms
[2021-05-23T15:58:15.339+0100][gc,marking    ] GC(5) Concurrent Mark (8,120s)
[2021-05-23T15:58:15.339+0100][gc,marking    ] GC(5) Concurrent Mark From Roots
[2021-05-23T15:58:15.339+0100][gc,task       ] GC(5) Using 1 workers of 1 for marking
[2021-05-23T15:58:15.394+0100][gc,marking    ] GC(5) Concurrent Mark From Roots 54,492ms
[2021-05-23T15:58:15.394+0100][gc,marking    ] GC(5) Concurrent Preclean
[2021-05-23T15:58:15.394+0100][gc,marking    ] GC(5) Concurrent Preclean 0,086ms
[2021-05-23T15:58:15.394+0100][gc,marking    ] GC(5) Concurrent Mark (8,120s, 8,175s) 54,724ms
[2021-05-23T15:58:15.404+0100][gc,start      ] GC(5) Pause Remark
[2021-05-23T15:58:15.409+0100][gc,stringtable] GC(5) Cleaned string and symbol table, strings: 10261 processed, 10 removed, symbols: 80779 processed, 9 removed
[2021-05-23T15:58:15.409+0100][gc            ] GC(5) Pause Remark 144M->144M(1024M) 5,116ms
[2021-05-23T15:58:15.409+0100][gc,cpu        ] GC(5) User=0,00s Sys=0,01s Real=0,00s
[2021-05-23T15:58:15.410+0100][gc,marking    ] GC(5) Concurrent Rebuild Remembered Sets
[2021-05-23T15:58:15.433+0100][gc,marking    ] GC(5) Concurrent Rebuild Remembered Sets 23,167ms
[2021-05-23T15:58:15.434+0100][gc,start      ] GC(5) Pause Cleanup
[2021-05-23T15:58:15.435+0100][gc            ] GC(5) Pause Cleanup 146M->146M(1024M) 1,378ms
[2021-05-23T15:58:15.435+0100][gc,cpu        ] GC(5) User=0,00s Sys=0,00s Real=0,00s
[2021-05-23T15:58:15.435+0100][gc,marking    ] GC(5) Concurrent Cleanup for Next Mark
[2021-05-23T15:58:15.865+0100][gc,marking    ] GC(5) Concurrent Cleanup for Next Mark 429,422ms
[2021-05-23T15:58:15.865+0100][gc            ] GC(5) Concurrent Cycle 527,741ms
[2021-05-23T15:59:44.234+0100][gc,start      ] GC(6) Pause Young (Concurrent Start) (G1 Evacuation Pause)
[2021-05-23T15:59:44.234+0100][gc,task       ] GC(6) Using 2 workers of 2 for evacuation
[2021-05-23T15:59:44.244+0100][gc,phases     ] GC(6)   Pre Evacuate Collection Set: 0,2ms
[2021-05-23T15:59:44.245+0100][gc,phases     ] GC(6)   Evacuate Collection Set: 8,0ms
[2021-05-23T15:59:44.245+0100][gc,phases     ] GC(6)   Post Evacuate Collection Set: 1,6ms
[2021-05-23T15:59:44.245+0100][gc,phases     ] GC(6)   Other: 0,2ms
[2021-05-23T15:59:44.245+0100][gc,heap       ] GC(6) Eden regions: 49->0(47)
[2021-05-23T15:59:44.245+0100][gc,heap       ] GC(6) Survivor regions: 2->4(7)
[2021-05-23T15:59:44.245+0100][gc,heap       ] GC(6) Old regions: 13->13
[2021-05-23T15:59:44.245+0100][gc,heap       ] GC(6) Humongous regions: 129->129
[2021-05-23T15:59:44.245+0100][gc,metaspace  ] GC(6) Metaspace: 40343K->40343K(1085440K)
[2021-05-23T15:59:44.245+0100][gc            ] GC(6) Pause Young (Concurrent Start) (G1 Evacuation Pause) 190M->144M(1024M) 10,380ms
[2021-05-23T15:59:44.245+0100][gc,cpu        ] GC(6) User=0,01s Sys=0,01s Real=0,01s
[2021-05-23T15:59:44.245+0100][gc            ] GC(7) Concurrent Cycle
[2021-05-23T15:59:44.245+0100][gc,marking    ] GC(7) Concurrent Clear Claimed Marks
[2021-05-23T15:59:44.245+0100][gc,marking    ] GC(7) Concurrent Clear Claimed Marks 0,169ms
[2021-05-23T15:59:44.245+0100][gc,marking    ] GC(7) Concurrent Scan Root Regions
[2021-05-23T15:59:44.251+0100][gc,marking    ] GC(7) Concurrent Scan Root Regions 5,487ms
[2021-05-23T15:59:44.251+0100][gc,marking    ] GC(7) Concurrent Mark (97,031s)
[2021-05-23T15:59:44.252+0100][gc,marking    ] GC(7) Concurrent Mark From Roots
[2021-05-23T15:59:44.252+0100][gc,task       ] GC(7) Using 1 workers of 1 for marking
[2021-05-23T15:59:44.292+0100][gc,marking    ] GC(7) Concurrent Mark From Roots 39,982ms
[2021-05-23T15:59:44.292+0100][gc,marking    ] GC(7) Concurrent Preclean
[2021-05-23T15:59:44.292+0100][gc,marking    ] GC(7) Concurrent Preclean 0,298ms
[2021-05-23T15:59:44.292+0100][gc,marking    ] GC(7) Concurrent Mark (97,031s, 97,072s) 41,296ms
[2021-05-23T15:59:44.296+0100][gc,start      ] GC(7) Pause Remark
[2021-05-23T15:59:44.307+0100][gc,stringtable] GC(7) Cleaned string and symbol table, strings: 11456 processed, 4 removed, symbols: 86308 processed, 3 removed
[2021-05-23T15:59:44.307+0100][gc            ] GC(7) Pause Remark 145M->145M(1024M) 11,364ms
[2021-05-23T15:59:44.307+0100][gc,cpu        ] GC(7) User=0,00s Sys=0,00s Real=0,01s
[2021-05-23T15:59:44.308+0100][gc,marking    ] GC(7) Concurrent Rebuild Remembered Sets
[2021-05-23T15:59:44.371+0100][gc,marking    ] GC(7) Concurrent Rebuild Remembered Sets 62,938ms
[2021-05-23T15:59:44.371+0100][gc,start      ] GC(7) Pause Cleanup
[2021-05-23T15:59:44.371+0100][gc            ] GC(7) Pause Cleanup 145M->145M(1024M) 0,139ms
[2021-05-23T15:59:44.371+0100][gc,cpu        ] GC(7) User=0,00s Sys=0,00s Real=0,00s
[2021-05-23T15:59:44.371+0100][gc,marking    ] GC(7) Concurrent Cleanup for Next Mark
[2021-05-23T15:59:44.373+0100][gc,marking    ] GC(7) Concurrent Cleanup for Next Mark 1,601ms
[2021-05-23T15:59:44.373+0100][gc            ] GC(7) Concurrent Cycle 127,697ms
[2021-05-23T16:18:51.538+0100][gc,start      ] GC(8) Pause Young (Normal) (G1 Evacuation Pause)
[2021-05-23T16:18:51.538+0100][gc,task       ] GC(8) Using 2 workers of 2 for evacuation
[2021-05-23T16:18:51.564+0100][gc,mmu        ] GC(8) MMU target violated: 21,0ms (20,0ms/21,0ms)
[2021-05-23T16:18:51.566+0100][gc,phases     ] GC(8)   Pre Evacuate Collection Set: 0,0ms
[2021-05-23T16:18:51.568+0100][gc,phases     ] GC(8)   Evacuate Collection Set: 25,1ms
[2021-05-23T16:18:51.568+0100][gc,phases     ] GC(8)   Post Evacuate Collection Set: 0,7ms
[2021-05-23T16:18:51.568+0100][gc,phases     ] GC(8)   Other: 1,8ms
[2021-05-23T16:18:51.568+0100][gc,heap       ] GC(8) Eden regions: 47->0(46)
[2021-05-23T16:18:51.568+0100][gc,heap       ] GC(8) Survivor regions: 4->5(7)
[2021-05-23T16:18:51.568+0100][gc,heap       ] GC(8) Old regions: 13->14
[2021-05-23T16:18:51.568+0100][gc,heap       ] GC(8) Humongous regions: 129->129
[2021-05-23T16:18:51.568+0100][gc,metaspace  ] GC(8) Metaspace: 41295K->41295K(1087488K)
[2021-05-23T16:18:51.568+0100][gc            ] GC(8) Pause Young (Normal) (G1 Evacuation Pause) 191M->146M(1024M) 29,630ms
[2021-05-23T16:18:51.568+0100][gc,cpu        ] GC(8) User=0,01s Sys=0,00s Real=0,03s
[2021-05-23T17:05:22.213+0100][gc,heap,exit  ] Heap
[2021-05-23T17:05:22.213+0100][gc,heap,exit  ]  garbage-first heap   total 1048576K, used 190476K [0x00000000c0000000, 0x0000000100000000)
[2021-05-23T17:05:22.213+0100][gc,heap,exit  ]   region size 1024K, 47 young (48128K), 5 survivors (5120K)
[2021-05-23T17:05:22.213+0100][gc,heap,exit  ]  Metaspace       used 42137K, capacity 44284K, committed 44464K, reserved 1087488K
[2021-05-23T17:05:22.213+0100][gc,heap,exit  ]   class space    used 5192K, capacity 6250K, committed 6320K, reserved 1048576K
