[2021-05-24T09:29:58.344+0100][gc,heap] Heap region size: 1M
[2021-05-24T09:29:58.361+0100][gc     ] Using G1
[2021-05-24T09:29:58.361+0100][gc,heap,coops] Heap address: 0x00000000c0000000, size: 1024 MB, Compressed Oops mode: 32-bit
[2021-05-24T09:29:58.361+0100][gc,cds       ] Mark closed archive regions in map: [0x00000000fff00000, 0x00000000fff6aff8]
[2021-05-24T09:29:58.361+0100][gc,cds       ] Mark open archive regions in map: [0x00000000ffe00000, 0x00000000ffe46ff8]
[2021-05-24T09:30:00.213+0100][gc,start     ] GC(0) Pause Young (Normal) (G1 Evacuation Pause)
[2021-05-24T09:30:00.214+0100][gc,task      ] GC(0) Using 2 workers of 2 for evacuation
[2021-05-24T09:30:00.237+0100][gc,mmu       ] GC(0) MMU target violated: 21,0ms (20,0ms/21,0ms)
[2021-05-24T09:30:00.237+0100][gc,phases    ] GC(0)   Pre Evacuate Collection Set: 0,0ms
[2021-05-24T09:30:00.237+0100][gc,phases    ] GC(0)   Evacuate Collection Set: 22,4ms
[2021-05-24T09:30:00.237+0100][gc,phases    ] GC(0)   Post Evacuate Collection Set: 0,8ms
[2021-05-24T09:30:00.237+0100][gc,phases    ] GC(0)   Other: 1,2ms
[2021-05-24T09:30:00.237+0100][gc,heap      ] GC(0) Eden regions: 51->0(44)
[2021-05-24T09:30:00.237+0100][gc,heap      ] GC(0) Survivor regions: 0->7(7)
[2021-05-24T09:30:00.237+0100][gc,heap      ] GC(0) Old regions: 2->2
[2021-05-24T09:30:00.237+0100][gc,heap      ] GC(0) Humongous regions: 0->0
[2021-05-24T09:30:00.237+0100][gc,metaspace ] GC(0) Metaspace: 15727K->15727K(1062912K)
[2021-05-24T09:30:00.237+0100][gc           ] GC(0) Pause Young (Normal) (G1 Evacuation Pause) 51M->7M(1024M) 24,474ms
[2021-05-24T09:30:00.237+0100][gc,cpu       ] GC(0) User=0,01s Sys=0,02s Real=0,03s
[2021-05-24T09:30:00.727+0100][gc,start     ] GC(1) Pause Young (Concurrent Start) (Metadata GC Threshold)
[2021-05-24T09:30:00.727+0100][gc,task      ] GC(1) Using 2 workers of 2 for evacuation
[2021-05-24T09:30:00.750+0100][gc,mmu       ] GC(1) MMU target violated: 21,0ms (20,0ms/21,0ms)
[2021-05-24T09:30:00.750+0100][gc,phases    ] GC(1)   Pre Evacuate Collection Set: 0,1ms
[2021-05-24T09:30:00.750+0100][gc,phases    ] GC(1)   Evacuate Collection Set: 20,8ms
[2021-05-24T09:30:00.750+0100][gc,phases    ] GC(1)   Post Evacuate Collection Set: 0,7ms
[2021-05-24T09:30:00.750+0100][gc,phases    ] GC(1)   Other: 0,9ms
[2021-05-24T09:30:00.750+0100][gc,heap      ] GC(1) Eden regions: 19->0(50)
[2021-05-24T09:30:00.750+0100][gc,heap      ] GC(1) Survivor regions: 7->1(7)
[2021-05-24T09:30:00.750+0100][gc,heap      ] GC(1) Old regions: 2->9
[2021-05-24T09:30:00.750+0100][gc,heap      ] GC(1) Humongous regions: 0->0
[2021-05-24T09:30:00.750+0100][gc,metaspace ] GC(1) Metaspace: 20574K->20574K(1067008K)
[2021-05-24T09:30:00.750+0100][gc           ] GC(1) Pause Young (Concurrent Start) (Metadata GC Threshold) 25M->7M(1024M) 22,600ms
[2021-05-24T09:30:00.750+0100][gc,cpu       ] GC(1) User=0,01s Sys=0,01s Real=0,03s
[2021-05-24T09:30:00.750+0100][gc           ] GC(2) Concurrent Cycle
[2021-05-24T09:30:00.750+0100][gc,marking   ] GC(2) Concurrent Clear Claimed Marks
[2021-05-24T09:30:00.750+0100][gc,marking   ] GC(2) Concurrent Clear Claimed Marks 0,178ms
[2021-05-24T09:30:00.750+0100][gc,marking   ] GC(2) Concurrent Scan Root Regions
[2021-05-24T09:30:00.752+0100][gc,marking   ] GC(2) Concurrent Scan Root Regions 1,284ms
[2021-05-24T09:30:00.752+0100][gc,marking   ] GC(2) Concurrent Mark (2,420s)
[2021-05-24T09:30:00.752+0100][gc,marking   ] GC(2) Concurrent Mark From Roots
[2021-05-24T09:30:00.752+0100][gc,task      ] GC(2) Using 1 workers of 1 for marking
[2021-05-24T09:30:00.783+0100][gc,marking   ] GC(2) Concurrent Mark From Roots 30,889ms
[2021-05-24T09:30:00.783+0100][gc,marking   ] GC(2) Concurrent Preclean
[2021-05-24T09:30:00.783+0100][gc,marking   ] GC(2) Concurrent Preclean 0,076ms
[2021-05-24T09:30:00.783+0100][gc,marking   ] GC(2) Concurrent Mark (2,420s, 2,451s) 31,022ms
[2021-05-24T09:30:00.784+0100][gc,start     ] GC(2) Pause Remark
[2021-05-24T09:30:00.790+0100][gc,stringtable] GC(2) Cleaned string and symbol table, strings: 5119 processed, 0 removed, symbols: 49882 processed, 43 removed
[2021-05-24T09:30:00.791+0100][gc            ] GC(2) Pause Remark 9M->9M(1024M) 7,035ms
[2021-05-24T09:30:00.791+0100][gc,cpu        ] GC(2) User=0,00s Sys=0,01s Real=0,01s
[2021-05-24T09:30:00.791+0100][gc,marking    ] GC(2) Concurrent Rebuild Remembered Sets
[2021-05-24T09:30:00.806+0100][gc,marking    ] GC(2) Concurrent Rebuild Remembered Sets 15,302ms
[2021-05-24T09:30:00.807+0100][gc,start      ] GC(2) Pause Cleanup
[2021-05-24T09:30:00.808+0100][gc            ] GC(2) Pause Cleanup 9M->9M(1024M) 0,741ms
[2021-05-24T09:30:00.808+0100][gc,cpu        ] GC(2) User=0,00s Sys=0,00s Real=0,00s
[2021-05-24T09:30:00.808+0100][gc,marking    ] GC(2) Concurrent Cleanup for Next Mark
[2021-05-24T09:30:00.830+0100][gc,marking    ] GC(2) Concurrent Cleanup for Next Mark 21,927ms
[2021-05-24T09:30:00.830+0100][gc            ] GC(2) Concurrent Cycle 79,728ms
[2021-05-24T09:30:02.127+0100][gc,start      ] GC(3) Pause Young (Normal) (G1 Evacuation Pause)
[2021-05-24T09:30:02.127+0100][gc,task       ] GC(3) Using 2 workers of 2 for evacuation
[2021-05-24T09:30:02.136+0100][gc,phases     ] GC(3)   Pre Evacuate Collection Set: 0,0ms
[2021-05-24T09:30:02.136+0100][gc,phases     ] GC(3)   Evacuate Collection Set: 7,5ms
[2021-05-24T09:30:02.136+0100][gc,phases     ] GC(3)   Post Evacuate Collection Set: 1,1ms
[2021-05-24T09:30:02.136+0100][gc,phases     ] GC(3)   Other: 0,4ms
[2021-05-24T09:30:02.136+0100][gc,heap       ] GC(3) Eden regions: 50->0(46)
[2021-05-24T09:30:02.136+0100][gc,heap       ] GC(3) Survivor regions: 1->5(7)
[2021-05-24T09:30:02.136+0100][gc,heap       ] GC(3) Old regions: 9->9
[2021-05-24T09:30:02.136+0100][gc,heap       ] GC(3) Humongous regions: 129->129
[2021-05-24T09:30:02.136+0100][gc,metaspace  ] GC(3) Metaspace: 30193K->30193K(1077248K)
[2021-05-24T09:30:02.136+0100][gc            ] GC(3) Pause Young (Normal) (G1 Evacuation Pause) 186M->140M(1024M) 9,341ms
[2021-05-24T09:30:02.136+0100][gc,cpu        ] GC(3) User=0,01s Sys=0,00s Real=0,01s
[2021-05-24T09:44:24.782+0100][gc,start      ] GC(4) Pause Young (Concurrent Start) (Metadata GC Threshold)
[2021-05-24T09:44:24.783+0100][gc,task       ] GC(4) Using 2 workers of 2 for evacuation
[2021-05-24T09:44:25.268+0100][gc,mmu        ] GC(4) MMU target violated: 21,0ms (20,0ms/21,0ms)
[2021-05-24T09:44:25.269+0100][gc,phases     ] GC(4)   Pre Evacuate Collection Set: 0,1ms
[2021-05-24T09:44:25.269+0100][gc,phases     ] GC(4)   Evacuate Collection Set: 474,2ms
[2021-05-24T09:44:25.270+0100][gc,phases     ] GC(4)   Post Evacuate Collection Set: 9,8ms
[2021-05-24T09:44:25.270+0100][gc,phases     ] GC(4)   Other: 1,6ms
[2021-05-24T09:44:25.270+0100][gc,heap       ] GC(4) Eden regions: 29->0(49)
[2021-05-24T09:44:25.270+0100][gc,heap       ] GC(4) Survivor regions: 5->2(7)
[2021-05-24T09:44:25.270+0100][gc,heap       ] GC(4) Old regions: 9->13
[2021-05-24T09:44:25.270+0100][gc,heap       ] GC(4) Humongous regions: 129->129
[2021-05-24T09:44:25.270+0100][gc,metaspace  ] GC(4) Metaspace: 34812K->34812K(1081344K)
[2021-05-24T09:44:25.271+0100][gc            ] GC(4) Pause Young (Concurrent Start) (Metadata GC Threshold) 169M->141M(1024M) 488,635ms
[2021-05-24T09:44:25.271+0100][gc,cpu        ] GC(4) User=0,03s Sys=0,03s Real=0,49s
[2021-05-24T09:44:25.281+0100][gc            ] GC(5) Concurrent Cycle
[2021-05-24T09:44:25.281+0100][gc,marking    ] GC(5) Concurrent Clear Claimed Marks
[2021-05-24T09:44:25.281+0100][gc,marking    ] GC(5) Concurrent Clear Claimed Marks 0,135ms
[2021-05-24T09:44:25.281+0100][gc,marking    ] GC(5) Concurrent Scan Root Regions
[2021-05-24T09:44:25.284+0100][gc,marking    ] GC(5) Concurrent Scan Root Regions 3,180ms
[2021-05-24T09:44:25.284+0100][gc,marking    ] GC(5) Concurrent Mark (866,953s)
[2021-05-24T09:44:25.284+0100][gc,marking    ] GC(5) Concurrent Mark From Roots
[2021-05-24T09:44:25.284+0100][gc,task       ] GC(5) Using 1 workers of 1 for marking
[2021-05-24T09:44:26.402+0100][gc,marking    ] GC(5) Concurrent Mark From Roots 1117,715ms
[2021-05-24T09:44:26.402+0100][gc,marking    ] GC(5) Concurrent Preclean
[2021-05-24T09:44:26.402+0100][gc,marking    ] GC(5) Concurrent Preclean 0,130ms
[2021-05-24T09:44:26.402+0100][gc,marking    ] GC(5) Concurrent Mark (866,953s, 868,071s) 1118,060ms
[2021-05-24T09:44:26.406+0100][gc,start      ] GC(5) Pause Remark
[2021-05-24T09:44:26.462+0100][gc,stringtable] GC(5) Cleaned string and symbol table, strings: 10340 processed, 24 removed, symbols: 81242 processed, 9 removed
[2021-05-24T09:44:26.470+0100][gc,mmu        ] GC(5) MMU target violated: 21,0ms (20,0ms/21,0ms)
[2021-05-24T09:44:26.470+0100][gc            ] GC(5) Pause Remark 144M->144M(1024M) 63,698ms
[2021-05-24T09:44:26.470+0100][gc,cpu        ] GC(5) User=0,01s Sys=0,00s Real=0,07s
[2021-05-24T09:44:26.470+0100][gc,marking    ] GC(5) Concurrent Rebuild Remembered Sets
[2021-05-24T09:44:26.590+0100][gc,marking    ] GC(5) Concurrent Rebuild Remembered Sets 119,955ms
[2021-05-24T09:44:26.604+0100][gc,start      ] GC(5) Pause Cleanup
[2021-05-24T09:44:26.611+0100][gc            ] GC(5) Pause Cleanup 144M->144M(1024M) 7,076ms
[2021-05-24T09:44:26.611+0100][gc,cpu        ] GC(5) User=0,00s Sys=0,00s Real=0,01s
[2021-05-24T09:44:26.611+0100][gc,marking    ] GC(5) Concurrent Cleanup for Next Mark
[2021-05-24T09:44:26.788+0100][gc,marking    ] GC(5) Concurrent Cleanup for Next Mark 176,529ms
[2021-05-24T09:44:26.788+0100][gc            ] GC(5) Concurrent Cycle 1506,692ms
[2021-05-24T09:44:32.806+0100][gc,heap,exit  ] Heap
[2021-05-24T09:44:32.806+0100][gc,heap,exit  ]  garbage-first heap   total 1048576K, used 153267K [0x00000000c0000000, 0x0000000100000000)
[2021-05-24T09:44:32.806+0100][gc,heap,exit  ]   region size 1024K, 11 young (11264K), 2 survivors (2048K)
[2021-05-24T09:44:32.806+0100][gc,heap,exit  ]  Metaspace       used 35498K, capacity 36761K, committed 36988K, reserved 1081344K
[2021-05-24T09:44:32.806+0100][gc,heap,exit  ]   class space    used 4088K, capacity 4670K, committed 4732K, reserved 1048576K
