[2021-05-23T23:59:00.972+0100][gc,heap] Heap region size: 1M
[2021-05-23T23:59:00.984+0100][gc     ] Using G1
[2021-05-23T23:59:00.985+0100][gc,heap,coops] Heap address: 0x00000000c0000000, size: 1024 MB, Compressed Oops mode: 32-bit
[2021-05-23T23:59:00.985+0100][gc,cds       ] Mark closed archive regions in map: [0x00000000fff00000, 0x00000000fff6aff8]
[2021-05-23T23:59:00.985+0100][gc,cds       ] Mark open archive regions in map: [0x00000000ffe00000, 0x00000000ffe46ff8]
[2021-05-23T23:59:03.152+0100][gc,start     ] GC(0) Pause Young (Normal) (G1 Evacuation Pause)
[2021-05-23T23:59:03.153+0100][gc,task      ] GC(0) Using 2 workers of 2 for evacuation
[2021-05-23T23:59:03.169+0100][gc,phases    ] GC(0)   Pre Evacuate Collection Set: 0,0ms
[2021-05-23T23:59:03.169+0100][gc,phases    ] GC(0)   Evacuate Collection Set: 14,4ms
[2021-05-23T23:59:03.169+0100][gc,phases    ] GC(0)   Post Evacuate Collection Set: 0,9ms
[2021-05-23T23:59:03.169+0100][gc,phases    ] GC(0)   Other: 0,9ms
[2021-05-23T23:59:03.169+0100][gc,heap      ] GC(0) Eden regions: 51->0(44)
[2021-05-23T23:59:03.169+0100][gc,heap      ] GC(0) Survivor regions: 0->7(7)
[2021-05-23T23:59:03.169+0100][gc,heap      ] GC(0) Old regions: 2->2
[2021-05-23T23:59:03.169+0100][gc,heap      ] GC(0) Humongous regions: 0->0
[2021-05-23T23:59:03.169+0100][gc,metaspace ] GC(0) Metaspace: 15622K->15622K(1062912K)
[2021-05-23T23:59:03.169+0100][gc           ] GC(0) Pause Young (Normal) (G1 Evacuation Pause) 51M->7M(1024M) 16,968ms
[2021-05-23T23:59:03.169+0100][gc,cpu       ] GC(0) User=0,01s Sys=0,02s Real=0,01s
[2021-05-23T23:59:03.655+0100][gc,start     ] GC(1) Pause Young (Concurrent Start) (Metadata GC Threshold)
[2021-05-23T23:59:03.655+0100][gc,task      ] GC(1) Using 2 workers of 2 for evacuation
[2021-05-23T23:59:03.679+0100][gc,mmu       ] GC(1) MMU target violated: 21,0ms (20,0ms/21,0ms)
[2021-05-23T23:59:03.679+0100][gc,phases    ] GC(1)   Pre Evacuate Collection Set: 0,1ms
[2021-05-23T23:59:03.679+0100][gc,phases    ] GC(1)   Evacuate Collection Set: 21,4ms
[2021-05-23T23:59:03.679+0100][gc,phases    ] GC(1)   Post Evacuate Collection Set: 1,5ms
[2021-05-23T23:59:03.679+0100][gc,phases    ] GC(1)   Other: 0,5ms
[2021-05-23T23:59:03.679+0100][gc,heap      ] GC(1) Eden regions: 21->0(50)
[2021-05-23T23:59:03.679+0100][gc,heap      ] GC(1) Survivor regions: 7->1(7)
[2021-05-23T23:59:03.679+0100][gc,heap      ] GC(1) Old regions: 2->9
[2021-05-23T23:59:03.679+0100][gc,heap      ] GC(1) Humongous regions: 0->0
[2021-05-23T23:59:03.679+0100][gc,metaspace ] GC(1) Metaspace: 20559K->20559K(1067008K)
[2021-05-23T23:59:03.679+0100][gc           ] GC(1) Pause Young (Concurrent Start) (Metadata GC Threshold) 27M->7M(1024M) 23,595ms
[2021-05-23T23:59:03.679+0100][gc,cpu       ] GC(1) User=0,03s Sys=0,00s Real=0,02s
[2021-05-23T23:59:03.679+0100][gc           ] GC(2) Concurrent Cycle
[2021-05-23T23:59:03.679+0100][gc,marking   ] GC(2) Concurrent Clear Claimed Marks
[2021-05-23T23:59:03.679+0100][gc,marking   ] GC(2) Concurrent Clear Claimed Marks 0,048ms
[2021-05-23T23:59:03.679+0100][gc,marking   ] GC(2) Concurrent Scan Root Regions
[2021-05-23T23:59:03.687+0100][gc,marking   ] GC(2) Concurrent Scan Root Regions 7,659ms
[2021-05-23T23:59:03.687+0100][gc,marking   ] GC(2) Concurrent Mark (2,730s)
[2021-05-23T23:59:03.687+0100][gc,marking   ] GC(2) Concurrent Mark From Roots
[2021-05-23T23:59:03.687+0100][gc,task      ] GC(2) Using 1 workers of 1 for marking
[2021-05-23T23:59:03.708+0100][gc,marking   ] GC(2) Concurrent Mark From Roots 21,032ms
[2021-05-23T23:59:03.708+0100][gc,marking   ] GC(2) Concurrent Preclean
[2021-05-23T23:59:03.708+0100][gc,marking   ] GC(2) Concurrent Preclean 0,068ms
[2021-05-23T23:59:03.708+0100][gc,marking   ] GC(2) Concurrent Mark (2,730s, 2,751s) 21,151ms
[2021-05-23T23:59:03.709+0100][gc,start     ] GC(2) Pause Remark
[2021-05-23T23:59:03.715+0100][gc,stringtable] GC(2) Cleaned string and symbol table, strings: 5131 processed, 0 removed, symbols: 49869 processed, 42 removed
[2021-05-23T23:59:03.716+0100][gc            ] GC(2) Pause Remark 8M->8M(1024M) 6,377ms
[2021-05-23T23:59:03.716+0100][gc,cpu        ] GC(2) User=0,00s Sys=0,01s Real=0,01s
[2021-05-23T23:59:03.716+0100][gc,marking    ] GC(2) Concurrent Rebuild Remembered Sets
[2021-05-23T23:59:03.732+0100][gc,marking    ] GC(2) Concurrent Rebuild Remembered Sets 15,515ms
[2021-05-23T23:59:03.733+0100][gc,start      ] GC(2) Pause Cleanup
[2021-05-23T23:59:03.734+0100][gc            ] GC(2) Pause Cleanup 9M->9M(1024M) 0,682ms
[2021-05-23T23:59:03.734+0100][gc,cpu        ] GC(2) User=0,00s Sys=0,00s Real=0,00s
[2021-05-23T23:59:03.734+0100][gc,marking    ] GC(2) Concurrent Cleanup for Next Mark
[2021-05-23T23:59:03.753+0100][gc,marking    ] GC(2) Concurrent Cleanup for Next Mark 19,420ms
[2021-05-23T23:59:03.753+0100][gc            ] GC(2) Concurrent Cycle 74,187ms
[2021-05-23T23:59:05.665+0100][gc,start      ] GC(3) Pause Young (Normal) (G1 Evacuation Pause)
[2021-05-23T23:59:05.665+0100][gc,task       ] GC(3) Using 2 workers of 2 for evacuation
[2021-05-23T23:59:05.673+0100][gc,phases     ] GC(3)   Pre Evacuate Collection Set: 0,0ms
[2021-05-23T23:59:05.673+0100][gc,phases     ] GC(3)   Evacuate Collection Set: 5,5ms
[2021-05-23T23:59:05.673+0100][gc,phases     ] GC(3)   Post Evacuate Collection Set: 1,9ms
[2021-05-23T23:59:05.673+0100][gc,phases     ] GC(3)   Other: 0,4ms
[2021-05-23T23:59:05.673+0100][gc,heap       ] GC(3) Eden regions: 50->0(47)
[2021-05-23T23:59:05.673+0100][gc,heap       ] GC(3) Survivor regions: 1->4(7)
[2021-05-23T23:59:05.673+0100][gc,heap       ] GC(3) Old regions: 9->9
[2021-05-23T23:59:05.673+0100][gc,heap       ] GC(3) Humongous regions: 129->129
[2021-05-23T23:59:05.673+0100][gc,metaspace  ] GC(3) Metaspace: 28785K->28785K(1075200K)
[2021-05-23T23:59:05.673+0100][gc            ] GC(3) Pause Young (Normal) (G1 Evacuation Pause) 186M->139M(1024M) 7,865ms
[2021-05-23T23:59:05.673+0100][gc,cpu        ] GC(3) User=0,01s Sys=0,01s Real=0,01s
[2021-05-23T23:59:07.011+0100][gc,start      ] GC(4) Pause Young (Concurrent Start) (Metadata GC Threshold)
[2021-05-23T23:59:07.011+0100][gc,task       ] GC(4) Using 2 workers of 2 for evacuation
[2021-05-23T23:59:07.029+0100][gc,phases     ] GC(4)   Pre Evacuate Collection Set: 0,1ms
[2021-05-23T23:59:07.029+0100][gc,phases     ] GC(4)   Evacuate Collection Set: 16,9ms
[2021-05-23T23:59:07.029+0100][gc,phases     ] GC(4)   Post Evacuate Collection Set: 1,2ms
[2021-05-23T23:59:07.029+0100][gc,phases     ] GC(4)   Other: 0,3ms
[2021-05-23T23:59:07.029+0100][gc,heap       ] GC(4) Eden regions: 29->0(45)
[2021-05-23T23:59:07.029+0100][gc,heap       ] GC(4) Survivor regions: 4->6(7)
[2021-05-23T23:59:07.029+0100][gc,heap       ] GC(4) Old regions: 9->9
[2021-05-23T23:59:07.029+0100][gc,heap       ] GC(4) Humongous regions: 129->129
[2021-05-23T23:59:07.029+0100][gc,metaspace  ] GC(4) Metaspace: 34702K->34702K(1081344K)
[2021-05-23T23:59:07.029+0100][gc            ] GC(4) Pause Young (Concurrent Start) (Metadata GC Threshold) 167M->142M(1024M) 18,649ms
[2021-05-23T23:59:07.029+0100][gc,cpu        ] GC(4) User=0,02s Sys=0,00s Real=0,01s
[2021-05-23T23:59:07.030+0100][gc            ] GC(5) Concurrent Cycle
[2021-05-23T23:59:07.031+0100][gc,marking    ] GC(5) Concurrent Clear Claimed Marks
[2021-05-23T23:59:07.031+0100][gc,marking    ] GC(5) Concurrent Clear Claimed Marks 0,243ms
[2021-05-23T23:59:07.031+0100][gc,marking    ] GC(5) Concurrent Scan Root Regions
[2021-05-23T23:59:07.037+0100][gc,marking    ] GC(5) Concurrent Scan Root Regions 6,189ms
[2021-05-23T23:59:07.037+0100][gc,marking    ] GC(5) Concurrent Mark (6,080s)
[2021-05-23T23:59:07.037+0100][gc,marking    ] GC(5) Concurrent Mark From Roots
[2021-05-23T23:59:07.037+0100][gc,task       ] GC(5) Using 1 workers of 1 for marking
[2021-05-23T23:59:07.136+0100][gc,marking    ] GC(5) Concurrent Mark From Roots 98,809ms
[2021-05-23T23:59:07.136+0100][gc,marking    ] GC(5) Concurrent Preclean
[2021-05-23T23:59:07.136+0100][gc,marking    ] GC(5) Concurrent Preclean 0,062ms
[2021-05-23T23:59:07.136+0100][gc,marking    ] GC(5) Concurrent Mark (6,080s, 6,179s) 98,919ms
[2021-05-23T23:59:07.137+0100][gc,start      ] GC(5) Pause Remark
[2021-05-23T23:59:07.142+0100][gc,stringtable] GC(5) Cleaned string and symbol table, strings: 10345 processed, 10 removed, symbols: 81582 processed, 12 removed
[2021-05-23T23:59:07.143+0100][gc            ] GC(5) Pause Remark 144M->144M(1024M) 5,947ms
[2021-05-23T23:59:07.143+0100][gc,cpu        ] GC(5) User=0,00s Sys=0,00s Real=0,01s
[2021-05-23T23:59:07.144+0100][gc,marking    ] GC(5) Concurrent Rebuild Remembered Sets
[2021-05-23T23:59:07.159+0100][gc,marking    ] GC(5) Concurrent Rebuild Remembered Sets 15,361ms
[2021-05-23T23:59:07.167+0100][gc,start      ] GC(5) Pause Cleanup
[2021-05-23T23:59:07.167+0100][gc            ] GC(5) Pause Cleanup 145M->145M(1024M) 0,830ms
[2021-05-23T23:59:07.167+0100][gc,cpu        ] GC(5) User=0,00s Sys=0,00s Real=0,00s
[2021-05-23T23:59:07.168+0100][gc,marking    ] GC(5) Concurrent Cleanup for Next Mark
[2021-05-23T23:59:07.204+0100][gc,marking    ] GC(5) Concurrent Cleanup for Next Mark 36,716ms
[2021-05-23T23:59:07.204+0100][gc            ] GC(5) Concurrent Cycle 173,879ms
[2021-05-24T00:01:35.638+0100][gc,start      ] GC(6) Pause Young (Concurrent Start) (G1 Evacuation Pause)
[2021-05-24T00:01:35.639+0100][gc,task       ] GC(6) Using 2 workers of 2 for evacuation
[2021-05-24T00:01:35.658+0100][gc,phases     ] GC(6)   Pre Evacuate Collection Set: 0,2ms
[2021-05-24T00:01:35.658+0100][gc,phases     ] GC(6)   Evacuate Collection Set: 16,2ms
[2021-05-24T00:01:35.658+0100][gc,phases     ] GC(6)   Post Evacuate Collection Set: 2,1ms
[2021-05-24T00:01:35.658+0100][gc,phases     ] GC(6)   Other: 1,6ms
[2021-05-24T00:01:35.658+0100][gc,heap       ] GC(6) Eden regions: 45->0(46)
[2021-05-24T00:01:35.658+0100][gc,heap       ] GC(6) Survivor regions: 6->5(7)
[2021-05-24T00:01:35.658+0100][gc,heap       ] GC(6) Old regions: 9->13
[2021-05-24T00:01:35.658+0100][gc,heap       ] GC(6) Humongous regions: 129->129
[2021-05-24T00:01:35.658+0100][gc,metaspace  ] GC(6) Metaspace: 40763K->40763K(1087488K)
[2021-05-24T00:01:35.658+0100][gc            ] GC(6) Pause Young (Concurrent Start) (G1 Evacuation Pause) 187M->144M(1024M) 20,164ms
[2021-05-24T00:01:35.658+0100][gc,cpu        ] GC(6) User=0,02s Sys=0,01s Real=0,02s
[2021-05-24T00:01:35.659+0100][gc            ] GC(7) Concurrent Cycle
[2021-05-24T00:01:35.659+0100][gc,marking    ] GC(7) Concurrent Clear Claimed Marks
[2021-05-24T00:01:35.659+0100][gc,marking    ] GC(7) Concurrent Clear Claimed Marks 0,289ms
[2021-05-24T00:01:35.659+0100][gc,marking    ] GC(7) Concurrent Scan Root Regions
[2021-05-24T00:01:35.676+0100][gc,marking    ] GC(7) Concurrent Scan Root Regions 17,180ms
[2021-05-24T00:01:35.676+0100][gc,marking    ] GC(7) Concurrent Mark (154,720s)
[2021-05-24T00:01:35.676+0100][gc,marking    ] GC(7) Concurrent Mark From Roots
[2021-05-24T00:01:35.676+0100][gc,task       ] GC(7) Using 1 workers of 1 for marking
[2021-05-24T00:01:35.731+0100][gc,marking    ] GC(7) Concurrent Mark From Roots 55,206ms
[2021-05-24T00:01:35.732+0100][gc,marking    ] GC(7) Concurrent Preclean
[2021-05-24T00:01:35.732+0100][gc,marking    ] GC(7) Concurrent Preclean 0,111ms
[2021-05-24T00:01:35.732+0100][gc,marking    ] GC(7) Concurrent Mark (154,720s, 154,775s) 55,377ms
[2021-05-24T00:01:35.732+0100][gc,start      ] GC(7) Pause Remark
[2021-05-24T00:01:35.741+0100][gc,stringtable] GC(7) Cleaned string and symbol table, strings: 11489 processed, 4 removed, symbols: 86153 processed, 3 removed
[2021-05-24T00:01:35.741+0100][gc            ] GC(7) Pause Remark 145M->145M(1024M) 8,644ms
[2021-05-24T00:01:35.741+0100][gc,cpu        ] GC(7) User=0,00s Sys=0,01s Real=0,00s
[2021-05-24T00:01:35.742+0100][gc,marking    ] GC(7) Concurrent Rebuild Remembered Sets
[2021-05-24T00:01:35.757+0100][gc,marking    ] GC(7) Concurrent Rebuild Remembered Sets 14,902ms
[2021-05-24T00:01:35.757+0100][gc,start      ] GC(7) Pause Cleanup
[2021-05-24T00:01:35.758+0100][gc            ] GC(7) Pause Cleanup 145M->145M(1024M) 0,302ms
[2021-05-24T00:01:35.758+0100][gc,cpu        ] GC(7) User=0,00s Sys=0,00s Real=0,00s
[2021-05-24T00:01:35.758+0100][gc,marking    ] GC(7) Concurrent Cleanup for Next Mark
[2021-05-24T00:01:35.762+0100][gc,marking    ] GC(7) Concurrent Cleanup for Next Mark 3,801ms
[2021-05-24T00:01:35.762+0100][gc            ] GC(7) Concurrent Cycle 103,241ms
[2021-05-24T00:04:41.830+0100][gc,start      ] GC(8) Pause Young (Normal) (G1 Evacuation Pause)
[2021-05-24T00:04:41.830+0100][gc,task       ] GC(8) Using 2 workers of 2 for evacuation
[2021-05-24T00:04:41.843+0100][gc,phases     ] GC(8)   Pre Evacuate Collection Set: 0,1ms
[2021-05-24T00:04:41.843+0100][gc,phases     ] GC(8)   Evacuate Collection Set: 9,8ms
[2021-05-24T00:04:41.843+0100][gc,phases     ] GC(8)   Post Evacuate Collection Set: 2,0ms
[2021-05-24T00:04:41.843+0100][gc,phases     ] GC(8)   Other: 0,7ms
[2021-05-24T00:04:41.843+0100][gc,heap       ] GC(8) Eden regions: 46->0(47)
[2021-05-24T00:04:41.843+0100][gc,heap       ] GC(8) Survivor regions: 5->4(7)
[2021-05-24T00:04:41.843+0100][gc,heap       ] GC(8) Old regions: 13->15
[2021-05-24T00:04:41.843+0100][gc,heap       ] GC(8) Humongous regions: 129->129
[2021-05-24T00:04:41.843+0100][gc,metaspace  ] GC(8) Metaspace: 41377K->41377K(1087488K)
[2021-05-24T00:04:41.843+0100][gc            ] GC(8) Pause Young (Normal) (G1 Evacuation Pause) 190M->145M(1024M) 12,642ms
[2021-05-24T00:04:41.843+0100][gc,cpu        ] GC(8) User=0,01s Sys=0,01s Real=0,02s
[2021-05-24T00:10:50.403+0100][gc,start      ] GC(9) Pause Young (Normal) (G1 Evacuation Pause)
[2021-05-24T00:10:50.403+0100][gc,task       ] GC(9) Using 2 workers of 2 for evacuation
[2021-05-24T00:10:50.413+0100][gc,phases     ] GC(9)   Pre Evacuate Collection Set: 0,0ms
[2021-05-24T00:10:50.413+0100][gc,phases     ] GC(9)   Evacuate Collection Set: 8,9ms
[2021-05-24T00:10:50.413+0100][gc,phases     ] GC(9)   Post Evacuate Collection Set: 0,7ms
[2021-05-24T00:10:50.413+0100][gc,phases     ] GC(9)   Other: 0,5ms
[2021-05-24T00:10:50.413+0100][gc,heap       ] GC(9) Eden regions: 47->0(48)
[2021-05-24T00:10:50.413+0100][gc,heap       ] GC(9) Survivor regions: 4->3(7)
[2021-05-24T00:10:50.413+0100][gc,heap       ] GC(9) Old regions: 15->17
[2021-05-24T00:10:50.413+0100][gc,heap       ] GC(9) Humongous regions: 129->129
[2021-05-24T00:10:50.413+0100][gc,metaspace  ] GC(9) Metaspace: 41777K->41777K(1087488K)
[2021-05-24T00:10:50.413+0100][gc            ] GC(9) Pause Young (Normal) (G1 Evacuation Pause) 192M->146M(1024M) 10,270ms
[2021-05-24T00:10:50.413+0100][gc,cpu        ] GC(9) User=0,01s Sys=0,00s Real=0,01s
[2021-05-24T00:11:33.707+0100][gc,heap,exit  ] Heap
[2021-05-24T00:11:33.707+0100][gc,heap,exit  ]  garbage-first heap   total 1048576K, used 160243K [0x00000000c0000000, 0x0000000100000000)
[2021-05-24T00:11:33.707+0100][gc,heap,exit  ]   region size 1024K, 14 young (14336K), 3 survivors (3072K)
[2021-05-24T00:11:33.707+0100][gc,heap,exit  ]  Metaspace       used 42467K, capacity 44677K, committed 44876K, reserved 1087488K
[2021-05-24T00:11:33.707+0100][gc,heap,exit  ]   class space    used 5126K, capacity 6162K, committed 6220K, reserved 1048576K
