[2021-05-21T17:19:47.786+0100][gc,heap] Heap region size: 1M
[2021-05-21T17:19:47.803+0100][gc     ] Using G1
[2021-05-21T17:19:47.803+0100][gc,heap,coops] Heap address: 0x00000000e0000000, size: 512 MB, Compressed Oops mode: 32-bit
[2021-05-21T17:19:47.804+0100][gc,cds       ] Mark closed archive regions in map: [0x00000000fff00000, 0x00000000fff6aff8]
[2021-05-21T17:19:47.804+0100][gc,cds       ] Mark open archive regions in map: [0x00000000ffe00000, 0x00000000ffe46ff8]
[2021-05-21T17:19:54.906+0100][gc,start     ] GC(0) Pause Young (Normal) (G1 Evacuation Pause)
[2021-05-21T17:19:54.908+0100][gc,task      ] GC(0) Using 2 workers of 2 for evacuation
[2021-05-21T17:19:55.087+0100][gc,mmu       ] GC(0) MMU target violated: 21,0ms (20,0ms/21,0ms)
[2021-05-21T17:19:55.087+0100][gc,phases    ] GC(0)   Pre Evacuate Collection Set: 0,0ms
[2021-05-21T17:19:55.087+0100][gc,phases    ] GC(0)   Evacuate Collection Set: 177,6ms
[2021-05-21T17:19:55.087+0100][gc,phases    ] GC(0)   Post Evacuate Collection Set: 0,8ms
[2021-05-21T17:19:55.087+0100][gc,phases    ] GC(0)   Other: 2,6ms
[2021-05-21T17:19:55.087+0100][gc,heap      ] GC(0) Eden regions: 25->0(21)
[2021-05-21T17:19:55.087+0100][gc,heap      ] GC(0) Survivor regions: 0->4(4)
[2021-05-21T17:19:55.087+0100][gc,heap      ] GC(0) Old regions: 2->4
[2021-05-21T17:19:55.087+0100][gc,heap      ] GC(0) Humongous regions: 0->0
[2021-05-21T17:19:55.087+0100][gc,metaspace ] GC(0) Metaspace: 7786K->7786K(1056768K)
[2021-05-21T17:19:55.087+0100][gc           ] GC(0) Pause Young (Normal) (G1 Evacuation Pause) 25M->5M(512M) 181,133ms
[2021-05-21T17:19:55.087+0100][gc,cpu       ] GC(0) User=0,01s Sys=0,01s Real=0,21s
[2021-05-21T17:20:38.317+0100][gc,heap,exit ] Heap
[2021-05-21T17:20:38.317+0100][gc,heap,exit ]  garbage-first heap   total 524288K, used 12255K [0x00000000e0000000, 0x0000000100000000)
[2021-05-21T17:20:38.317+0100][gc,heap,exit ]   region size 1024K, 11 young (11264K), 4 survivors (4096K)
[2021-05-21T17:20:38.317+0100][gc,heap,exit ]  Metaspace       used 8389K, capacity 8793K, committed 8960K, reserved 1056768K
[2021-05-21T17:20:38.317+0100][gc,heap,exit ]   class space    used 908K, capacity 1017K, committed 1024K, reserved 1048576K
