[2021-05-21T18:29:45.624+0100][gc,heap] Heap region size: 1M
[2021-05-21T18:29:45.652+0100][gc     ] Using G1
[2021-05-21T18:29:45.652+0100][gc,heap,coops] Heap address: 0x00000000e0000000, size: 512 MB, Compressed Oops mode: 32-bit
[2021-05-21T18:29:45.652+0100][gc,cds       ] Mark closed archive regions in map: [0x00000000fff00000, 0x00000000fff6aff8]
[2021-05-21T18:29:45.652+0100][gc,cds       ] Mark open archive regions in map: [0x00000000ffe00000, 0x00000000ffe46ff8]
[2021-05-21T18:29:51.323+0100][gc,start     ] GC(0) Pause Young (Normal) (G1 Evacuation Pause)
[2021-05-21T18:29:51.332+0100][gc,task      ] GC(0) Using 2 workers of 2 for evacuation
[2021-05-21T18:29:51.371+0100][gc,mmu       ] GC(0) MMU target violated: 21,0ms (20,0ms/21,0ms)
[2021-05-21T18:29:51.371+0100][gc,phases    ] GC(0)   Pre Evacuate Collection Set: 0,0ms
[2021-05-21T18:29:51.371+0100][gc,phases    ] GC(0)   Evacuate Collection Set: 12,2ms
[2021-05-21T18:29:51.371+0100][gc,phases    ] GC(0)   Post Evacuate Collection Set: 27,0ms
[2021-05-21T18:29:51.371+0100][gc,phases    ] GC(0)   Other: 8,4ms
[2021-05-21T18:29:51.371+0100][gc,heap      ] GC(0) Eden regions: 25->0(21)
[2021-05-21T18:29:51.371+0100][gc,heap      ] GC(0) Survivor regions: 0->4(4)
[2021-05-21T18:29:51.371+0100][gc,heap      ] GC(0) Old regions: 2->4
[2021-05-21T18:29:51.371+0100][gc,heap      ] GC(0) Humongous regions: 0->0
[2021-05-21T18:29:51.371+0100][gc,metaspace ] GC(0) Metaspace: 7561K->7561K(1056768K)
[2021-05-21T18:29:51.371+0100][gc           ] GC(0) Pause Young (Normal) (G1 Evacuation Pause) 25M->6M(512M) 47,648ms
[2021-05-21T18:29:51.371+0100][gc,cpu       ] GC(0) User=0,00s Sys=0,03s Real=0,05s
[2021-05-21T18:30:27.540+0100][gc,heap,exit ] Heap
[2021-05-21T18:30:27.540+0100][gc,heap,exit ]  garbage-first heap   total 524288K, used 11355K [0x00000000e0000000, 0x0000000100000000)
[2021-05-21T18:30:27.540+0100][gc,heap,exit ]   region size 1024K, 10 young (10240K), 4 survivors (4096K)
[2021-05-21T18:30:27.540+0100][gc,heap,exit ]  Metaspace       used 8171K, capacity 8536K, committed 8704K, reserved 1056768K
[2021-05-21T18:30:27.540+0100][gc,heap,exit ]   class space    used 908K, capacity 1017K, committed 1024K, reserved 1048576K
